
-------------------------------------------------------
 T E S T S
-------------------------------------------------------
Running org.springframework.samples.petclinic.model.ValidatorTests
INFO  Version - HV000001: Hibernate Validator 5.2.2.Final
Tests run: 1, Failures: 0, Errors: 0, Skipped: 0, Time elapsed: 0.473 sec
Running org.springframework.samples.petclinic.service.ClinicServiceJdbcTests
INFO  DefaultTestContextBootstrapper - Loaded default TestExecutionListener class names from location [META-INF/spring.factories]: [org.springframework.test.context.web.ServletTestExecutionListener, org.springframework.test.context.support.DirtiesContextBeforeModesTestExecutionListener, org.springframework.test.context.support.DependencyInjectionTestExecutionListener, org.springframework.test.context.support.DirtiesContextTestExecutionListener, org.springframework.test.context.transaction.TransactionalTestExecutionListener, org.springframework.test.context.jdbc.SqlScriptsTestExecutionListener]
INFO  DefaultTestContextBootstrapper - Using TestExecutionListeners: [org.springframework.test.context.web.ServletTestExecutionListener@4efc180e, org.springframework.test.context.support.DirtiesContextBeforeModesTestExecutionListener@bd4dc25, org.springframework.test.context.support.DependencyInjectionTestExecutionListener@25084a1e, org.springframework.test.context.support.DirtiesContextTestExecutionListener@156b88f5, org.springframework.test.context.transaction.TransactionalTestExecutionListener@3bf9ce3e, org.springframework.test.context.jdbc.SqlScriptsTestExecutionListener@16610890]
INFO  XmlBeanDefinitionReader - Loading XML bean definitions from class path resource [spring/business-config.xml]
INFO  XmlBeanDefinitionReader - Loading XML bean definitions from class path resource [spring/datasource-config.xml]
INFO  GenericApplicationContext - Refreshing org.springframework.context.support.GenericApplicationContext@54bff557: startup date [Fri Jan 02 22:46:15 IST 2026]; root of context hierarchy
INFO  PropertyPlaceholderConfigurer - Loading properties file from class path resource [spring/data-access.properties]
INFO  PropertyPlaceholderConfigurer - Loading properties file from class path resource [spring/data-access.properties]
INFO  TransactionContext - Began transaction (1) for test context [DefaultTestContext@4593ff34 testClass = ClinicServiceJdbcTests, testInstance = org.springframework.samples.petclinic.service.ClinicServiceJdbcTests@37d3d232, testMethod = shouldAddNewVisitForPet@AbstractClinicServiceTests, testException = [null], mergedContextConfiguration = [MergedContextConfiguration@4dc8caa7 testClass = ClinicServiceJdbcTests, locations = '{classpath:spring/business-config.xml}', classes = '{}', contextInitializerClasses = '[]', activeProfiles = '{jdbc}', propertySourceLocations = '{}', propertySourceProperties = '{}', contextLoader = 'org.springframework.test.context.support.DelegatingSmartContextLoader', parent = [null]]]; transaction manager [org.springframework.jdbc.datasource.DataSourceTransactionManager@30c0ccff]; rollback [true]
INFO  TransactionContext - Rolled back transaction for test context [DefaultTestContext@4593ff34 testClass = ClinicServiceJdbcTests, testInstance = org.springframework.samples.petclinic.service.ClinicServiceJdbcTests@37d3d232, testMethod = shouldAddNewVisitForPet@AbstractClinicServiceTests, testException = [null], mergedContextConfiguration = [MergedContextConfiguration@4dc8caa7 testClass = ClinicServiceJdbcTests, locations = '{classpath:spring/business-config.xml}', classes = '{}', contextInitializerClasses = '[]', activeProfiles = '{jdbc}', propertySourceLocations = '{}', propertySourceProperties = '{}', contextLoader = 'org.springframework.test.context.support.DelegatingSmartContextLoader', parent = [null]]].
INFO  TransactionContext - Began transaction (1) for test context [DefaultTestContext@4593ff34 testClass = ClinicServiceJdbcTests, testInstance = org.springframework.samples.petclinic.service.ClinicServiceJdbcTests@10b3df93, testMethod = shouldUpdateOwner@AbstractClinicServiceTests, testException = [null], mergedContextConfiguration = [MergedContextConfiguration@4dc8caa7 testClass = ClinicServiceJdbcTests, locations = '{classpath:spring/business-config.xml}', classes = '{}', contextInitializerClasses = '[]', activeProfiles = '{jdbc}', propertySourceLocations = '{}', propertySourceProperties = '{}', contextLoader = 'org.springframework.test.context.support.DelegatingSmartContextLoader', parent = [null]]]; transaction manager [org.springframework.jdbc.datasource.DataSourceTransactionManager@30c0ccff]; rollback [true]
INFO  TransactionContext - Rolled back transaction for test context [DefaultTestContext@4593ff34 testClass = ClinicServiceJdbcTests, testInstance = org.springframework.samples.petclinic.service.ClinicServiceJdbcTests@10b3df93, testMethod = shouldUpdateOwner@AbstractClinicServiceTests, testException = [null], mergedContextConfiguration = [MergedContextConfiguration@4dc8caa7 testClass = ClinicServiceJdbcTests, locations = '{classpath:spring/business-config.xml}', classes = '{}', contextInitializerClasses = '[]', activeProfiles = '{jdbc}', propertySourceLocations = '{}', propertySourceProperties = '{}', contextLoader = 'org.springframework.test.context.support.DelegatingSmartContextLoader', parent = [null]]].
INFO  TransactionContext - Began transaction (1) for test context [DefaultTestContext@4593ff34 testClass = ClinicServiceJdbcTests, testInstance = org.springframework.samples.petclinic.service.ClinicServiceJdbcTests@6e9c413e, testMethod = shouldInsertPetIntoDatabaseAndGenerateId@AbstractClinicServiceTests, testException = [null], mergedContextConfiguration = [MergedContextConfiguration@4dc8caa7 testClass = ClinicServiceJdbcTests, locations = '{classpath:spring/business-config.xml}', classes = '{}', contextInitializerClasses = '[]', activeProfiles = '{jdbc}', propertySourceLocations = '{}', propertySourceProperties = '{}', contextLoader = 'org.springframework.test.context.support.DelegatingSmartContextLoader', parent = [null]]]; transaction manager [org.springframework.jdbc.datasource.DataSourceTransactionManager@30c0ccff]; rollback [true]
INFO  TransactionContext - Rolled back transaction for test context [DefaultTestContext@4593ff34 testClass = ClinicServiceJdbcTests, testInstance = org.springframework.samples.petclinic.service.ClinicServiceJdbcTests@6e9c413e, testMethod = shouldInsertPetIntoDatabaseAndGenerateId@AbstractClinicServiceTests, testException = [null], mergedContextConfiguration = [MergedContextConfiguration@4dc8caa7 testClass = ClinicServiceJdbcTests, locations = '{classpath:spring/business-config.xml}', classes = '{}', contextInitializerClasses = '[]', activeProfiles = '{jdbc}', propertySourceLocations = '{}', propertySourceProperties = '{}', contextLoader = 'org.springframework.test.context.support.DelegatingSmartContextLoader', parent = [null]]].
INFO  TransactionContext - Began transaction (1) for test context [DefaultTestContext@4593ff34 testClass = ClinicServiceJdbcTests, testInstance = org.springframework.samples.petclinic.service.ClinicServiceJdbcTests@13c612bd, testMethod = shouldInsertOwner@AbstractClinicServiceTests, testException = [null], mergedContextConfiguration = [MergedContextConfiguration@4dc8caa7 testClass = ClinicServiceJdbcTests, locations = '{classpath:spring/business-config.xml}', classes = '{}', contextInitializerClasses = '[]', activeProfiles = '{jdbc}', propertySourceLocations = '{}', propertySourceProperties = '{}', contextLoader = 'org.springframework.test.context.support.DelegatingSmartContextLoader', parent = [null]]]; transaction manager [org.springframework.jdbc.datasource.DataSourceTransactionManager@30c0ccff]; rollback [true]
INFO  TransactionContext - Rolled back transaction for test context [DefaultTestContext@4593ff34 testClass = ClinicServiceJdbcTests, testInstance = org.springframework.samples.petclinic.service.ClinicServiceJdbcTests@13c612bd, testMethod = shouldInsertOwner@AbstractClinicServiceTests, testException = [null], mergedContextConfiguration = [MergedContextConfiguration@4dc8caa7 testClass = ClinicServiceJdbcTests, locations = '{classpath:spring/business-config.xml}', classes = '{}', contextInitializerClasses = '[]', activeProfiles = '{jdbc}', propertySourceLocations = '{}', propertySourceProperties = '{}', contextLoader = 'org.springframework.test.context.support.DelegatingSmartContextLoader', parent = [null]]].
INFO  TransactionContext - Began transaction (1) for test context [DefaultTestContext@4593ff34 testClass = ClinicServiceJdbcTests, testInstance = org.springframework.samples.petclinic.service.ClinicServiceJdbcTests@49bd54f7, testMethod = shouldUpdatePetName@AbstractClinicServiceTests, testException = [null], mergedContextConfiguration = [MergedContextConfiguration@4dc8caa7 testClass = ClinicServiceJdbcTests, locations = '{classpath:spring/business-config.xml}', classes = '{}', contextInitializerClasses = '[]', activeProfiles = '{jdbc}', propertySourceLocations = '{}', propertySourceProperties = '{}', contextLoader = 'org.springframework.test.context.support.DelegatingSmartContextLoader', parent = [null]]]; transaction manager [org.springframework.jdbc.datasource.DataSourceTransactionManager@30c0ccff]; rollback [true]
INFO  TransactionContext - Rolled back transaction for test context [DefaultTestContext@4593ff34 testClass = ClinicServiceJdbcTests, testInstance = org.springframework.samples.petclinic.service.ClinicServiceJdbcTests@49bd54f7, testMethod = shouldUpdatePetName@AbstractClinicServiceTests, testException = [null], mergedContextConfiguration = [MergedContextConfiguration@4dc8caa7 testClass = ClinicServiceJdbcTests, locations = '{classpath:spring/business-config.xml}', classes = '{}', contextInitializerClasses = '[]', activeProfiles = '{jdbc}', propertySourceLocations = '{}', propertySourceProperties = '{}', contextLoader = 'org.springframework.test.context.support.DelegatingSmartContextLoader', parent = [null]]].
Tests run: 10, Failures: 1, Errors: 0, Skipped: 0, Time elapsed: 1.849 sec <<< FAILURE!
shouldFindSingleOwnerWithPet(org.springframework.samples.petclinic.service.ClinicServiceJdbcTests)  Time elapsed: 0.013 sec  <<< FAILURE!
java.lang.AssertionError: 
Expecting:
 <"Bloggs">
to start with:
 <"Franklin">

	at org.springframework.samples.petclinic.service.AbstractClinicServiceTests.shouldFindSingleOwnerWithPet(AbstractClinicServiceTests.java:70)
	at sun.reflect.NativeMethodAccessorImpl.invoke0(Native Method)
	at sun.reflect.NativeMethodAccessorImpl.invoke(NativeMethodAccessorImpl.java:62)
	at sun.reflect.DelegatingMethodAccessorImpl.invoke(DelegatingMethodAccessorImpl.java:43)
	at java.lang.reflect.Method.invoke(Method.java:498)
	at org.junit.runners.model.FrameworkMethod$1.runReflectiveCall(FrameworkMethod.java:50)
	at org.junit.internal.runners.model.ReflectiveCallable.run(ReflectiveCallable.java:12)
	at org.junit.runners.model.FrameworkMethod.invokeExplosively(FrameworkMethod.java:47)
	at org.junit.internal.runners.statements.InvokeMethod.evaluate(InvokeMethod.java:17)
	at org.springframework.test.context.junit4.statements.RunBeforeTestMethodCallbacks.evaluate(RunBeforeTestMethodCallbacks.java:75)
	at org.springframework.test.context.junit4.statements.RunAfterTestMethodCallbacks.evaluate(RunAfterTestMethodCallbacks.java:86)
	at org.springframework.test.context.junit4.statements.SpringRepeat.evaluate(SpringRepeat.java:84)
	at org.junit.runners.ParentRunner.runLeaf(ParentRunner.java:325)
	at org.springframework.test.context.junit4.SpringJUnit4ClassRunner.runChild(SpringJUnit4ClassRunner.java:254)
	at org.springframework.test.context.junit4.SpringJUnit4ClassRunner.runChild(SpringJUnit4ClassRunner.java:89)
	at org.junit.runners.ParentRunner$3.run(ParentRunner.java:290)
	at org.junit.runners.ParentRunner$1.schedule(ParentRunner.java:71)
	at org.junit.runners.ParentRunner.runChildren(ParentRunner.java:288)
	at org.junit.runners.ParentRunner.access$000(ParentRunner.java:58)
	at org.junit.runners.ParentRunner$2.evaluate(ParentRunner.java:268)
	at org.springframework.test.context.junit4.statements.RunBeforeTestClassCallbacks.evaluate(RunBeforeTestClassCallbacks.java:61)
	at org.springframework.test.context.junit4.statements.RunAfterTestClassCallbacks.evaluate(RunAfterTestClassCallbacks.java:70)
	at org.junit.runners.ParentRunner.run(ParentRunner.java:363)
	at org.springframework.test.context.junit4.SpringJUnit4ClassRunner.run(SpringJUnit4ClassRunner.java:193)
	at org.apache.maven.surefire.junit4.JUnit4Provider.execute(JUnit4Provider.java:264)
	at org.apache.maven.surefire.junit4.JUnit4Provider.executeTestSet(JUnit4Provider.java:153)
	at org.apache.maven.surefire.junit4.JUnit4Provider.invoke(JUnit4Provider.java:124)
	at sun.reflect.NativeMethodAccessorImpl.invoke0(Native Method)
	at sun.reflect.NativeMethodAccessorImpl.invoke(NativeMethodAccessorImpl.java:62)
	at sun.reflect.DelegatingMethodAccessorImpl.invoke(DelegatingMethodAccessorImpl.java:43)
	at java.lang.reflect.Method.invoke(Method.java:498)
	at org.apache.maven.surefire.util.ReflectionUtils.invokeMethodWithArray2(ReflectionUtils.java:208)
	at org.apache.maven.surefire.booter.ProviderFactory$ProviderProxy.invoke(ProviderFactory.java:158)
	at org.apache.maven.surefire.booter.ProviderFactory.invokeProvider(ProviderFactory.java:86)
	at org.apache.maven.surefire.booter.ForkedBooter.runSuitesInProcess(ForkedBooter.java:153)
	at org.apache.maven.surefire.booter.ForkedBooter.main(ForkedBooter.java:95)

Running org.springframework.samples.petclinic.service.ClinicServiceJpaTests
INFO  DefaultTestContextBootstrapper - Loaded default TestExecutionListener class names from location [META-INF/spring.factories]: [org.springframework.test.context.web.ServletTestExecutionListener, org.springframework.test.context.support.DirtiesContextBeforeModesTestExecutionListener, org.springframework.test.context.support.DependencyInjectionTestExecutionListener, org.springframework.test.context.support.DirtiesContextTestExecutionListener, org.springframework.test.context.transaction.TransactionalTestExecutionListener, org.springframework.test.context.jdbc.SqlScriptsTestExecutionListener]
INFO  DefaultTestContextBootstrapper - Using TestExecutionListeners: [org.springframework.test.context.web.ServletTestExecutionListener@36b6964d, org.springframework.test.context.support.DirtiesContextBeforeModesTestExecutionListener@31198ceb, org.springframework.test.context.support.DependencyInjectionTestExecutionListener@9257031, org.springframework.test.context.support.DirtiesContextTestExecutionListener@75201592, org.springframework.test.context.transaction.TransactionalTestExecutionListener@7726e185, org.springframework.test.context.jdbc.SqlScriptsTestExecutionListener@aa5455e]
INFO  XmlBeanDefinitionReader - Loading XML bean definitions from class path resource [spring/business-config.xml]
INFO  XmlBeanDefinitionReader - Loading XML bean definitions from class path resource [spring/datasource-config.xml]
INFO  GenericApplicationContext - Refreshing org.springframework.context.support.GenericApplicationContext@282308c3: startup date [Fri Jan 02 22:46:16 IST 2026]; root of context hierarchy
INFO  PropertyPlaceholderConfigurer - Loading properties file from class path resource [spring/data-access.properties]
INFO  PropertyPlaceholderConfigurer - Loading properties file from class path resource [spring/data-access.properties]
INFO  LocalContainerEntityManagerFactoryBean - Building JPA container EntityManagerFactory for persistence unit 'petclinic'
INFO  LogHelper - HHH000204: Processing PersistenceUnitInfo [
	name: petclinic
	...]
INFO  Version - HHH000412: Hibernate Core {4.3.11.Final}
INFO  Environment - HHH000206: hibernate.properties not found
INFO  Environment - HHH000021: Bytecode provider name : javassist
INFO  Version - HCANN000001: Hibernate Commons Annotations {4.0.5.Final}
INFO  Dialect - HHH000400: Using dialect: org.hibernate.dialect.PostgreSQLDialect
INFO  LobCreatorBuilder - HHH000424: Disabling contextual LOB creation as createClob() method threw error : java.lang.reflect.InvocationTargetException
INFO  ASTQueryTranslatorFactory - HHH000397: Using ASTQueryTranslatorFactory
Hibernate: select distinct vet0_.id as id1_5_0_, specialty2_.id as id1_2_1_, vet0_.first_name as first_na2_5_0_, vet0_.last_name as last_nam3_5_0_, specialty2_.name as name2_2_1_, specialtie1_.vet_id as vet_id1_5_0__, specialtie1_.specialty_id as specialt2_4_0__ from vets vet0_ left outer join vet_specialties specialtie1_ on vet0_.id=specialtie1_.vet_id left outer join specialties specialty2_ on specialtie1_.specialty_id=specialty2_.id order by vet0_.last_name, vet0_.first_name
Hibernate: select distinct owner0_.id as id1_0_0_, pets1_.id as id1_1_1_, owner0_.first_name as first_na2_0_0_, owner0_.last_name as last_nam3_0_0_, owner0_.address as address4_0_0_, owner0_.city as city5_0_0_, owner0_.telephone as telephon6_0_0_, pets1_.name as name2_1_1_, pets1_.birth_date as birth_da3_1_1_, pets1_.owner_id as owner_id4_1_1_, pets1_.type_id as type_id5_1_1_, pets1_.owner_id as owner_id4_0_0__, pets1_.id as id1_1_0__ from owners owner0_ left outer join pets pets1_ on owner0_.id=pets1_.owner_id where owner0_.last_name like ?
Hibernate: select pettype0_.id as id1_3_0_, pettype0_.name as name2_3_0_ from types pettype0_ where pettype0_.id=?
Hibernate: select pettype0_.id as id1_3_0_, pettype0_.name as name2_3_0_ from types pettype0_ where pettype0_.id=?
Hibernate: select visits0_.pet_id as pet_id4_1_0_, visits0_.id as id1_6_0_, visits0_.id as id1_6_1_, visits0_.visit_date as visit_da2_6_1_, visits0_.description as descript3_6_1_, visits0_.pet_id as pet_id4_6_1_ from visits visits0_ where visits0_.pet_id=?
Hibernate: select visits0_.pet_id as pet_id4_1_0_, visits0_.id as id1_6_0_, visits0_.id as id1_6_1_, visits0_.visit_date as visit_da2_6_1_, visits0_.description as descript3_6_1_, visits0_.pet_id as pet_id4_6_1_ from visits visits0_ where visits0_.pet_id=?
Hibernate: select distinct owner0_.id as id1_0_0_, pets1_.id as id1_1_1_, owner0_.first_name as first_na2_0_0_, owner0_.last_name as last_nam3_0_0_, owner0_.address as address4_0_0_, owner0_.city as city5_0_0_, owner0_.telephone as telephon6_0_0_, pets1_.name as name2_1_1_, pets1_.birth_date as birth_da3_1_1_, pets1_.owner_id as owner_id4_1_1_, pets1_.type_id as type_id5_1_1_, pets1_.owner_id as owner_id4_0_0__, pets1_.id as id1_1_0__ from owners owner0_ left outer join pets pets1_ on owner0_.id=pets1_.owner_id where owner0_.last_name like ?
INFO  TransactionContext - Began transaction (1) for test context [DefaultTestContext@10b4e7f8 testClass = ClinicServiceJpaTests, testInstance = org.springframework.samples.petclinic.service.ClinicServiceJpaTests@75023c53, testMethod = shouldAddNewVisitForPet@AbstractClinicServiceTests, testException = [null], mergedContextConfiguration = [MergedContextConfiguration@3468ee6e testClass = ClinicServiceJpaTests, locations = '{classpath:spring/business-config.xml}', classes = '{}', contextInitializerClasses = '[]', activeProfiles = '{jpa}', propertySourceLocations = '{}', propertySourceProperties = '{}', contextLoader = 'org.springframework.test.context.support.DelegatingSmartContextLoader', parent = [null]]]; transaction manager [org.springframework.orm.jpa.JpaTransactionManager@66813e6e]; rollback [true]
Hibernate: select pet0_.id as id1_1_0_, pet0_.name as name2_1_0_, pet0_.birth_date as birth_da3_1_0_, pet0_.owner_id as owner_id4_1_0_, pet0_.type_id as type_id5_1_0_, owner1_.id as id1_0_1_, owner1_.first_name as first_na2_0_1_, owner1_.last_name as last_nam3_0_1_, owner1_.address as address4_0_1_, owner1_.city as city5_0_1_, owner1_.telephone as telephon6_0_1_, pettype2_.id as id1_3_2_, pettype2_.name as name2_3_2_, visits3_.pet_id as pet_id4_1_3_, visits3_.id as id1_6_3_, visits3_.id as id1_6_4_, visits3_.visit_date as visit_da2_6_4_, visits3_.description as descript3_6_4_, visits3_.pet_id as pet_id4_6_4_ from pets pet0_ left outer join owners owner1_ on pet0_.owner_id=owner1_.id left outer join types pettype2_ on pet0_.type_id=pettype2_.id left outer join visits visits3_ on pet0_.id=visits3_.pet_id where pet0_.id=?
Hibernate: insert into visits (visit_date, description, pet_id) values (?, ?, ?)
INFO  TransactionContext - Rolled back transaction for test context [DefaultTestContext@10b4e7f8 testClass = ClinicServiceJpaTests, testInstance = org.springframework.samples.petclinic.service.ClinicServiceJpaTests@75023c53, testMethod = shouldAddNewVisitForPet@AbstractClinicServiceTests, testException = [null], mergedContextConfiguration = [MergedContextConfiguration@3468ee6e testClass = ClinicServiceJpaTests, locations = '{classpath:spring/business-config.xml}', classes = '{}', contextInitializerClasses = '[]', activeProfiles = '{jpa}', propertySourceLocations = '{}', propertySourceProperties = '{}', contextLoader = 'org.springframework.test.context.support.DelegatingSmartContextLoader', parent = [null]]].
INFO  TransactionContext - Began transaction (1) for test context [DefaultTestContext@10b4e7f8 testClass = ClinicServiceJpaTests, testInstance = org.springframework.samples.petclinic.service.ClinicServiceJpaTests@29050de5, testMethod = shouldUpdateOwner@AbstractClinicServiceTests, testException = [null], mergedContextConfiguration = [MergedContextConfiguration@3468ee6e testClass = ClinicServiceJpaTests, locations = '{classpath:spring/business-config.xml}', classes = '{}', contextInitializerClasses = '[]', activeProfiles = '{jpa}', propertySourceLocations = '{}', propertySourceProperties = '{}', contextLoader = 'org.springframework.test.context.support.DelegatingSmartContextLoader', parent = [null]]]; transaction manager [org.springframework.orm.jpa.JpaTransactionManager@66813e6e]; rollback [true]
Hibernate: select owner0_.id as id1_0_0_, pets1_.id as id1_1_1_, owner0_.first_name as first_na2_0_0_, owner0_.last_name as last_nam3_0_0_, owner0_.address as address4_0_0_, owner0_.city as city5_0_0_, owner0_.telephone as telephon6_0_0_, pets1_.name as name2_1_1_, pets1_.birth_date as birth_da3_1_1_, pets1_.owner_id as owner_id4_1_1_, pets1_.type_id as type_id5_1_1_, pets1_.owner_id as owner_id4_0_0__, pets1_.id as id1_1_0__ from owners owner0_ left outer join pets pets1_ on owner0_.id=pets1_.owner_id where owner0_.id=?
Hibernate: select pettype0_.id as id1_3_0_, pettype0_.name as name2_3_0_ from types pettype0_ where pettype0_.id=?
Hibernate: select pettype0_.id as id1_3_0_, pettype0_.name as name2_3_0_ from types pettype0_ where pettype0_.id=?
Hibernate: select visits0_.pet_id as pet_id4_1_0_, visits0_.id as id1_6_0_, visits0_.id as id1_6_1_, visits0_.visit_date as visit_da2_6_1_, visits0_.description as descript3_6_1_, visits0_.pet_id as pet_id4_6_1_ from visits visits0_ where visits0_.pet_id=?
Hibernate: select visits0_.pet_id as pet_id4_1_0_, visits0_.id as id1_6_0_, visits0_.id as id1_6_1_, visits0_.visit_date as visit_da2_6_1_, visits0_.description as descript3_6_1_, visits0_.pet_id as pet_id4_6_1_ from visits visits0_ where visits0_.pet_id=?
Hibernate: select visits0_.pet_id as pet_id4_1_0_, visits0_.id as id1_6_0_, visits0_.id as id1_6_1_, visits0_.visit_date as visit_da2_6_1_, visits0_.description as descript3_6_1_, visits0_.pet_id as pet_id4_6_1_ from visits visits0_ where visits0_.pet_id=?
Hibernate: select visits0_.pet_id as pet_id4_1_0_, visits0_.id as id1_6_0_, visits0_.id as id1_6_1_, visits0_.visit_date as visit_da2_6_1_, visits0_.description as descript3_6_1_, visits0_.pet_id as pet_id4_6_1_ from visits visits0_ where visits0_.pet_id=?
Hibernate: select visits0_.pet_id as pet_id4_1_0_, visits0_.id as id1_6_0_, visits0_.id as id1_6_1_, visits0_.visit_date as visit_da2_6_1_, visits0_.description as descript3_6_1_, visits0_.pet_id as pet_id4_6_1_ from visits visits0_ where visits0_.pet_id=?
Hibernate: select visits0_.pet_id as pet_id4_1_0_, visits0_.id as id1_6_0_, visits0_.id as id1_6_1_, visits0_.visit_date as visit_da2_6_1_, visits0_.description as descript3_6_1_, visits0_.pet_id as pet_id4_6_1_ from visits visits0_ where visits0_.pet_id=?
Hibernate: select visits0_.pet_id as pet_id4_1_0_, visits0_.id as id1_6_0_, visits0_.id as id1_6_1_, visits0_.visit_date as visit_da2_6_1_, visits0_.description as descript3_6_1_, visits0_.pet_id as pet_id4_6_1_ from visits visits0_ where visits0_.pet_id=?
Hibernate: select visits0_.pet_id as pet_id4_1_0_, visits0_.id as id1_6_0_, visits0_.id as id1_6_1_, visits0_.visit_date as visit_da2_6_1_, visits0_.description as descript3_6_1_, visits0_.pet_id as pet_id4_6_1_ from visits visits0_ where visits0_.pet_id=?
Hibernate: select visits0_.pet_id as pet_id4_1_0_, visits0_.id as id1_6_0_, visits0_.id as id1_6_1_, visits0_.visit_date as visit_da2_6_1_, visits0_.description as descript3_6_1_, visits0_.pet_id as pet_id4_6_1_ from visits visits0_ where visits0_.pet_id=?
Hibernate: select visits0_.pet_id as pet_id4_1_0_, visits0_.id as id1_6_0_, visits0_.id as id1_6_1_, visits0_.visit_date as visit_da2_6_1_, visits0_.description as descript3_6_1_, visits0_.pet_id as pet_id4_6_1_ from visits visits0_ where visits0_.pet_id=?
Hibernate: select visits0_.pet_id as pet_id4_1_0_, visits0_.id as id1_6_0_, visits0_.id as id1_6_1_, visits0_.visit_date as visit_da2_6_1_, visits0_.description as descript3_6_1_, visits0_.pet_id as pet_id4_6_1_ from visits visits0_ where visits0_.pet_id=?
Hibernate: select visits0_.pet_id as pet_id4_1_0_, visits0_.id as id1_6_0_, visits0_.id as id1_6_1_, visits0_.visit_date as visit_da2_6_1_, visits0_.description as descript3_6_1_, visits0_.pet_id as pet_id4_6_1_ from visits visits0_ where visits0_.pet_id=?
Hibernate: select visits0_.pet_id as pet_id4_1_0_, visits0_.id as id1_6_0_, visits0_.id as id1_6_1_, visits0_.visit_date as visit_da2_6_1_, visits0_.description as descript3_6_1_, visits0_.pet_id as pet_id4_6_1_ from visits visits0_ where visits0_.pet_id=?
Hibernate: update owners set first_name=?, last_name=?, address=?, city=?, telephone=? where id=?
Hibernate: select owner0_.id as id1_0_0_, pets1_.id as id1_1_1_, owner0_.first_name as first_na2_0_0_, owner0_.last_name as last_nam3_0_0_, owner0_.address as address4_0_0_, owner0_.city as city5_0_0_, owner0_.telephone as telephon6_0_0_, pets1_.name as name2_1_1_, pets1_.birth_date as birth_da3_1_1_, pets1_.owner_id as owner_id4_1_1_, pets1_.type_id as type_id5_1_1_, pets1_.owner_id as owner_id4_0_0__, pets1_.id as id1_1_0__ from owners owner0_ left outer join pets pets1_ on owner0_.id=pets1_.owner_id where owner0_.id=?
INFO  TransactionContext - Rolled back transaction for test context [DefaultTestContext@10b4e7f8 testClass = ClinicServiceJpaTests, testInstance = org.springframework.samples.petclinic.service.ClinicServiceJpaTests@29050de5, testMethod = shouldUpdateOwner@AbstractClinicServiceTests, testException = [null], mergedContextConfiguration = [MergedContextConfiguration@3468ee6e testClass = ClinicServiceJpaTests, locations = '{classpath:spring/business-config.xml}', classes = '{}', contextInitializerClasses = '[]', activeProfiles = '{jpa}', propertySourceLocations = '{}', propertySourceProperties = '{}', contextLoader = 'org.springframework.test.context.support.DelegatingSmartContextLoader', parent = [null]]].
INFO  TransactionContext - Began transaction (1) for test context [DefaultTestContext@10b4e7f8 testClass = ClinicServiceJpaTests, testInstance = org.springframework.samples.petclinic.service.ClinicServiceJpaTests@9f86dc3, testMethod = shouldInsertPetIntoDatabaseAndGenerateId@AbstractClinicServiceTests, testException = [null], mergedContextConfiguration = [MergedContextConfiguration@3468ee6e testClass = ClinicServiceJpaTests, locations = '{classpath:spring/business-config.xml}', classes = '{}', contextInitializerClasses = '[]', activeProfiles = '{jpa}', propertySourceLocations = '{}', propertySourceProperties = '{}', contextLoader = 'org.springframework.test.context.support.DelegatingSmartContextLoader', parent = [null]]]; transaction manager [org.springframework.orm.jpa.JpaTransactionManager@66813e6e]; rollback [true]
Hibernate: select owner0_.id as id1_0_0_, pets1_.id as id1_1_1_, owner0_.first_name as first_na2_0_0_, owner0_.last_name as last_nam3_0_0_, owner0_.address as address4_0_0_, owner0_.city as city5_0_0_, owner0_.telephone as telephon6_0_0_, pets1_.name as name2_1_1_, pets1_.birth_date as birth_da3_1_1_, pets1_.owner_id as owner_id4_1_1_, pets1_.type_id as type_id5_1_1_, pets1_.owner_id as owner_id4_0_0__, pets1_.id as id1_1_0__ from owners owner0_ left outer join pets pets1_ on owner0_.id=pets1_.owner_id where owner0_.id=?
Hibernate: select pettype0_.id as id1_3_0_, pettype0_.name as name2_3_0_ from types pettype0_ where pettype0_.id=?
Hibernate: select visits0_.pet_id as pet_id4_1_0_, visits0_.id as id1_6_0_, visits0_.id as id1_6_1_, visits0_.visit_date as visit_da2_6_1_, visits0_.description as descript3_6_1_, visits0_.pet_id as pet_id4_6_1_ from visits visits0_ where visits0_.pet_id=?
Hibernate: select visits0_.pet_id as pet_id4_1_0_, visits0_.id as id1_6_0_, visits0_.id as id1_6_1_, visits0_.visit_date as visit_da2_6_1_, visits0_.description as descript3_6_1_, visits0_.pet_id as pet_id4_6_1_ from visits visits0_ where visits0_.pet_id=?
Hibernate: select pettype0_.id as id1_3_, pettype0_.name as name2_3_ from types pettype0_ order by pettype0_.name
Hibernate: insert into pets (name, birth_date, owner_id, type_id) values (?, ?, ?, ?)
Hibernate: select owner0_.id as id1_0_0_, pets1_.id as id1_1_1_, owner0_.first_name as first_na2_0_0_, owner0_.last_name as last_nam3_0_0_, owner0_.address as address4_0_0_, owner0_.city as city5_0_0_, owner0_.telephone as telephon6_0_0_, pets1_.name as name2_1_1_, pets1_.birth_date as birth_da3_1_1_, pets1_.owner_id as owner_id4_1_1_, pets1_.type_id as type_id5_1_1_, pets1_.owner_id as owner_id4_0_0__, pets1_.id as id1_1_0__ from owners owner0_ left outer join pets pets1_ on owner0_.id=pets1_.owner_id where owner0_.id=?
INFO  TransactionContext - Rolled back transaction for test context [DefaultTestContext@10b4e7f8 testClass = ClinicServiceJpaTests, testInstance = org.springframework.samples.petclinic.service.ClinicServiceJpaTests@9f86dc3, testMethod = shouldInsertPetIntoDatabaseAndGenerateId@AbstractClinicServiceTests, testException = [null], mergedContextConfiguration = [MergedContextConfiguration@3468ee6e testClass = ClinicServiceJpaTests, locations = '{classpath:spring/business-config.xml}', classes = '{}', contextInitializerClasses = '[]', activeProfiles = '{jpa}', propertySourceLocations = '{}', propertySourceProperties = '{}', contextLoader = 'org.springframework.test.context.support.DelegatingSmartContextLoader', parent = [null]]].
INFO  TransactionContext - Began transaction (1) for test context [DefaultTestContext@10b4e7f8 testClass = ClinicServiceJpaTests, testInstance = org.springframework.samples.petclinic.service.ClinicServiceJpaTests@1d0cac30, testMethod = shouldInsertOwner@AbstractClinicServiceTests, testException = [null], mergedContextConfiguration = [MergedContextConfiguration@3468ee6e testClass = ClinicServiceJpaTests, locations = '{classpath:spring/business-config.xml}', classes = '{}', contextInitializerClasses = '[]', activeProfiles = '{jpa}', propertySourceLocations = '{}', propertySourceProperties = '{}', contextLoader = 'org.springframework.test.context.support.DelegatingSmartContextLoader', parent = [null]]]; transaction manager [org.springframework.orm.jpa.JpaTransactionManager@66813e6e]; rollback [true]
Hibernate: select distinct owner0_.id as id1_0_0_, pets1_.id as id1_1_1_, owner0_.first_name as first_na2_0_0_, owner0_.last_name as last_nam3_0_0_, owner0_.address as address4_0_0_, owner0_.city as city5_0_0_, owner0_.telephone as telephon6_0_0_, pets1_.name as name2_1_1_, pets1_.birth_date as birth_da3_1_1_, pets1_.owner_id as owner_id4_1_1_, pets1_.type_id as type_id5_1_1_, pets1_.owner_id as owner_id4_0_0__, pets1_.id as id1_1_0__ from owners owner0_ left outer join pets pets1_ on owner0_.id=pets1_.owner_id where owner0_.last_name like ?
Hibernate: insert into owners (first_name, last_name, address, city, telephone) values (?, ?, ?, ?, ?)
Hibernate: select distinct owner0_.id as id1_0_0_, pets1_.id as id1_1_1_, owner0_.first_name as first_na2_0_0_, owner0_.last_name as last_nam3_0_0_, owner0_.address as address4_0_0_, owner0_.city as city5_0_0_, owner0_.telephone as telephon6_0_0_, pets1_.name as name2_1_1_, pets1_.birth_date as birth_da3_1_1_, pets1_.owner_id as owner_id4_1_1_, pets1_.type_id as type_id5_1_1_, pets1_.owner_id as owner_id4_0_0__, pets1_.id as id1_1_0__ from owners owner0_ left outer join pets pets1_ on owner0_.id=pets1_.owner_id where owner0_.last_name like ?
INFO  TransactionContext - Rolled back transaction for test context [DefaultTestContext@10b4e7f8 testClass = ClinicServiceJpaTests, testInstance = org.springframework.samples.petclinic.service.ClinicServiceJpaTests@1d0cac30, testMethod = shouldInsertOwner@AbstractClinicServiceTests, testException = [null], mergedContextConfiguration = [MergedContextConfiguration@3468ee6e testClass = ClinicServiceJpaTests, locations = '{classpath:spring/business-config.xml}', classes = '{}', contextInitializerClasses = '[]', activeProfiles = '{jpa}', propertySourceLocations = '{}', propertySourceProperties = '{}', contextLoader = 'org.springframework.test.context.support.DelegatingSmartContextLoader', parent = [null]]].
Hibernate: select owner0_.id as id1_0_0_, pets1_.id as id1_1_1_, owner0_.first_name as first_na2_0_0_, owner0_.last_name as last_nam3_0_0_, owner0_.address as address4_0_0_, owner0_.city as city5_0_0_, owner0_.telephone as telephon6_0_0_, pets1_.name as name2_1_1_, pets1_.birth_date as birth_da3_1_1_, pets1_.owner_id as owner_id4_1_1_, pets1_.type_id as type_id5_1_1_, pets1_.owner_id as owner_id4_0_0__, pets1_.id as id1_1_0__ from owners owner0_ left outer join pets pets1_ on owner0_.id=pets1_.owner_id where owner0_.id=?
Hibernate: select pettype0_.id as id1_3_0_, pettype0_.name as name2_3_0_ from types pettype0_ where pettype0_.id=?
Hibernate: select pettype0_.id as id1_3_0_, pettype0_.name as name2_3_0_ from types pettype0_ where pettype0_.id=?
Hibernate: select visits0_.pet_id as pet_id4_1_0_, visits0_.id as id1_6_0_, visits0_.id as id1_6_1_, visits0_.visit_date as visit_da2_6_1_, visits0_.description as descript3_6_1_, visits0_.pet_id as pet_id4_6_1_ from visits visits0_ where visits0_.pet_id=?
Hibernate: select visits0_.pet_id as pet_id4_1_0_, visits0_.id as id1_6_0_, visits0_.id as id1_6_1_, visits0_.visit_date as visit_da2_6_1_, visits0_.description as descript3_6_1_, visits0_.pet_id as pet_id4_6_1_ from visits visits0_ where visits0_.pet_id=?
Hibernate: select visits0_.pet_id as pet_id4_1_0_, visits0_.id as id1_6_0_, visits0_.id as id1_6_1_, visits0_.visit_date as visit_da2_6_1_, visits0_.description as descript3_6_1_, visits0_.pet_id as pet_id4_6_1_ from visits visits0_ where visits0_.pet_id=?
Hibernate: select visits0_.pet_id as pet_id4_1_0_, visits0_.id as id1_6_0_, visits0_.id as id1_6_1_, visits0_.visit_date as visit_da2_6_1_, visits0_.description as descript3_6_1_, visits0_.pet_id as pet_id4_6_1_ from visits visits0_ where visits0_.pet_id=?
Hibernate: select visits0_.pet_id as pet_id4_1_0_, visits0_.id as id1_6_0_, visits0_.id as id1_6_1_, visits0_.visit_date as visit_da2_6_1_, visits0_.description as descript3_6_1_, visits0_.pet_id as pet_id4_6_1_ from visits visits0_ where visits0_.pet_id=?
Hibernate: select visits0_.pet_id as pet_id4_1_0_, visits0_.id as id1_6_0_, visits0_.id as id1_6_1_, visits0_.visit_date as visit_da2_6_1_, visits0_.description as descript3_6_1_, visits0_.pet_id as pet_id4_6_1_ from visits visits0_ where visits0_.pet_id=?
Hibernate: select visits0_.pet_id as pet_id4_1_0_, visits0_.id as id1_6_0_, visits0_.id as id1_6_1_, visits0_.visit_date as visit_da2_6_1_, visits0_.description as descript3_6_1_, visits0_.pet_id as pet_id4_6_1_ from visits visits0_ where visits0_.pet_id=?
Hibernate: select visits0_.pet_id as pet_id4_1_0_, visits0_.id as id1_6_0_, visits0_.id as id1_6_1_, visits0_.visit_date as visit_da2_6_1_, visits0_.description as descript3_6_1_, visits0_.pet_id as pet_id4_6_1_ from visits visits0_ where visits0_.pet_id=?
Hibernate: select visits0_.pet_id as pet_id4_1_0_, visits0_.id as id1_6_0_, visits0_.id as id1_6_1_, visits0_.visit_date as visit_da2_6_1_, visits0_.description as descript3_6_1_, visits0_.pet_id as pet_id4_6_1_ from visits visits0_ where visits0_.pet_id=?
Hibernate: select visits0_.pet_id as pet_id4_1_0_, visits0_.id as id1_6_0_, visits0_.id as id1_6_1_, visits0_.visit_date as visit_da2_6_1_, visits0_.description as descript3_6_1_, visits0_.pet_id as pet_id4_6_1_ from visits visits0_ where visits0_.pet_id=?
Hibernate: select visits0_.pet_id as pet_id4_1_0_, visits0_.id as id1_6_0_, visits0_.id as id1_6_1_, visits0_.visit_date as visit_da2_6_1_, visits0_.description as descript3_6_1_, visits0_.pet_id as pet_id4_6_1_ from visits visits0_ where visits0_.pet_id=?
Hibernate: select visits0_.pet_id as pet_id4_1_0_, visits0_.id as id1_6_0_, visits0_.id as id1_6_1_, visits0_.visit_date as visit_da2_6_1_, visits0_.description as descript3_6_1_, visits0_.pet_id as pet_id4_6_1_ from visits visits0_ where visits0_.pet_id=?
Hibernate: select visits0_.pet_id as pet_id4_1_0_, visits0_.id as id1_6_0_, visits0_.id as id1_6_1_, visits0_.visit_date as visit_da2_6_1_, visits0_.description as descript3_6_1_, visits0_.pet_id as pet_id4_6_1_ from visits visits0_ where visits0_.pet_id=?
INFO  TransactionContext - Began transaction (1) for test context [DefaultTestContext@10b4e7f8 testClass = ClinicServiceJpaTests, testInstance = org.springframework.samples.petclinic.service.ClinicServiceJpaTests@5a484ce1, testMethod = shouldUpdatePetName@AbstractClinicServiceTests, testException = [null], mergedContextConfiguration = [MergedContextConfiguration@3468ee6e testClass = ClinicServiceJpaTests, locations = '{classpath:spring/business-config.xml}', classes = '{}', contextInitializerClasses = '[]', activeProfiles = '{jpa}', propertySourceLocations = '{}', propertySourceProperties = '{}', contextLoader = 'org.springframework.test.context.support.DelegatingSmartContextLoader', parent = [null]]]; transaction manager [org.springframework.orm.jpa.JpaTransactionManager@66813e6e]; rollback [true]
Hibernate: select pet0_.id as id1_1_0_, pet0_.name as name2_1_0_, pet0_.birth_date as birth_da3_1_0_, pet0_.owner_id as owner_id4_1_0_, pet0_.type_id as type_id5_1_0_, owner1_.id as id1_0_1_, owner1_.first_name as first_na2_0_1_, owner1_.last_name as last_nam3_0_1_, owner1_.address as address4_0_1_, owner1_.city as city5_0_1_, owner1_.telephone as telephon6_0_1_, pettype2_.id as id1_3_2_, pettype2_.name as name2_3_2_, visits3_.pet_id as pet_id4_1_3_, visits3_.id as id1_6_3_, visits3_.id as id1_6_4_, visits3_.visit_date as visit_da2_6_4_, visits3_.description as descript3_6_4_, visits3_.pet_id as pet_id4_6_4_ from pets pet0_ left outer join owners owner1_ on pet0_.owner_id=owner1_.id left outer join types pettype2_ on pet0_.type_id=pettype2_.id left outer join visits visits3_ on pet0_.id=visits3_.pet_id where pet0_.id=?
INFO  TransactionContext - Rolled back transaction for test context [DefaultTestContext@10b4e7f8 testClass = ClinicServiceJpaTests, testInstance = org.springframework.samples.petclinic.service.ClinicServiceJpaTests@5a484ce1, testMethod = shouldUpdatePetName@AbstractClinicServiceTests, testException = [null], mergedContextConfiguration = [MergedContextConfiguration@3468ee6e testClass = ClinicServiceJpaTests, locations = '{classpath:spring/business-config.xml}', classes = '{}', contextInitializerClasses = '[]', activeProfiles = '{jpa}', propertySourceLocations = '{}', propertySourceProperties = '{}', contextLoader = 'org.springframework.test.context.support.DelegatingSmartContextLoader', parent = [null]]].
Hibernate: select pettype0_.id as id1_3_, pettype0_.name as name2_3_ from types pettype0_ order by pettype0_.name
Hibernate: select pet0_.id as id1_1_0_, pet0_.name as name2_1_0_, pet0_.birth_date as birth_da3_1_0_, pet0_.owner_id as owner_id4_1_0_, pet0_.type_id as type_id5_1_0_, owner1_.id as id1_0_1_, owner1_.first_name as first_na2_0_1_, owner1_.last_name as last_nam3_0_1_, owner1_.address as address4_0_1_, owner1_.city as city5_0_1_, owner1_.telephone as telephon6_0_1_, pettype2_.id as id1_3_2_, pettype2_.name as name2_3_2_, visits3_.pet_id as pet_id4_1_3_, visits3_.id as id1_6_3_, visits3_.id as id1_6_4_, visits3_.visit_date as visit_da2_6_4_, visits3_.description as descript3_6_4_, visits3_.pet_id as pet_id4_6_4_ from pets pet0_ left outer join owners owner1_ on pet0_.owner_id=owner1_.id left outer join types pettype2_ on pet0_.type_id=pettype2_.id left outer join visits visits3_ on pet0_.id=visits3_.pet_id where pet0_.id=?
Tests run: 10, Failures: 1, Errors: 0, Skipped: 0, Time elapsed: 1.535 sec <<< FAILURE!
shouldFindSingleOwnerWithPet(org.springframework.samples.petclinic.service.ClinicServiceJpaTests)  Time elapsed: 0.013 sec  <<< FAILURE!
java.lang.AssertionError: 
Expecting:
 <"Bloggs">
to start with:
 <"Franklin">

	at org.springframework.samples.petclinic.service.AbstractClinicServiceTests.shouldFindSingleOwnerWithPet(AbstractClinicServiceTests.java:70)
	at sun.reflect.NativeMethodAccessorImpl.invoke0(Native Method)
	at sun.reflect.NativeMethodAccessorImpl.invoke(NativeMethodAccessorImpl.java:62)
	at sun.reflect.DelegatingMethodAccessorImpl.invoke(DelegatingMethodAccessorImpl.java:43)
	at java.lang.reflect.Method.invoke(Method.java:498)
	at org.junit.runners.model.FrameworkMethod$1.runReflectiveCall(FrameworkMethod.java:50)
	at org.junit.internal.runners.model.ReflectiveCallable.run(ReflectiveCallable.java:12)
	at org.junit.runners.model.FrameworkMethod.invokeExplosively(FrameworkMethod.java:47)
	at org.junit.internal.runners.statements.InvokeMethod.evaluate(InvokeMethod.java:17)
	at org.springframework.test.context.junit4.statements.RunBeforeTestMethodCallbacks.evaluate(RunBeforeTestMethodCallbacks.java:75)
	at org.springframework.test.context.junit4.statements.RunAfterTestMethodCallbacks.evaluate(RunAfterTestMethodCallbacks.java:86)
	at org.springframework.test.context.junit4.statements.SpringRepeat.evaluate(SpringRepeat.java:84)
	at org.junit.runners.ParentRunner.runLeaf(ParentRunner.java:325)
	at org.springframework.test.context.junit4.SpringJUnit4ClassRunner.runChild(SpringJUnit4ClassRunner.java:254)
	at org.springframework.test.context.junit4.SpringJUnit4ClassRunner.runChild(SpringJUnit4ClassRunner.java:89)
	at org.junit.runners.ParentRunner$3.run(ParentRunner.java:290)
	at org.junit.runners.ParentRunner$1.schedule(ParentRunner.java:71)
	at org.junit.runners.ParentRunner.runChildren(ParentRunner.java:288)
	at org.junit.runners.ParentRunner.access$000(ParentRunner.java:58)
	at org.junit.runners.ParentRunner$2.evaluate(ParentRunner.java:268)
	at org.springframework.test.context.junit4.statements.RunBeforeTestClassCallbacks.evaluate(RunBeforeTestClassCallbacks.java:61)
	at org.springframework.test.context.junit4.statements.RunAfterTestClassCallbacks.evaluate(RunAfterTestClassCallbacks.java:70)
	at org.junit.runners.ParentRunner.run(ParentRunner.java:363)
	at org.springframework.test.context.junit4.SpringJUnit4ClassRunner.run(SpringJUnit4ClassRunner.java:193)
	at org.apache.maven.surefire.junit4.JUnit4Provider.execute(JUnit4Provider.java:264)
	at org.apache.maven.surefire.junit4.JUnit4Provider.executeTestSet(JUnit4Provider.java:153)
	at org.apache.maven.surefire.junit4.JUnit4Provider.invoke(JUnit4Provider.java:124)
	at sun.reflect.NativeMethodAccessorImpl.invoke0(Native Method)
	at sun.reflect.NativeMethodAccessorImpl.invoke(NativeMethodAccessorImpl.java:62)
	at sun.reflect.DelegatingMethodAccessorImpl.invoke(DelegatingMethodAccessorImpl.java:43)
	at java.lang.reflect.Method.invoke(Method.java:498)
	at org.apache.maven.surefire.util.ReflectionUtils.invokeMethodWithArray2(ReflectionUtils.java:208)
	at org.apache.maven.surefire.booter.ProviderFactory$ProviderProxy.invoke(ProviderFactory.java:158)
	at org.apache.maven.surefire.booter.ProviderFactory.invokeProvider(ProviderFactory.java:86)
	at org.apache.maven.surefire.booter.ForkedBooter.runSuitesInProcess(ForkedBooter.java:153)
	at org.apache.maven.surefire.booter.ForkedBooter.main(ForkedBooter.java:95)

Running org.springframework.samples.petclinic.service.ClinicServiceSpringDataJpaTests
INFO  DefaultTestContextBootstrapper - Loaded default TestExecutionListener class names from location [META-INF/spring.factories]: [org.springframework.test.context.web.ServletTestExecutionListener, org.springframework.test.context.support.DirtiesContextBeforeModesTestExecutionListener, org.springframework.test.context.support.DependencyInjectionTestExecutionListener, org.springframework.test.context.support.DirtiesContextTestExecutionListener, org.springframework.test.context.transaction.TransactionalTestExecutionListener, org.springframework.test.context.jdbc.SqlScriptsTestExecutionListener]
INFO  DefaultTestContextBootstrapper - Using TestExecutionListeners: [org.springframework.test.context.web.ServletTestExecutionListener@4c82b5df, org.springframework.test.context.support.DirtiesContextBeforeModesTestExecutionListener@67eec8e1, org.springframework.test.context.support.DependencyInjectionTestExecutionListener@4214ae8f, org.springframework.test.context.support.DirtiesContextTestExecutionListener@7ba93755, org.springframework.test.context.transaction.TransactionalTestExecutionListener@22dc59b2, org.springframework.test.context.jdbc.SqlScriptsTestExecutionListener@33e434c8]
INFO  XmlBeanDefinitionReader - Loading XML bean definitions from class path resource [spring/business-config.xml]
INFO  XmlBeanDefinitionReader - Loading XML bean definitions from class path resource [spring/datasource-config.xml]
INFO  GenericApplicationContext - Refreshing org.springframework.context.support.GenericApplicationContext@546394ed: startup date [Fri Jan 02 22:46:18 IST 2026]; root of context hierarchy
INFO  PropertyPlaceholderConfigurer - Loading properties file from class path resource [spring/data-access.properties]
INFO  PropertyPlaceholderConfigurer - Loading properties file from class path resource [spring/data-access.properties]
INFO  LocalContainerEntityManagerFactoryBean - Building JPA container EntityManagerFactory for persistence unit 'petclinic'
INFO  LogHelper - HHH000204: Processing PersistenceUnitInfo [
	name: petclinic
	...]
INFO  Dialect - HHH000400: Using dialect: org.hibernate.dialect.PostgreSQLDialect
INFO  LobCreatorBuilder - HHH000424: Disabling contextual LOB creation as createClob() method threw error : java.lang.reflect.InvocationTargetException
INFO  ASTQueryTranslatorFactory - HHH000397: Using ASTQueryTranslatorFactory
WARN  EntityManagerFactoryRegistry - HHH000436: Entity manager factory name (petclinic) is already registered.  If entity manager will be clustered or passivated, specify a unique value for property 'hibernate.ejb.entitymanager_factory_name'
Hibernate: select vet0_.id as id1_5_, vet0_.first_name as first_na2_5_, vet0_.last_name as last_nam3_5_ from vets vet0_
Hibernate: select specialtie0_.vet_id as vet_id1_5_0_, specialtie0_.specialty_id as specialt2_4_0_, specialty1_.id as id1_2_1_, specialty1_.name as name2_2_1_ from vet_specialties specialtie0_ inner join specialties specialty1_ on specialtie0_.specialty_id=specialty1_.id where specialtie0_.vet_id=?
Hibernate: select specialtie0_.vet_id as vet_id1_5_0_, specialtie0_.specialty_id as specialt2_4_0_, specialty1_.id as id1_2_1_, specialty1_.name as name2_2_1_ from vet_specialties specialtie0_ inner join specialties specialty1_ on specialtie0_.specialty_id=specialty1_.id where specialtie0_.vet_id=?
Hibernate: select specialtie0_.vet_id as vet_id1_5_0_, specialtie0_.specialty_id as specialt2_4_0_, specialty1_.id as id1_2_1_, specialty1_.name as name2_2_1_ from vet_specialties specialtie0_ inner join specialties specialty1_ on specialtie0_.specialty_id=specialty1_.id where specialtie0_.vet_id=?
Hibernate: select specialtie0_.vet_id as vet_id1_5_0_, specialtie0_.specialty_id as specialt2_4_0_, specialty1_.id as id1_2_1_, specialty1_.name as name2_2_1_ from vet_specialties specialtie0_ inner join specialties specialty1_ on specialtie0_.specialty_id=specialty1_.id where specialtie0_.vet_id=?
Hibernate: select specialtie0_.vet_id as vet_id1_5_0_, specialtie0_.specialty_id as specialt2_4_0_, specialty1_.id as id1_2_1_, specialty1_.name as name2_2_1_ from vet_specialties specialtie0_ inner join specialties specialty1_ on specialtie0_.specialty_id=specialty1_.id where specialtie0_.vet_id=?
Hibernate: select specialtie0_.vet_id as vet_id1_5_0_, specialtie0_.specialty_id as specialt2_4_0_, specialty1_.id as id1_2_1_, specialty1_.name as name2_2_1_ from vet_specialties specialtie0_ inner join specialties specialty1_ on specialtie0_.specialty_id=specialty1_.id where specialtie0_.vet_id=?
Hibernate: select distinct owner0_.id as id1_0_0_, pets1_.id as id1_1_1_, owner0_.first_name as first_na2_0_0_, owner0_.last_name as last_nam3_0_0_, owner0_.address as address4_0_0_, owner0_.city as city5_0_0_, owner0_.telephone as telephon6_0_0_, pets1_.name as name2_1_1_, pets1_.birth_date as birth_da3_1_1_, pets1_.owner_id as owner_id4_1_1_, pets1_.type_id as type_id5_1_1_, pets1_.owner_id as owner_id4_0_0__, pets1_.id as id1_1_0__ from owners owner0_ left outer join pets pets1_ on owner0_.id=pets1_.owner_id where owner0_.last_name like ?
Hibernate: select pettype0_.id as id1_3_0_, pettype0_.name as name2_3_0_ from types pettype0_ where pettype0_.id=?
Hibernate: select pettype0_.id as id1_3_0_, pettype0_.name as name2_3_0_ from types pettype0_ where pettype0_.id=?
Hibernate: select visits0_.pet_id as pet_id4_1_0_, visits0_.id as id1_6_0_, visits0_.id as id1_6_1_, visits0_.visit_date as visit_da2_6_1_, visits0_.description as descript3_6_1_, visits0_.pet_id as pet_id4_6_1_ from visits visits0_ where visits0_.pet_id=?
Hibernate: select visits0_.pet_id as pet_id4_1_0_, visits0_.id as id1_6_0_, visits0_.id as id1_6_1_, visits0_.visit_date as visit_da2_6_1_, visits0_.description as descript3_6_1_, visits0_.pet_id as pet_id4_6_1_ from visits visits0_ where visits0_.pet_id=?
Hibernate: select distinct owner0_.id as id1_0_0_, pets1_.id as id1_1_1_, owner0_.first_name as first_na2_0_0_, owner0_.last_name as last_nam3_0_0_, owner0_.address as address4_0_0_, owner0_.city as city5_0_0_, owner0_.telephone as telephon6_0_0_, pets1_.name as name2_1_1_, pets1_.birth_date as birth_da3_1_1_, pets1_.owner_id as owner_id4_1_1_, pets1_.type_id as type_id5_1_1_, pets1_.owner_id as owner_id4_0_0__, pets1_.id as id1_1_0__ from owners owner0_ left outer join pets pets1_ on owner0_.id=pets1_.owner_id where owner0_.last_name like ?
INFO  TransactionContext - Began transaction (1) for test context [DefaultTestContext@2589d787 testClass = ClinicServiceSpringDataJpaTests, testInstance = org.springframework.samples.petclinic.service.ClinicServiceSpringDataJpaTests@1788cb61, testMethod = shouldAddNewVisitForPet@AbstractClinicServiceTests, testException = [null], mergedContextConfiguration = [MergedContextConfiguration@3c54ddec testClass = ClinicServiceSpringDataJpaTests, locations = '{classpath:spring/business-config.xml}', classes = '{}', contextInitializerClasses = '[]', activeProfiles = '{spring-data-jpa}', propertySourceLocations = '{}', propertySourceProperties = '{}', contextLoader = 'org.springframework.test.context.support.DelegatingSmartContextLoader', parent = [null]]]; transaction manager [org.springframework.orm.jpa.JpaTransactionManager@16d431b4]; rollback [true]
Hibernate: select pet0_.id as id1_1_, pet0_.name as name2_1_, pet0_.birth_date as birth_da3_1_, pet0_.owner_id as owner_id4_1_, pet0_.type_id as type_id5_1_ from pets pet0_ where pet0_.id=?
Hibernate: select owner0_.id as id1_0_0_, owner0_.first_name as first_na2_0_0_, owner0_.last_name as last_nam3_0_0_, owner0_.address as address4_0_0_, owner0_.city as city5_0_0_, owner0_.telephone as telephon6_0_0_ from owners owner0_ where owner0_.id=?
Hibernate: select pettype0_.id as id1_3_0_, pettype0_.name as name2_3_0_ from types pettype0_ where pettype0_.id=?
Hibernate: select visits0_.pet_id as pet_id4_1_0_, visits0_.id as id1_6_0_, visits0_.id as id1_6_1_, visits0_.visit_date as visit_da2_6_1_, visits0_.description as descript3_6_1_, visits0_.pet_id as pet_id4_6_1_ from visits visits0_ where visits0_.pet_id=?
Hibernate: insert into visits (visit_date, description, pet_id) values (?, ?, ?)
Hibernate: select pet0_.id as id1_1_, pet0_.name as name2_1_, pet0_.birth_date as birth_da3_1_, pet0_.owner_id as owner_id4_1_, pet0_.type_id as type_id5_1_ from pets pet0_ where pet0_.id=?
INFO  TransactionContext - Rolled back transaction for test context [DefaultTestContext@2589d787 testClass = ClinicServiceSpringDataJpaTests, testInstance = org.springframework.samples.petclinic.service.ClinicServiceSpringDataJpaTests@1788cb61, testMethod = shouldAddNewVisitForPet@AbstractClinicServiceTests, testException = [null], mergedContextConfiguration = [MergedContextConfiguration@3c54ddec testClass = ClinicServiceSpringDataJpaTests, locations = '{classpath:spring/business-config.xml}', classes = '{}', contextInitializerClasses = '[]', activeProfiles = '{spring-data-jpa}', propertySourceLocations = '{}', propertySourceProperties = '{}', contextLoader = 'org.springframework.test.context.support.DelegatingSmartContextLoader', parent = [null]]].
INFO  TransactionContext - Began transaction (1) for test context [DefaultTestContext@2589d787 testClass = ClinicServiceSpringDataJpaTests, testInstance = org.springframework.samples.petclinic.service.ClinicServiceSpringDataJpaTests@3caee3a8, testMethod = shouldUpdateOwner@AbstractClinicServiceTests, testException = [null], mergedContextConfiguration = [MergedContextConfiguration@3c54ddec testClass = ClinicServiceSpringDataJpaTests, locations = '{classpath:spring/business-config.xml}', classes = '{}', contextInitializerClasses = '[]', activeProfiles = '{spring-data-jpa}', propertySourceLocations = '{}', propertySourceProperties = '{}', contextLoader = 'org.springframework.test.context.support.DelegatingSmartContextLoader', parent = [null]]]; transaction manager [org.springframework.orm.jpa.JpaTransactionManager@16d431b4]; rollback [true]
Hibernate: select owner0_.id as id1_0_0_, pets1_.id as id1_1_1_, owner0_.first_name as first_na2_0_0_, owner0_.last_name as last_nam3_0_0_, owner0_.address as address4_0_0_, owner0_.city as city5_0_0_, owner0_.telephone as telephon6_0_0_, pets1_.name as name2_1_1_, pets1_.birth_date as birth_da3_1_1_, pets1_.owner_id as owner_id4_1_1_, pets1_.type_id as type_id5_1_1_, pets1_.owner_id as owner_id4_0_0__, pets1_.id as id1_1_0__ from owners owner0_ left outer join pets pets1_ on owner0_.id=pets1_.owner_id where owner0_.id=?
Hibernate: select pettype0_.id as id1_3_0_, pettype0_.name as name2_3_0_ from types pettype0_ where pettype0_.id=?
Hibernate: select pettype0_.id as id1_3_0_, pettype0_.name as name2_3_0_ from types pettype0_ where pettype0_.id=?
Hibernate: select visits0_.pet_id as pet_id4_1_0_, visits0_.id as id1_6_0_, visits0_.id as id1_6_1_, visits0_.visit_date as visit_da2_6_1_, visits0_.description as descript3_6_1_, visits0_.pet_id as pet_id4_6_1_ from visits visits0_ where visits0_.pet_id=?
Hibernate: select visits0_.pet_id as pet_id4_1_0_, visits0_.id as id1_6_0_, visits0_.id as id1_6_1_, visits0_.visit_date as visit_da2_6_1_, visits0_.description as descript3_6_1_, visits0_.pet_id as pet_id4_6_1_ from visits visits0_ where visits0_.pet_id=?
Hibernate: select visits0_.pet_id as pet_id4_1_0_, visits0_.id as id1_6_0_, visits0_.id as id1_6_1_, visits0_.visit_date as visit_da2_6_1_, visits0_.description as descript3_6_1_, visits0_.pet_id as pet_id4_6_1_ from visits visits0_ where visits0_.pet_id=?
Hibernate: select visits0_.pet_id as pet_id4_1_0_, visits0_.id as id1_6_0_, visits0_.id as id1_6_1_, visits0_.visit_date as visit_da2_6_1_, visits0_.description as descript3_6_1_, visits0_.pet_id as pet_id4_6_1_ from visits visits0_ where visits0_.pet_id=?
Hibernate: select visits0_.pet_id as pet_id4_1_0_, visits0_.id as id1_6_0_, visits0_.id as id1_6_1_, visits0_.visit_date as visit_da2_6_1_, visits0_.description as descript3_6_1_, visits0_.pet_id as pet_id4_6_1_ from visits visits0_ where visits0_.pet_id=?
Hibernate: select visits0_.pet_id as pet_id4_1_0_, visits0_.id as id1_6_0_, visits0_.id as id1_6_1_, visits0_.visit_date as visit_da2_6_1_, visits0_.description as descript3_6_1_, visits0_.pet_id as pet_id4_6_1_ from visits visits0_ where visits0_.pet_id=?
Hibernate: select visits0_.pet_id as pet_id4_1_0_, visits0_.id as id1_6_0_, visits0_.id as id1_6_1_, visits0_.visit_date as visit_da2_6_1_, visits0_.description as descript3_6_1_, visits0_.pet_id as pet_id4_6_1_ from visits visits0_ where visits0_.pet_id=?
Hibernate: select visits0_.pet_id as pet_id4_1_0_, visits0_.id as id1_6_0_, visits0_.id as id1_6_1_, visits0_.visit_date as visit_da2_6_1_, visits0_.description as descript3_6_1_, visits0_.pet_id as pet_id4_6_1_ from visits visits0_ where visits0_.pet_id=?
Hibernate: select visits0_.pet_id as pet_id4_1_0_, visits0_.id as id1_6_0_, visits0_.id as id1_6_1_, visits0_.visit_date as visit_da2_6_1_, visits0_.description as descript3_6_1_, visits0_.pet_id as pet_id4_6_1_ from visits visits0_ where visits0_.pet_id=?
Hibernate: select visits0_.pet_id as pet_id4_1_0_, visits0_.id as id1_6_0_, visits0_.id as id1_6_1_, visits0_.visit_date as visit_da2_6_1_, visits0_.description as descript3_6_1_, visits0_.pet_id as pet_id4_6_1_ from visits visits0_ where visits0_.pet_id=?
Hibernate: select visits0_.pet_id as pet_id4_1_0_, visits0_.id as id1_6_0_, visits0_.id as id1_6_1_, visits0_.visit_date as visit_da2_6_1_, visits0_.description as descript3_6_1_, visits0_.pet_id as pet_id4_6_1_ from visits visits0_ where visits0_.pet_id=?
Hibernate: select visits0_.pet_id as pet_id4_1_0_, visits0_.id as id1_6_0_, visits0_.id as id1_6_1_, visits0_.visit_date as visit_da2_6_1_, visits0_.description as descript3_6_1_, visits0_.pet_id as pet_id4_6_1_ from visits visits0_ where visits0_.pet_id=?
Hibernate: select visits0_.pet_id as pet_id4_1_0_, visits0_.id as id1_6_0_, visits0_.id as id1_6_1_, visits0_.visit_date as visit_da2_6_1_, visits0_.description as descript3_6_1_, visits0_.pet_id as pet_id4_6_1_ from visits visits0_ where visits0_.pet_id=?
Hibernate: update owners set first_name=?, last_name=?, address=?, city=?, telephone=? where id=?
Hibernate: select owner0_.id as id1_0_0_, pets1_.id as id1_1_1_, owner0_.first_name as first_na2_0_0_, owner0_.last_name as last_nam3_0_0_, owner0_.address as address4_0_0_, owner0_.city as city5_0_0_, owner0_.telephone as telephon6_0_0_, pets1_.name as name2_1_1_, pets1_.birth_date as birth_da3_1_1_, pets1_.owner_id as owner_id4_1_1_, pets1_.type_id as type_id5_1_1_, pets1_.owner_id as owner_id4_0_0__, pets1_.id as id1_1_0__ from owners owner0_ left outer join pets pets1_ on owner0_.id=pets1_.owner_id where owner0_.id=?
INFO  TransactionContext - Rolled back transaction for test context [DefaultTestContext@2589d787 testClass = ClinicServiceSpringDataJpaTests, testInstance = org.springframework.samples.petclinic.service.ClinicServiceSpringDataJpaTests@3caee3a8, testMethod = shouldUpdateOwner@AbstractClinicServiceTests, testException = [null], mergedContextConfiguration = [MergedContextConfiguration@3c54ddec testClass = ClinicServiceSpringDataJpaTests, locations = '{classpath:spring/business-config.xml}', classes = '{}', contextInitializerClasses = '[]', activeProfiles = '{spring-data-jpa}', propertySourceLocations = '{}', propertySourceProperties = '{}', contextLoader = 'org.springframework.test.context.support.DelegatingSmartContextLoader', parent = [null]]].
INFO  TransactionContext - Began transaction (1) for test context [DefaultTestContext@2589d787 testClass = ClinicServiceSpringDataJpaTests, testInstance = org.springframework.samples.petclinic.service.ClinicServiceSpringDataJpaTests@7739aac4, testMethod = shouldInsertPetIntoDatabaseAndGenerateId@AbstractClinicServiceTests, testException = [null], mergedContextConfiguration = [MergedContextConfiguration@3c54ddec testClass = ClinicServiceSpringDataJpaTests, locations = '{classpath:spring/business-config.xml}', classes = '{}', contextInitializerClasses = '[]', activeProfiles = '{spring-data-jpa}', propertySourceLocations = '{}', propertySourceProperties = '{}', contextLoader = 'org.springframework.test.context.support.DelegatingSmartContextLoader', parent = [null]]]; transaction manager [org.springframework.orm.jpa.JpaTransactionManager@16d431b4]; rollback [true]
Hibernate: select owner0_.id as id1_0_0_, pets1_.id as id1_1_1_, owner0_.first_name as first_na2_0_0_, owner0_.last_name as last_nam3_0_0_, owner0_.address as address4_0_0_, owner0_.city as city5_0_0_, owner0_.telephone as telephon6_0_0_, pets1_.name as name2_1_1_, pets1_.birth_date as birth_da3_1_1_, pets1_.owner_id as owner_id4_1_1_, pets1_.type_id as type_id5_1_1_, pets1_.owner_id as owner_id4_0_0__, pets1_.id as id1_1_0__ from owners owner0_ left outer join pets pets1_ on owner0_.id=pets1_.owner_id where owner0_.id=?
Hibernate: select pettype0_.id as id1_3_0_, pettype0_.name as name2_3_0_ from types pettype0_ where pettype0_.id=?
Hibernate: select visits0_.pet_id as pet_id4_1_0_, visits0_.id as id1_6_0_, visits0_.id as id1_6_1_, visits0_.visit_date as visit_da2_6_1_, visits0_.description as descript3_6_1_, visits0_.pet_id as pet_id4_6_1_ from visits visits0_ where visits0_.pet_id=?
Hibernate: select visits0_.pet_id as pet_id4_1_0_, visits0_.id as id1_6_0_, visits0_.id as id1_6_1_, visits0_.visit_date as visit_da2_6_1_, visits0_.description as descript3_6_1_, visits0_.pet_id as pet_id4_6_1_ from visits visits0_ where visits0_.pet_id=?
Hibernate: select pettype0_.id as id1_3_, pettype0_.name as name2_3_ from types pettype0_ order by pettype0_.name
Hibernate: insert into pets (name, birth_date, owner_id, type_id) values (?, ?, ?, ?)
Hibernate: select owner0_.id as id1_0_0_, pets1_.id as id1_1_1_, owner0_.first_name as first_na2_0_0_, owner0_.last_name as last_nam3_0_0_, owner0_.address as address4_0_0_, owner0_.city as city5_0_0_, owner0_.telephone as telephon6_0_0_, pets1_.name as name2_1_1_, pets1_.birth_date as birth_da3_1_1_, pets1_.owner_id as owner_id4_1_1_, pets1_.type_id as type_id5_1_1_, pets1_.owner_id as owner_id4_0_0__, pets1_.id as id1_1_0__ from owners owner0_ left outer join pets pets1_ on owner0_.id=pets1_.owner_id where owner0_.id=?
INFO  TransactionContext - Rolled back transaction for test context [DefaultTestContext@2589d787 testClass = ClinicServiceSpringDataJpaTests, testInstance = org.springframework.samples.petclinic.service.ClinicServiceSpringDataJpaTests@7739aac4, testMethod = shouldInsertPetIntoDatabaseAndGenerateId@AbstractClinicServiceTests, testException = [null], mergedContextConfiguration = [MergedContextConfiguration@3c54ddec testClass = ClinicServiceSpringDataJpaTests, locations = '{classpath:spring/business-config.xml}', classes = '{}', contextInitializerClasses = '[]', activeProfiles = '{spring-data-jpa}', propertySourceLocations = '{}', propertySourceProperties = '{}', contextLoader = 'org.springframework.test.context.support.DelegatingSmartContextLoader', parent = [null]]].
INFO  TransactionContext - Began transaction (1) for test context [DefaultTestContext@2589d787 testClass = ClinicServiceSpringDataJpaTests, testInstance = org.springframework.samples.petclinic.service.ClinicServiceSpringDataJpaTests@73e4387, testMethod = shouldInsertOwner@AbstractClinicServiceTests, testException = [null], mergedContextConfiguration = [MergedContextConfiguration@3c54ddec testClass = ClinicServiceSpringDataJpaTests, locations = '{classpath:spring/business-config.xml}', classes = '{}', contextInitializerClasses = '[]', activeProfiles = '{spring-data-jpa}', propertySourceLocations = '{}', propertySourceProperties = '{}', contextLoader = 'org.springframework.test.context.support.DelegatingSmartContextLoader', parent = [null]]]; transaction manager [org.springframework.orm.jpa.JpaTransactionManager@16d431b4]; rollback [true]
Hibernate: select distinct owner0_.id as id1_0_0_, pets1_.id as id1_1_1_, owner0_.first_name as first_na2_0_0_, owner0_.last_name as last_nam3_0_0_, owner0_.address as address4_0_0_, owner0_.city as city5_0_0_, owner0_.telephone as telephon6_0_0_, pets1_.name as name2_1_1_, pets1_.birth_date as birth_da3_1_1_, pets1_.owner_id as owner_id4_1_1_, pets1_.type_id as type_id5_1_1_, pets1_.owner_id as owner_id4_0_0__, pets1_.id as id1_1_0__ from owners owner0_ left outer join pets pets1_ on owner0_.id=pets1_.owner_id where owner0_.last_name like ?
Hibernate: insert into owners (first_name, last_name, address, city, telephone) values (?, ?, ?, ?, ?)
Hibernate: select distinct owner0_.id as id1_0_0_, pets1_.id as id1_1_1_, owner0_.first_name as first_na2_0_0_, owner0_.last_name as last_nam3_0_0_, owner0_.address as address4_0_0_, owner0_.city as city5_0_0_, owner0_.telephone as telephon6_0_0_, pets1_.name as name2_1_1_, pets1_.birth_date as birth_da3_1_1_, pets1_.owner_id as owner_id4_1_1_, pets1_.type_id as type_id5_1_1_, pets1_.owner_id as owner_id4_0_0__, pets1_.id as id1_1_0__ from owners owner0_ left outer join pets pets1_ on owner0_.id=pets1_.owner_id where owner0_.last_name like ?
INFO  TransactionContext - Rolled back transaction for test context [DefaultTestContext@2589d787 testClass = ClinicServiceSpringDataJpaTests, testInstance = org.springframework.samples.petclinic.service.ClinicServiceSpringDataJpaTests@73e4387, testMethod = shouldInsertOwner@AbstractClinicServiceTests, testException = [null], mergedContextConfiguration = [MergedContextConfiguration@3c54ddec testClass = ClinicServiceSpringDataJpaTests, locations = '{classpath:spring/business-config.xml}', classes = '{}', contextInitializerClasses = '[]', activeProfiles = '{spring-data-jpa}', propertySourceLocations = '{}', propertySourceProperties = '{}', contextLoader = 'org.springframework.test.context.support.DelegatingSmartContextLoader', parent = [null]]].
Hibernate: select owner0_.id as id1_0_0_, pets1_.id as id1_1_1_, owner0_.first_name as first_na2_0_0_, owner0_.last_name as last_nam3_0_0_, owner0_.address as address4_0_0_, owner0_.city as city5_0_0_, owner0_.telephone as telephon6_0_0_, pets1_.name as name2_1_1_, pets1_.birth_date as birth_da3_1_1_, pets1_.owner_id as owner_id4_1_1_, pets1_.type_id as type_id5_1_1_, pets1_.owner_id as owner_id4_0_0__, pets1_.id as id1_1_0__ from owners owner0_ left outer join pets pets1_ on owner0_.id=pets1_.owner_id where owner0_.id=?
Hibernate: select pettype0_.id as id1_3_0_, pettype0_.name as name2_3_0_ from types pettype0_ where pettype0_.id=?
Hibernate: select pettype0_.id as id1_3_0_, pettype0_.name as name2_3_0_ from types pettype0_ where pettype0_.id=?
Hibernate: select visits0_.pet_id as pet_id4_1_0_, visits0_.id as id1_6_0_, visits0_.id as id1_6_1_, visits0_.visit_date as visit_da2_6_1_, visits0_.description as descript3_6_1_, visits0_.pet_id as pet_id4_6_1_ from visits visits0_ where visits0_.pet_id=?
Hibernate: select visits0_.pet_id as pet_id4_1_0_, visits0_.id as id1_6_0_, visits0_.id as id1_6_1_, visits0_.visit_date as visit_da2_6_1_, visits0_.description as descript3_6_1_, visits0_.pet_id as pet_id4_6_1_ from visits visits0_ where visits0_.pet_id=?
Hibernate: select visits0_.pet_id as pet_id4_1_0_, visits0_.id as id1_6_0_, visits0_.id as id1_6_1_, visits0_.visit_date as visit_da2_6_1_, visits0_.description as descript3_6_1_, visits0_.pet_id as pet_id4_6_1_ from visits visits0_ where visits0_.pet_id=?
Hibernate: select visits0_.pet_id as pet_id4_1_0_, visits0_.id as id1_6_0_, visits0_.id as id1_6_1_, visits0_.visit_date as visit_da2_6_1_, visits0_.description as descript3_6_1_, visits0_.pet_id as pet_id4_6_1_ from visits visits0_ where visits0_.pet_id=?
Hibernate: select visits0_.pet_id as pet_id4_1_0_, visits0_.id as id1_6_0_, visits0_.id as id1_6_1_, visits0_.visit_date as visit_da2_6_1_, visits0_.description as descript3_6_1_, visits0_.pet_id as pet_id4_6_1_ from visits visits0_ where visits0_.pet_id=?
Hibernate: select visits0_.pet_id as pet_id4_1_0_, visits0_.id as id1_6_0_, visits0_.id as id1_6_1_, visits0_.visit_date as visit_da2_6_1_, visits0_.description as descript3_6_1_, visits0_.pet_id as pet_id4_6_1_ from visits visits0_ where visits0_.pet_id=?
Hibernate: select visits0_.pet_id as pet_id4_1_0_, visits0_.id as id1_6_0_, visits0_.id as id1_6_1_, visits0_.visit_date as visit_da2_6_1_, visits0_.description as descript3_6_1_, visits0_.pet_id as pet_id4_6_1_ from visits visits0_ where visits0_.pet_id=?
Hibernate: select visits0_.pet_id as pet_id4_1_0_, visits0_.id as id1_6_0_, visits0_.id as id1_6_1_, visits0_.visit_date as visit_da2_6_1_, visits0_.description as descript3_6_1_, visits0_.pet_id as pet_id4_6_1_ from visits visits0_ where visits0_.pet_id=?
Hibernate: select visits0_.pet_id as pet_id4_1_0_, visits0_.id as id1_6_0_, visits0_.id as id1_6_1_, visits0_.visit_date as visit_da2_6_1_, visits0_.description as descript3_6_1_, visits0_.pet_id as pet_id4_6_1_ from visits visits0_ where visits0_.pet_id=?
Hibernate: select visits0_.pet_id as pet_id4_1_0_, visits0_.id as id1_6_0_, visits0_.id as id1_6_1_, visits0_.visit_date as visit_da2_6_1_, visits0_.description as descript3_6_1_, visits0_.pet_id as pet_id4_6_1_ from visits visits0_ where visits0_.pet_id=?
Hibernate: select visits0_.pet_id as pet_id4_1_0_, visits0_.id as id1_6_0_, visits0_.id as id1_6_1_, visits0_.visit_date as visit_da2_6_1_, visits0_.description as descript3_6_1_, visits0_.pet_id as pet_id4_6_1_ from visits visits0_ where visits0_.pet_id=?
Hibernate: select visits0_.pet_id as pet_id4_1_0_, visits0_.id as id1_6_0_, visits0_.id as id1_6_1_, visits0_.visit_date as visit_da2_6_1_, visits0_.description as descript3_6_1_, visits0_.pet_id as pet_id4_6_1_ from visits visits0_ where visits0_.pet_id=?
Hibernate: select visits0_.pet_id as pet_id4_1_0_, visits0_.id as id1_6_0_, visits0_.id as id1_6_1_, visits0_.visit_date as visit_da2_6_1_, visits0_.description as descript3_6_1_, visits0_.pet_id as pet_id4_6_1_ from visits visits0_ where visits0_.pet_id=?
INFO  TransactionContext - Began transaction (1) for test context [DefaultTestContext@2589d787 testClass = ClinicServiceSpringDataJpaTests, testInstance = org.springframework.samples.petclinic.service.ClinicServiceSpringDataJpaTests@120aa40b, testMethod = shouldUpdatePetName@AbstractClinicServiceTests, testException = [null], mergedContextConfiguration = [MergedContextConfiguration@3c54ddec testClass = ClinicServiceSpringDataJpaTests, locations = '{classpath:spring/business-config.xml}', classes = '{}', contextInitializerClasses = '[]', activeProfiles = '{spring-data-jpa}', propertySourceLocations = '{}', propertySourceProperties = '{}', contextLoader = 'org.springframework.test.context.support.DelegatingSmartContextLoader', parent = [null]]]; transaction manager [org.springframework.orm.jpa.JpaTransactionManager@16d431b4]; rollback [true]
Hibernate: select pet0_.id as id1_1_, pet0_.name as name2_1_, pet0_.birth_date as birth_da3_1_, pet0_.owner_id as owner_id4_1_, pet0_.type_id as type_id5_1_ from pets pet0_ where pet0_.id=?
Hibernate: select owner0_.id as id1_0_0_, owner0_.first_name as first_na2_0_0_, owner0_.last_name as last_nam3_0_0_, owner0_.address as address4_0_0_, owner0_.city as city5_0_0_, owner0_.telephone as telephon6_0_0_ from owners owner0_ where owner0_.id=?
Hibernate: select pettype0_.id as id1_3_0_, pettype0_.name as name2_3_0_ from types pettype0_ where pettype0_.id=?
Hibernate: select visits0_.pet_id as pet_id4_1_0_, visits0_.id as id1_6_0_, visits0_.id as id1_6_1_, visits0_.visit_date as visit_da2_6_1_, visits0_.description as descript3_6_1_, visits0_.pet_id as pet_id4_6_1_ from visits visits0_ where visits0_.pet_id=?
Hibernate: update pets set name=?, birth_date=?, owner_id=?, type_id=? where id=?
Hibernate: select pet0_.id as id1_1_, pet0_.name as name2_1_, pet0_.birth_date as birth_da3_1_, pet0_.owner_id as owner_id4_1_, pet0_.type_id as type_id5_1_ from pets pet0_ where pet0_.id=?
INFO  TransactionContext - Rolled back transaction for test context [DefaultTestContext@2589d787 testClass = ClinicServiceSpringDataJpaTests, testInstance = org.springframework.samples.petclinic.service.ClinicServiceSpringDataJpaTests@120aa40b, testMethod = shouldUpdatePetName@AbstractClinicServiceTests, testException = [null], mergedContextConfiguration = [MergedContextConfiguration@3c54ddec testClass = ClinicServiceSpringDataJpaTests, locations = '{classpath:spring/business-config.xml}', classes = '{}', contextInitializerClasses = '[]', activeProfiles = '{spring-data-jpa}', propertySourceLocations = '{}', propertySourceProperties = '{}', contextLoader = 'org.springframework.test.context.support.DelegatingSmartContextLoader', parent = [null]]].
Hibernate: select pettype0_.id as id1_3_, pettype0_.name as name2_3_ from types pettype0_ order by pettype0_.name
Hibernate: select pet0_.id as id1_1_, pet0_.name as name2_1_, pet0_.birth_date as birth_da3_1_, pet0_.owner_id as owner_id4_1_, pet0_.type_id as type_id5_1_ from pets pet0_ where pet0_.id=?
Hibernate: select owner0_.id as id1_0_0_, owner0_.first_name as first_na2_0_0_, owner0_.last_name as last_nam3_0_0_, owner0_.address as address4_0_0_, owner0_.city as city5_0_0_, owner0_.telephone as telephon6_0_0_ from owners owner0_ where owner0_.id=?
Hibernate: select pettype0_.id as id1_3_0_, pettype0_.name as name2_3_0_ from types pettype0_ where pettype0_.id=?
Hibernate: select visits0_.pet_id as pet_id4_1_0_, visits0_.id as id1_6_0_, visits0_.id as id1_6_1_, visits0_.visit_date as visit_da2_6_1_, visits0_.description as descript3_6_1_, visits0_.pet_id as pet_id4_6_1_ from visits visits0_ where visits0_.pet_id=?
Tests run: 10, Failures: 1, Errors: 0, Skipped: 0, Time elapsed: 0.901 sec <<< FAILURE!
shouldFindSingleOwnerWithPet(org.springframework.samples.petclinic.service.ClinicServiceSpringDataJpaTests)  Time elapsed: 0.012 sec  <<< FAILURE!
java.lang.AssertionError: 
Expecting:
 <"Bloggs">
to start with:
 <"Franklin">

	at org.springframework.samples.petclinic.service.AbstractClinicServiceTests.shouldFindSingleOwnerWithPet(AbstractClinicServiceTests.java:70)
	at sun.reflect.NativeMethodAccessorImpl.invoke0(Native Method)
	at sun.reflect.NativeMethodAccessorImpl.invoke(NativeMethodAccessorImpl.java:62)
	at sun.reflect.DelegatingMethodAccessorImpl.invoke(DelegatingMethodAccessorImpl.java:43)
	at java.lang.reflect.Method.invoke(Method.java:498)
	at org.junit.runners.model.FrameworkMethod$1.runReflectiveCall(FrameworkMethod.java:50)
	at org.junit.internal.runners.model.ReflectiveCallable.run(ReflectiveCallable.java:12)
	at org.junit.runners.model.FrameworkMethod.invokeExplosively(FrameworkMethod.java:47)
	at org.junit.internal.runners.statements.InvokeMethod.evaluate(InvokeMethod.java:17)
	at org.springframework.test.context.junit4.statements.RunBeforeTestMethodCallbacks.evaluate(RunBeforeTestMethodCallbacks.java:75)
	at org.springframework.test.context.junit4.statements.RunAfterTestMethodCallbacks.evaluate(RunAfterTestMethodCallbacks.java:86)
	at org.springframework.test.context.junit4.statements.SpringRepeat.evaluate(SpringRepeat.java:84)
	at org.junit.runners.ParentRunner.runLeaf(ParentRunner.java:325)
	at org.springframework.test.context.junit4.SpringJUnit4ClassRunner.runChild(SpringJUnit4ClassRunner.java:254)
	at org.springframework.test.context.junit4.SpringJUnit4ClassRunner.runChild(SpringJUnit4ClassRunner.java:89)
	at org.junit.runners.ParentRunner$3.run(ParentRunner.java:290)
	at org.junit.runners.ParentRunner$1.schedule(ParentRunner.java:71)
	at org.junit.runners.ParentRunner.runChildren(ParentRunner.java:288)
	at org.junit.runners.ParentRunner.access$000(ParentRunner.java:58)
	at org.junit.runners.ParentRunner$2.evaluate(ParentRunner.java:268)
	at org.springframework.test.context.junit4.statements.RunBeforeTestClassCallbacks.evaluate(RunBeforeTestClassCallbacks.java:61)
	at org.springframework.test.context.junit4.statements.RunAfterTestClassCallbacks.evaluate(RunAfterTestClassCallbacks.java:70)
	at org.junit.runners.ParentRunner.run(ParentRunner.java:363)
	at org.springframework.test.context.junit4.SpringJUnit4ClassRunner.run(SpringJUnit4ClassRunner.java:193)
	at org.apache.maven.surefire.junit4.JUnit4Provider.execute(JUnit4Provider.java:264)
	at org.apache.maven.surefire.junit4.JUnit4Provider.executeTestSet(JUnit4Provider.java:153)
	at org.apache.maven.surefire.junit4.JUnit4Provider.invoke(JUnit4Provider.java:124)
	at sun.reflect.NativeMethodAccessorImpl.invoke0(Native Method)
	at sun.reflect.NativeMethodAccessorImpl.invoke(NativeMethodAccessorImpl.java:62)
	at sun.reflect.DelegatingMethodAccessorImpl.invoke(DelegatingMethodAccessorImpl.java:43)
	at java.lang.reflect.Method.invoke(Method.java:498)
	at org.apache.maven.surefire.util.ReflectionUtils.invokeMethodWithArray2(ReflectionUtils.java:208)
	at org.apache.maven.surefire.booter.ProviderFactory$ProviderProxy.invoke(ProviderFactory.java:158)
	at org.apache.maven.surefire.booter.ProviderFactory.invokeProvider(ProviderFactory.java:86)
	at org.apache.maven.surefire.booter.ForkedBooter.runSuitesInProcess(ForkedBooter.java:153)
	at org.apache.maven.surefire.booter.ForkedBooter.main(ForkedBooter.java:95)

Running org.springframework.samples.petclinic.web.CrashControllerTests
INFO  WebTestContextBootstrapper - Loaded default TestExecutionListener class names from location [META-INF/spring.factories]: [org.springframework.test.context.web.ServletTestExecutionListener, org.springframework.test.context.support.DirtiesContextBeforeModesTestExecutionListener, org.springframework.test.context.support.DependencyInjectionTestExecutionListener, org.springframework.test.context.support.DirtiesContextTestExecutionListener, org.springframework.test.context.transaction.TransactionalTestExecutionListener, org.springframework.test.context.jdbc.SqlScriptsTestExecutionListener]
INFO  WebTestContextBootstrapper - Using TestExecutionListeners: [org.springframework.test.context.web.ServletTestExecutionListener@6169be09, org.springframework.test.context.support.DirtiesContextBeforeModesTestExecutionListener@5e3db14, org.springframework.test.context.support.DependencyInjectionTestExecutionListener@5fb54740, org.springframework.test.context.support.DirtiesContextTestExecutionListener@325162e9, org.springframework.test.context.transaction.TransactionalTestExecutionListener@1ee40b5c, org.springframework.test.context.jdbc.SqlScriptsTestExecutionListener@5c448ef]
INFO  XmlBeanDefinitionReader - Loading XML bean definitions from class path resource [spring/business-config.xml]
INFO  XmlBeanDefinitionReader - Loading XML bean definitions from class path resource [spring/datasource-config.xml]
INFO  XmlBeanDefinitionReader - Loading XML bean definitions from class path resource [spring/tools-config.xml]
INFO  XmlBeanDefinitionReader - Loading XML bean definitions from class path resource [spring/mvc-core-config.xml]
INFO  XmlBeanDefinitionReader - Loading XML bean definitions from class path resource [spring/mvc-view-config.xml]
INFO  GenericWebApplicationContext - Refreshing org.springframework.web.context.support.GenericWebApplicationContext@2d4a3e13: startup date [Fri Jan 02 22:46:19 IST 2026]; root of context hierarchy
INFO  PropertyPlaceholderConfigurer - Loading properties file from class path resource [spring/data-access.properties]
INFO  PropertyPlaceholderConfigurer - Loading properties file from class path resource [spring/data-access.properties]
INFO  LocalContainerEntityManagerFactoryBean - Building JPA container EntityManagerFactory for persistence unit 'petclinic'
INFO  LogHelper - HHH000204: Processing PersistenceUnitInfo [
	name: petclinic
	...]
INFO  Dialect - HHH000400: Using dialect: org.hibernate.dialect.PostgreSQLDialect
INFO  LobCreatorBuilder - HHH000424: Disabling contextual LOB creation as createClob() method threw error : java.lang.reflect.InvocationTargetException
INFO  ASTQueryTranslatorFactory - HHH000397: Using ASTQueryTranslatorFactory
WARN  EntityManagerFactoryRegistry - HHH000436: Entity manager factory name (petclinic) is already registered.  If entity manager will be clustered or passivated, specify a unique value for property 'hibernate.ejb.entitymanager_factory_name'
INFO  EhCacheManagerFactoryBean - Initializing EhCache CacheManager
INFO  Jaxb2Marshaller - Creating JAXBContext with classes to be bound [class org.springframework.samples.petclinic.model.Vets]
INFO  RequestMappingHandlerMapping - Mapped "{[/oups],methods=[GET]}" onto public java.lang.String org.springframework.samples.petclinic.web.CrashController.triggerException()
INFO  RequestMappingHandlerMapping - Mapped "{[/owners/{ownerId}/edit],methods=[POST]}" onto public java.lang.String org.springframework.samples.petclinic.web.OwnerController.processUpdateOwnerForm(org.springframework.samples.petclinic.model.Owner,org.springframework.validation.BindingResult,int)
INFO  RequestMappingHandlerMapping - Mapped "{[/owners/{ownerId}/edit],methods=[GET]}" onto public java.lang.String org.springframework.samples.petclinic.web.OwnerController.initUpdateOwnerForm(int,org.springframework.ui.Model)
INFO  RequestMappingHandlerMapping - Mapped "{[/owners/new],methods=[POST]}" onto public java.lang.String org.springframework.samples.petclinic.web.OwnerController.processCreationForm(org.springframework.samples.petclinic.model.Owner,org.springframework.validation.BindingResult)
INFO  RequestMappingHandlerMapping - Mapped "{[/owners/find],methods=[GET]}" onto public java.lang.String org.springframework.samples.petclinic.web.OwnerController.initFindForm(java.util.Map<java.lang.String, java.lang.Object>)
INFO  RequestMappingHandlerMapping - Mapped "{[/owners/new],methods=[GET]}" onto public java.lang.String org.springframework.samples.petclinic.web.OwnerController.initCreationForm(java.util.Map<java.lang.String, java.lang.Object>)
INFO  RequestMappingHandlerMapping - Mapped "{[/owners],methods=[GET]}" onto public java.lang.String org.springframework.samples.petclinic.web.OwnerController.processFindForm(org.springframework.samples.petclinic.model.Owner,org.springframework.validation.BindingResult,java.util.Map<java.lang.String, java.lang.Object>)
INFO  RequestMappingHandlerMapping - Mapped "{[/owners/{ownerId}]}" onto public org.springframework.web.servlet.ModelAndView org.springframework.samples.petclinic.web.OwnerController.showOwner(int)
INFO  RequestMappingHandlerMapping - Mapped "{[/owners/{ownerId}/pets/{petId}/edit],methods=[POST]}" onto public java.lang.String org.springframework.samples.petclinic.web.PetController.processUpdateForm(org.springframework.samples.petclinic.model.Pet,org.springframework.validation.BindingResult,org.springframework.samples.petclinic.model.Owner,org.springframework.ui.ModelMap)
INFO  RequestMappingHandlerMapping - Mapped "{[/owners/{ownerId}/pets/new],methods=[POST]}" onto public java.lang.String org.springframework.samples.petclinic.web.PetController.processCreationForm(org.springframework.samples.petclinic.model.Owner,org.springframework.samples.petclinic.model.Pet,org.springframework.validation.BindingResult,org.springframework.ui.ModelMap)
INFO  RequestMappingHandlerMapping - Mapped "{[/owners/{ownerId}/pets/new],methods=[GET]}" onto public java.lang.String org.springframework.samples.petclinic.web.PetController.initCreationForm(org.springframework.samples.petclinic.model.Owner,org.springframework.ui.ModelMap)
INFO  RequestMappingHandlerMapping - Mapped "{[/owners/{ownerId}/pets/{petId}/edit],methods=[GET]}" onto public java.lang.String org.springframework.samples.petclinic.web.PetController.initUpdateForm(int,org.springframework.ui.ModelMap)
INFO  RequestMappingHandlerMapping - Mapped "{[/vets.json]}" onto public org.springframework.samples.petclinic.model.Vets org.springframework.samples.petclinic.web.VetController.showResourcesVetList()
INFO  RequestMappingHandlerMapping - Mapped "{[/vets.xml || /vets.html]}" onto public java.lang.String org.springframework.samples.petclinic.web.VetController.showVetList(java.util.Map<java.lang.String, java.lang.Object>)
INFO  RequestMappingHandlerMapping - Mapped "{[/owners/{ownerId}/pets/{petId}/visits/new],methods=[POST]}" onto public java.lang.String org.springframework.samples.petclinic.web.VisitController.processNewVisitForm(org.springframework.samples.petclinic.model.Visit,org.springframework.validation.BindingResult)
INFO  RequestMappingHandlerMapping - Mapped "{[/owners/*/pets/{petId}/visits/new],methods=[GET]}" onto public java.lang.String org.springframework.samples.petclinic.web.VisitController.initNewVisitForm(int,java.util.Map<java.lang.String, java.lang.Object>)
INFO  RequestMappingHandlerMapping - Mapped "{[/owners/*/pets/{petId}/visits],methods=[GET]}" onto public java.lang.String org.springframework.samples.petclinic.web.VisitController.showVisits(int,java.util.Map<java.lang.String, java.lang.Object>)
INFO  RequestMappingHandlerAdapter - Looking for @ControllerAdvice: org.springframework.web.context.support.GenericWebApplicationContext@2d4a3e13: startup date [Fri Jan 02 22:46:19 IST 2026]; root of context hierarchy
INFO  RequestMappingHandlerAdapter - Looking for @ControllerAdvice: org.springframework.web.context.support.GenericWebApplicationContext@2d4a3e13: startup date [Fri Jan 02 22:46:19 IST 2026]; root of context hierarchy
INFO  SimpleUrlHandlerMapping - Mapped URL path [/resources/**] onto handler 'org.springframework.web.servlet.resource.ResourceHttpRequestHandler#0'
INFO  SimpleUrlHandlerMapping - Mapped URL path [/vendors/**] onto handler 'org.springframework.web.servlet.resource.ResourceHttpRequestHandler#1'
INFO  SimpleUrlHandlerMapping - Root mapping to handler of type [class org.springframework.web.servlet.mvc.ParameterizableViewController]
INFO  SimpleUrlHandlerMapping - Mapped URL path [/**] onto handler 'org.springframework.web.servlet.resource.DefaultServletHttpRequestHandler#0'
INFO  AnnotationMBeanExporter - Registering beans for JMX exposure on startup
INFO  AnnotationMBeanExporter - Bean with name 'callMonitor' has been autodetected for JMX exposure
INFO  AnnotationMBeanExporter - Located managed bean 'callMonitor': registering with JMX server as MBean [petclinic:type=CallMonitor]
INFO  StandaloneMockMvcBuilder$StaticRequestMappingHandlerMapping - Mapped "{[/oups],methods=[GET]}" onto public java.lang.String org.springframework.samples.petclinic.web.CrashController.triggerException()
INFO  RequestMappingHandlerAdapter - Looking for @ControllerAdvice: org.springframework.test.web.servlet.setup.StubWebApplicationContext@54bc3bcf
INFO  MockServletContext - Initializing Spring FrameworkServlet ''
INFO  TestDispatcherServlet - FrameworkServlet '': initialization started
INFO  TestDispatcherServlet - FrameworkServlet '': initialization completed in 0 ms
WARN  warn - Handler execution resulted in exception: java.lang.RuntimeException: Expected: controller used to showcase what happens when an exception is thrown
Tests run: 1, Failures: 0, Errors: 0, Skipped: 0, Time elapsed: 1.804 sec
Running org.springframework.samples.petclinic.web.OwnerControllerTests
INFO  WebTestContextBootstrapper - Loaded default TestExecutionListener class names from location [META-INF/spring.factories]: [org.springframework.test.context.web.ServletTestExecutionListener, org.springframework.test.context.support.DirtiesContextBeforeModesTestExecutionListener, org.springframework.test.context.support.DependencyInjectionTestExecutionListener, org.springframework.test.context.support.DirtiesContextTestExecutionListener, org.springframework.test.context.transaction.TransactionalTestExecutionListener, org.springframework.test.context.jdbc.SqlScriptsTestExecutionListener]
INFO  WebTestContextBootstrapper - Using TestExecutionListeners: [org.springframework.test.context.web.ServletTestExecutionListener@10e8c7a2, org.springframework.test.context.support.DirtiesContextBeforeModesTestExecutionListener@5d8fd077, org.springframework.test.context.support.DependencyInjectionTestExecutionListener@4544ab46, org.springframework.test.context.support.DirtiesContextTestExecutionListener@2052f095, org.springframework.test.context.transaction.TransactionalTestExecutionListener@76d1f6ea, org.springframework.test.context.jdbc.SqlScriptsTestExecutionListener@55fe9c2f]
INFO  StandaloneMockMvcBuilder$StaticRequestMappingHandlerMapping - Mapped "{[/owners/{ownerId}/edit],methods=[POST]}" onto public java.lang.String org.springframework.samples.petclinic.web.OwnerController.processUpdateOwnerForm(org.springframework.samples.petclinic.model.Owner,org.springframework.validation.BindingResult,int)
INFO  StandaloneMockMvcBuilder$StaticRequestMappingHandlerMapping - Mapped "{[/owners/{ownerId}/edit],methods=[GET]}" onto public java.lang.String org.springframework.samples.petclinic.web.OwnerController.initUpdateOwnerForm(int,org.springframework.ui.Model)
INFO  StandaloneMockMvcBuilder$StaticRequestMappingHandlerMapping - Mapped "{[/owners/new],methods=[POST]}" onto public java.lang.String org.springframework.samples.petclinic.web.OwnerController.processCreationForm(org.springframework.samples.petclinic.model.Owner,org.springframework.validation.BindingResult)
INFO  StandaloneMockMvcBuilder$StaticRequestMappingHandlerMapping - Mapped "{[/owners/find],methods=[GET]}" onto public java.lang.String org.springframework.samples.petclinic.web.OwnerController.initFindForm(java.util.Map<java.lang.String, java.lang.Object>)
INFO  StandaloneMockMvcBuilder$StaticRequestMappingHandlerMapping - Mapped "{[/owners/new],methods=[GET]}" onto public java.lang.String org.springframework.samples.petclinic.web.OwnerController.initCreationForm(java.util.Map<java.lang.String, java.lang.Object>)
INFO  StandaloneMockMvcBuilder$StaticRequestMappingHandlerMapping - Mapped "{[/owners],methods=[GET]}" onto public java.lang.String org.springframework.samples.petclinic.web.OwnerController.processFindForm(org.springframework.samples.petclinic.model.Owner,org.springframework.validation.BindingResult,java.util.Map<java.lang.String, java.lang.Object>)
INFO  StandaloneMockMvcBuilder$StaticRequestMappingHandlerMapping - Mapped "{[/owners/{ownerId}]}" onto public org.springframework.web.servlet.ModelAndView org.springframework.samples.petclinic.web.OwnerController.showOwner(int)
INFO  RequestMappingHandlerAdapter - Looking for @ControllerAdvice: org.springframework.test.web.servlet.setup.StubWebApplicationContext@6159fb3c
INFO  MockServletContext - Initializing Spring FrameworkServlet ''
INFO  TestDispatcherServlet - FrameworkServlet '': initialization started
INFO  TestDispatcherServlet - FrameworkServlet '': initialization completed in 0 ms
INFO  StandaloneMockMvcBuilder$StaticRequestMappingHandlerMapping - Mapped "{[/owners/{ownerId}/edit],methods=[POST]}" onto public java.lang.String org.springframework.samples.petclinic.web.OwnerController.processUpdateOwnerForm(org.springframework.samples.petclinic.model.Owner,org.springframework.validation.BindingResult,int)
INFO  StandaloneMockMvcBuilder$StaticRequestMappingHandlerMapping - Mapped "{[/owners/{ownerId}/edit],methods=[GET]}" onto public java.lang.String org.springframework.samples.petclinic.web.OwnerController.initUpdateOwnerForm(int,org.springframework.ui.Model)
INFO  StandaloneMockMvcBuilder$StaticRequestMappingHandlerMapping - Mapped "{[/owners/new],methods=[POST]}" onto public java.lang.String org.springframework.samples.petclinic.web.OwnerController.processCreationForm(org.springframework.samples.petclinic.model.Owner,org.springframework.validation.BindingResult)
INFO  StandaloneMockMvcBuilder$StaticRequestMappingHandlerMapping - Mapped "{[/owners/find],methods=[GET]}" onto public java.lang.String org.springframework.samples.petclinic.web.OwnerController.initFindForm(java.util.Map<java.lang.String, java.lang.Object>)
INFO  StandaloneMockMvcBuilder$StaticRequestMappingHandlerMapping - Mapped "{[/owners/new],methods=[GET]}" onto public java.lang.String org.springframework.samples.petclinic.web.OwnerController.initCreationForm(java.util.Map<java.lang.String, java.lang.Object>)
INFO  StandaloneMockMvcBuilder$StaticRequestMappingHandlerMapping - Mapped "{[/owners],methods=[GET]}" onto public java.lang.String org.springframework.samples.petclinic.web.OwnerController.processFindForm(org.springframework.samples.petclinic.model.Owner,org.springframework.validation.BindingResult,java.util.Map<java.lang.String, java.lang.Object>)
INFO  StandaloneMockMvcBuilder$StaticRequestMappingHandlerMapping - Mapped "{[/owners/{ownerId}]}" onto public org.springframework.web.servlet.ModelAndView org.springframework.samples.petclinic.web.OwnerController.showOwner(int)
INFO  RequestMappingHandlerAdapter - Looking for @ControllerAdvice: org.springframework.test.web.servlet.setup.StubWebApplicationContext@5ba63110
INFO  MockServletContext - Initializing Spring FrameworkServlet ''
INFO  TestDispatcherServlet - FrameworkServlet '': initialization started
INFO  TestDispatcherServlet - FrameworkServlet '': initialization completed in 0 ms
Hibernate: insert into owners (first_name, last_name, address, city, telephone) values (?, ?, ?, ?, ?)
INFO  StandaloneMockMvcBuilder$StaticRequestMappingHandlerMapping - Mapped "{[/owners/{ownerId}/edit],methods=[POST]}" onto public java.lang.String org.springframework.samples.petclinic.web.OwnerController.processUpdateOwnerForm(org.springframework.samples.petclinic.model.Owner,org.springframework.validation.BindingResult,int)
INFO  StandaloneMockMvcBuilder$StaticRequestMappingHandlerMapping - Mapped "{[/owners/{ownerId}/edit],methods=[GET]}" onto public java.lang.String org.springframework.samples.petclinic.web.OwnerController.initUpdateOwnerForm(int,org.springframework.ui.Model)
INFO  StandaloneMockMvcBuilder$StaticRequestMappingHandlerMapping - Mapped "{[/owners/new],methods=[POST]}" onto public java.lang.String org.springframework.samples.petclinic.web.OwnerController.processCreationForm(org.springframework.samples.petclinic.model.Owner,org.springframework.validation.BindingResult)
INFO  StandaloneMockMvcBuilder$StaticRequestMappingHandlerMapping - Mapped "{[/owners/find],methods=[GET]}" onto public java.lang.String org.springframework.samples.petclinic.web.OwnerController.initFindForm(java.util.Map<java.lang.String, java.lang.Object>)
INFO  StandaloneMockMvcBuilder$StaticRequestMappingHandlerMapping - Mapped "{[/owners/new],methods=[GET]}" onto public java.lang.String org.springframework.samples.petclinic.web.OwnerController.initCreationForm(java.util.Map<java.lang.String, java.lang.Object>)
INFO  StandaloneMockMvcBuilder$StaticRequestMappingHandlerMapping - Mapped "{[/owners],methods=[GET]}" onto public java.lang.String org.springframework.samples.petclinic.web.OwnerController.processFindForm(org.springframework.samples.petclinic.model.Owner,org.springframework.validation.BindingResult,java.util.Map<java.lang.String, java.lang.Object>)
INFO  StandaloneMockMvcBuilder$StaticRequestMappingHandlerMapping - Mapped "{[/owners/{ownerId}]}" onto public org.springframework.web.servlet.ModelAndView org.springframework.samples.petclinic.web.OwnerController.showOwner(int)
INFO  RequestMappingHandlerAdapter - Looking for @ControllerAdvice: org.springframework.test.web.servlet.setup.StubWebApplicationContext@696298ea
INFO  MockServletContext - Initializing Spring FrameworkServlet ''
INFO  TestDispatcherServlet - FrameworkServlet '': initialization started
INFO  TestDispatcherServlet - FrameworkServlet '': initialization completed in 0 ms
INFO  StandaloneMockMvcBuilder$StaticRequestMappingHandlerMapping - Mapped "{[/owners/{ownerId}/edit],methods=[POST]}" onto public java.lang.String org.springframework.samples.petclinic.web.OwnerController.processUpdateOwnerForm(org.springframework.samples.petclinic.model.Owner,org.springframework.validation.BindingResult,int)
INFO  StandaloneMockMvcBuilder$StaticRequestMappingHandlerMapping - Mapped "{[/owners/{ownerId}/edit],methods=[GET]}" onto public java.lang.String org.springframework.samples.petclinic.web.OwnerController.initUpdateOwnerForm(int,org.springframework.ui.Model)
INFO  StandaloneMockMvcBuilder$StaticRequestMappingHandlerMapping - Mapped "{[/owners/new],methods=[POST]}" onto public java.lang.String org.springframework.samples.petclinic.web.OwnerController.processCreationForm(org.springframework.samples.petclinic.model.Owner,org.springframework.validation.BindingResult)
INFO  StandaloneMockMvcBuilder$StaticRequestMappingHandlerMapping - Mapped "{[/owners/find],methods=[GET]}" onto public java.lang.String org.springframework.samples.petclinic.web.OwnerController.initFindForm(java.util.Map<java.lang.String, java.lang.Object>)
INFO  StandaloneMockMvcBuilder$StaticRequestMappingHandlerMapping - Mapped "{[/owners/new],methods=[GET]}" onto public java.lang.String org.springframework.samples.petclinic.web.OwnerController.initCreationForm(java.util.Map<java.lang.String, java.lang.Object>)
INFO  StandaloneMockMvcBuilder$StaticRequestMappingHandlerMapping - Mapped "{[/owners],methods=[GET]}" onto public java.lang.String org.springframework.samples.petclinic.web.OwnerController.processFindForm(org.springframework.samples.petclinic.model.Owner,org.springframework.validation.BindingResult,java.util.Map<java.lang.String, java.lang.Object>)
INFO  StandaloneMockMvcBuilder$StaticRequestMappingHandlerMapping - Mapped "{[/owners/{ownerId}]}" onto public org.springframework.web.servlet.ModelAndView org.springframework.samples.petclinic.web.OwnerController.showOwner(int)
INFO  RequestMappingHandlerAdapter - Looking for @ControllerAdvice: org.springframework.test.web.servlet.setup.StubWebApplicationContext@75f65d54
INFO  MockServletContext - Initializing Spring FrameworkServlet ''
INFO  TestDispatcherServlet - FrameworkServlet '': initialization started
INFO  TestDispatcherServlet - FrameworkServlet '': initialization completed in 0 ms
Hibernate: select owner0_.id as id1_0_0_, pets1_.id as id1_1_1_, owner0_.first_name as first_na2_0_0_, owner0_.last_name as last_nam3_0_0_, owner0_.address as address4_0_0_, owner0_.city as city5_0_0_, owner0_.telephone as telephon6_0_0_, pets1_.name as name2_1_1_, pets1_.birth_date as birth_da3_1_1_, pets1_.owner_id as owner_id4_1_1_, pets1_.type_id as type_id5_1_1_, pets1_.owner_id as owner_id4_0_0__, pets1_.id as id1_1_0__ from owners owner0_ left outer join pets pets1_ on owner0_.id=pets1_.owner_id where owner0_.id=?
Hibernate: select pettype0_.id as id1_3_0_, pettype0_.name as name2_3_0_ from types pettype0_ where pettype0_.id=?
Hibernate: select pettype0_.id as id1_3_0_, pettype0_.name as name2_3_0_ from types pettype0_ where pettype0_.id=?
Hibernate: select visits0_.pet_id as pet_id4_1_0_, visits0_.id as id1_6_0_, visits0_.id as id1_6_1_, visits0_.visit_date as visit_da2_6_1_, visits0_.description as descript3_6_1_, visits0_.pet_id as pet_id4_6_1_ from visits visits0_ where visits0_.pet_id=?
Hibernate: select visits0_.pet_id as pet_id4_1_0_, visits0_.id as id1_6_0_, visits0_.id as id1_6_1_, visits0_.visit_date as visit_da2_6_1_, visits0_.description as descript3_6_1_, visits0_.pet_id as pet_id4_6_1_ from visits visits0_ where visits0_.pet_id=?
Hibernate: select visits0_.pet_id as pet_id4_1_0_, visits0_.id as id1_6_0_, visits0_.id as id1_6_1_, visits0_.visit_date as visit_da2_6_1_, visits0_.description as descript3_6_1_, visits0_.pet_id as pet_id4_6_1_ from visits visits0_ where visits0_.pet_id=?
Hibernate: select visits0_.pet_id as pet_id4_1_0_, visits0_.id as id1_6_0_, visits0_.id as id1_6_1_, visits0_.visit_date as visit_da2_6_1_, visits0_.description as descript3_6_1_, visits0_.pet_id as pet_id4_6_1_ from visits visits0_ where visits0_.pet_id=?
Hibernate: select visits0_.pet_id as pet_id4_1_0_, visits0_.id as id1_6_0_, visits0_.id as id1_6_1_, visits0_.visit_date as visit_da2_6_1_, visits0_.description as descript3_6_1_, visits0_.pet_id as pet_id4_6_1_ from visits visits0_ where visits0_.pet_id=?
Hibernate: select visits0_.pet_id as pet_id4_1_0_, visits0_.id as id1_6_0_, visits0_.id as id1_6_1_, visits0_.visit_date as visit_da2_6_1_, visits0_.description as descript3_6_1_, visits0_.pet_id as pet_id4_6_1_ from visits visits0_ where visits0_.pet_id=?
Hibernate: select visits0_.pet_id as pet_id4_1_0_, visits0_.id as id1_6_0_, visits0_.id as id1_6_1_, visits0_.visit_date as visit_da2_6_1_, visits0_.description as descript3_6_1_, visits0_.pet_id as pet_id4_6_1_ from visits visits0_ where visits0_.pet_id=?
Hibernate: select visits0_.pet_id as pet_id4_1_0_, visits0_.id as id1_6_0_, visits0_.id as id1_6_1_, visits0_.visit_date as visit_da2_6_1_, visits0_.description as descript3_6_1_, visits0_.pet_id as pet_id4_6_1_ from visits visits0_ where visits0_.pet_id=?
Hibernate: select visits0_.pet_id as pet_id4_1_0_, visits0_.id as id1_6_0_, visits0_.id as id1_6_1_, visits0_.visit_date as visit_da2_6_1_, visits0_.description as descript3_6_1_, visits0_.pet_id as pet_id4_6_1_ from visits visits0_ where visits0_.pet_id=?
Hibernate: select visits0_.pet_id as pet_id4_1_0_, visits0_.id as id1_6_0_, visits0_.id as id1_6_1_, visits0_.visit_date as visit_da2_6_1_, visits0_.description as descript3_6_1_, visits0_.pet_id as pet_id4_6_1_ from visits visits0_ where visits0_.pet_id=?
Hibernate: select visits0_.pet_id as pet_id4_1_0_, visits0_.id as id1_6_0_, visits0_.id as id1_6_1_, visits0_.visit_date as visit_da2_6_1_, visits0_.description as descript3_6_1_, visits0_.pet_id as pet_id4_6_1_ from visits visits0_ where visits0_.pet_id=?
Hibernate: select visits0_.pet_id as pet_id4_1_0_, visits0_.id as id1_6_0_, visits0_.id as id1_6_1_, visits0_.visit_date as visit_da2_6_1_, visits0_.description as descript3_6_1_, visits0_.pet_id as pet_id4_6_1_ from visits visits0_ where visits0_.pet_id=?
Hibernate: select visits0_.pet_id as pet_id4_1_0_, visits0_.id as id1_6_0_, visits0_.id as id1_6_1_, visits0_.visit_date as visit_da2_6_1_, visits0_.description as descript3_6_1_, visits0_.pet_id as pet_id4_6_1_ from visits visits0_ where visits0_.pet_id=?
INFO  StandaloneMockMvcBuilder$StaticRequestMappingHandlerMapping - Mapped "{[/owners/{ownerId}/edit],methods=[POST]}" onto public java.lang.String org.springframework.samples.petclinic.web.OwnerController.processUpdateOwnerForm(org.springframework.samples.petclinic.model.Owner,org.springframework.validation.BindingResult,int)
INFO  StandaloneMockMvcBuilder$StaticRequestMappingHandlerMapping - Mapped "{[/owners/{ownerId}/edit],methods=[GET]}" onto public java.lang.String org.springframework.samples.petclinic.web.OwnerController.initUpdateOwnerForm(int,org.springframework.ui.Model)
INFO  StandaloneMockMvcBuilder$StaticRequestMappingHandlerMapping - Mapped "{[/owners/new],methods=[POST]}" onto public java.lang.String org.springframework.samples.petclinic.web.OwnerController.processCreationForm(org.springframework.samples.petclinic.model.Owner,org.springframework.validation.BindingResult)
INFO  StandaloneMockMvcBuilder$StaticRequestMappingHandlerMapping - Mapped "{[/owners/find],methods=[GET]}" onto public java.lang.String org.springframework.samples.petclinic.web.OwnerController.initFindForm(java.util.Map<java.lang.String, java.lang.Object>)
INFO  StandaloneMockMvcBuilder$StaticRequestMappingHandlerMapping - Mapped "{[/owners/new],methods=[GET]}" onto public java.lang.String org.springframework.samples.petclinic.web.OwnerController.initCreationForm(java.util.Map<java.lang.String, java.lang.Object>)
INFO  StandaloneMockMvcBuilder$StaticRequestMappingHandlerMapping - Mapped "{[/owners],methods=[GET]}" onto public java.lang.String org.springframework.samples.petclinic.web.OwnerController.processFindForm(org.springframework.samples.petclinic.model.Owner,org.springframework.validation.BindingResult,java.util.Map<java.lang.String, java.lang.Object>)
INFO  StandaloneMockMvcBuilder$StaticRequestMappingHandlerMapping - Mapped "{[/owners/{ownerId}]}" onto public org.springframework.web.servlet.ModelAndView org.springframework.samples.petclinic.web.OwnerController.showOwner(int)
INFO  RequestMappingHandlerAdapter - Looking for @ControllerAdvice: org.springframework.test.web.servlet.setup.StubWebApplicationContext@1987807b
INFO  MockServletContext - Initializing Spring FrameworkServlet ''
INFO  TestDispatcherServlet - FrameworkServlet '': initialization started
INFO  TestDispatcherServlet - FrameworkServlet '': initialization completed in 0 ms
Hibernate: select owner0_.id as id1_0_0_, pets1_.id as id1_1_1_, owner0_.first_name as first_na2_0_0_, owner0_.last_name as last_nam3_0_0_, owner0_.address as address4_0_0_, owner0_.city as city5_0_0_, owner0_.telephone as telephon6_0_0_, pets1_.name as name2_1_1_, pets1_.birth_date as birth_da3_1_1_, pets1_.owner_id as owner_id4_1_1_, pets1_.type_id as type_id5_1_1_, pets1_.owner_id as owner_id4_0_0__, pets1_.id as id1_1_0__ from owners owner0_ left outer join pets pets1_ on owner0_.id=pets1_.owner_id where owner0_.id=?
Hibernate: select pettype0_.id as id1_3_0_, pettype0_.name as name2_3_0_ from types pettype0_ where pettype0_.id=?
Hibernate: select pettype0_.id as id1_3_0_, pettype0_.name as name2_3_0_ from types pettype0_ where pettype0_.id=?
Hibernate: select visits0_.pet_id as pet_id4_1_0_, visits0_.id as id1_6_0_, visits0_.id as id1_6_1_, visits0_.visit_date as visit_da2_6_1_, visits0_.description as descript3_6_1_, visits0_.pet_id as pet_id4_6_1_ from visits visits0_ where visits0_.pet_id=?
Hibernate: select visits0_.pet_id as pet_id4_1_0_, visits0_.id as id1_6_0_, visits0_.id as id1_6_1_, visits0_.visit_date as visit_da2_6_1_, visits0_.description as descript3_6_1_, visits0_.pet_id as pet_id4_6_1_ from visits visits0_ where visits0_.pet_id=?
Hibernate: select visits0_.pet_id as pet_id4_1_0_, visits0_.id as id1_6_0_, visits0_.id as id1_6_1_, visits0_.visit_date as visit_da2_6_1_, visits0_.description as descript3_6_1_, visits0_.pet_id as pet_id4_6_1_ from visits visits0_ where visits0_.pet_id=?
Hibernate: select visits0_.pet_id as pet_id4_1_0_, visits0_.id as id1_6_0_, visits0_.id as id1_6_1_, visits0_.visit_date as visit_da2_6_1_, visits0_.description as descript3_6_1_, visits0_.pet_id as pet_id4_6_1_ from visits visits0_ where visits0_.pet_id=?
Hibernate: select visits0_.pet_id as pet_id4_1_0_, visits0_.id as id1_6_0_, visits0_.id as id1_6_1_, visits0_.visit_date as visit_da2_6_1_, visits0_.description as descript3_6_1_, visits0_.pet_id as pet_id4_6_1_ from visits visits0_ where visits0_.pet_id=?
Hibernate: select visits0_.pet_id as pet_id4_1_0_, visits0_.id as id1_6_0_, visits0_.id as id1_6_1_, visits0_.visit_date as visit_da2_6_1_, visits0_.description as descript3_6_1_, visits0_.pet_id as pet_id4_6_1_ from visits visits0_ where visits0_.pet_id=?
Hibernate: select visits0_.pet_id as pet_id4_1_0_, visits0_.id as id1_6_0_, visits0_.id as id1_6_1_, visits0_.visit_date as visit_da2_6_1_, visits0_.description as descript3_6_1_, visits0_.pet_id as pet_id4_6_1_ from visits visits0_ where visits0_.pet_id=?
Hibernate: select visits0_.pet_id as pet_id4_1_0_, visits0_.id as id1_6_0_, visits0_.id as id1_6_1_, visits0_.visit_date as visit_da2_6_1_, visits0_.description as descript3_6_1_, visits0_.pet_id as pet_id4_6_1_ from visits visits0_ where visits0_.pet_id=?
Hibernate: select visits0_.pet_id as pet_id4_1_0_, visits0_.id as id1_6_0_, visits0_.id as id1_6_1_, visits0_.visit_date as visit_da2_6_1_, visits0_.description as descript3_6_1_, visits0_.pet_id as pet_id4_6_1_ from visits visits0_ where visits0_.pet_id=?
Hibernate: select visits0_.pet_id as pet_id4_1_0_, visits0_.id as id1_6_0_, visits0_.id as id1_6_1_, visits0_.visit_date as visit_da2_6_1_, visits0_.description as descript3_6_1_, visits0_.pet_id as pet_id4_6_1_ from visits visits0_ where visits0_.pet_id=?
Hibernate: select visits0_.pet_id as pet_id4_1_0_, visits0_.id as id1_6_0_, visits0_.id as id1_6_1_, visits0_.visit_date as visit_da2_6_1_, visits0_.description as descript3_6_1_, visits0_.pet_id as pet_id4_6_1_ from visits visits0_ where visits0_.pet_id=?
Hibernate: select visits0_.pet_id as pet_id4_1_0_, visits0_.id as id1_6_0_, visits0_.id as id1_6_1_, visits0_.visit_date as visit_da2_6_1_, visits0_.description as descript3_6_1_, visits0_.pet_id as pet_id4_6_1_ from visits visits0_ where visits0_.pet_id=?
Hibernate: select visits0_.pet_id as pet_id4_1_0_, visits0_.id as id1_6_0_, visits0_.id as id1_6_1_, visits0_.visit_date as visit_da2_6_1_, visits0_.description as descript3_6_1_, visits0_.pet_id as pet_id4_6_1_ from visits visits0_ where visits0_.pet_id=?
INFO  StandaloneMockMvcBuilder$StaticRequestMappingHandlerMapping - Mapped "{[/owners/{ownerId}/edit],methods=[POST]}" onto public java.lang.String org.springframework.samples.petclinic.web.OwnerController.processUpdateOwnerForm(org.springframework.samples.petclinic.model.Owner,org.springframework.validation.BindingResult,int)
INFO  StandaloneMockMvcBuilder$StaticRequestMappingHandlerMapping - Mapped "{[/owners/{ownerId}/edit],methods=[GET]}" onto public java.lang.String org.springframework.samples.petclinic.web.OwnerController.initUpdateOwnerForm(int,org.springframework.ui.Model)
INFO  StandaloneMockMvcBuilder$StaticRequestMappingHandlerMapping - Mapped "{[/owners/new],methods=[POST]}" onto public java.lang.String org.springframework.samples.petclinic.web.OwnerController.processCreationForm(org.springframework.samples.petclinic.model.Owner,org.springframework.validation.BindingResult)
INFO  StandaloneMockMvcBuilder$StaticRequestMappingHandlerMapping - Mapped "{[/owners/find],methods=[GET]}" onto public java.lang.String org.springframework.samples.petclinic.web.OwnerController.initFindForm(java.util.Map<java.lang.String, java.lang.Object>)
INFO  StandaloneMockMvcBuilder$StaticRequestMappingHandlerMapping - Mapped "{[/owners/new],methods=[GET]}" onto public java.lang.String org.springframework.samples.petclinic.web.OwnerController.initCreationForm(java.util.Map<java.lang.String, java.lang.Object>)
INFO  StandaloneMockMvcBuilder$StaticRequestMappingHandlerMapping - Mapped "{[/owners],methods=[GET]}" onto public java.lang.String org.springframework.samples.petclinic.web.OwnerController.processFindForm(org.springframework.samples.petclinic.model.Owner,org.springframework.validation.BindingResult,java.util.Map<java.lang.String, java.lang.Object>)
INFO  StandaloneMockMvcBuilder$StaticRequestMappingHandlerMapping - Mapped "{[/owners/{ownerId}]}" onto public org.springframework.web.servlet.ModelAndView org.springframework.samples.petclinic.web.OwnerController.showOwner(int)
INFO  RequestMappingHandlerAdapter - Looking for @ControllerAdvice: org.springframework.test.web.servlet.setup.StubWebApplicationContext@430106cf
INFO  MockServletContext - Initializing Spring FrameworkServlet ''
INFO  TestDispatcherServlet - FrameworkServlet '': initialization started
INFO  TestDispatcherServlet - FrameworkServlet '': initialization completed in 0 ms
INFO  StandaloneMockMvcBuilder$StaticRequestMappingHandlerMapping - Mapped "{[/owners/{ownerId}/edit],methods=[POST]}" onto public java.lang.String org.springframework.samples.petclinic.web.OwnerController.processUpdateOwnerForm(org.springframework.samples.petclinic.model.Owner,org.springframework.validation.BindingResult,int)
INFO  StandaloneMockMvcBuilder$StaticRequestMappingHandlerMapping - Mapped "{[/owners/{ownerId}/edit],methods=[GET]}" onto public java.lang.String org.springframework.samples.petclinic.web.OwnerController.initUpdateOwnerForm(int,org.springframework.ui.Model)
INFO  StandaloneMockMvcBuilder$StaticRequestMappingHandlerMapping - Mapped "{[/owners/new],methods=[POST]}" onto public java.lang.String org.springframework.samples.petclinic.web.OwnerController.processCreationForm(org.springframework.samples.petclinic.model.Owner,org.springframework.validation.BindingResult)
INFO  StandaloneMockMvcBuilder$StaticRequestMappingHandlerMapping - Mapped "{[/owners/find],methods=[GET]}" onto public java.lang.String org.springframework.samples.petclinic.web.OwnerController.initFindForm(java.util.Map<java.lang.String, java.lang.Object>)
INFO  StandaloneMockMvcBuilder$StaticRequestMappingHandlerMapping - Mapped "{[/owners/new],methods=[GET]}" onto public java.lang.String org.springframework.samples.petclinic.web.OwnerController.initCreationForm(java.util.Map<java.lang.String, java.lang.Object>)
INFO  StandaloneMockMvcBuilder$StaticRequestMappingHandlerMapping - Mapped "{[/owners],methods=[GET]}" onto public java.lang.String org.springframework.samples.petclinic.web.OwnerController.processFindForm(org.springframework.samples.petclinic.model.Owner,org.springframework.validation.BindingResult,java.util.Map<java.lang.String, java.lang.Object>)
INFO  StandaloneMockMvcBuilder$StaticRequestMappingHandlerMapping - Mapped "{[/owners/{ownerId}]}" onto public org.springframework.web.servlet.ModelAndView org.springframework.samples.petclinic.web.OwnerController.showOwner(int)
INFO  RequestMappingHandlerAdapter - Looking for @ControllerAdvice: org.springframework.test.web.servlet.setup.StubWebApplicationContext@3d2b13b1
INFO  MockServletContext - Initializing Spring FrameworkServlet ''
INFO  TestDispatcherServlet - FrameworkServlet '': initialization started
INFO  TestDispatcherServlet - FrameworkServlet '': initialization completed in 0 ms
Hibernate: select distinct owner0_.id as id1_0_0_, pets1_.id as id1_1_1_, owner0_.first_name as first_na2_0_0_, owner0_.last_name as last_nam3_0_0_, owner0_.address as address4_0_0_, owner0_.city as city5_0_0_, owner0_.telephone as telephon6_0_0_, pets1_.name as name2_1_1_, pets1_.birth_date as birth_da3_1_1_, pets1_.owner_id as owner_id4_1_1_, pets1_.type_id as type_id5_1_1_, pets1_.owner_id as owner_id4_0_0__, pets1_.id as id1_1_0__ from owners owner0_ left outer join pets pets1_ on owner0_.id=pets1_.owner_id where owner0_.last_name like ?
Hibernate: select pettype0_.id as id1_3_0_, pettype0_.name as name2_3_0_ from types pettype0_ where pettype0_.id=?
Hibernate: select pettype0_.id as id1_3_0_, pettype0_.name as name2_3_0_ from types pettype0_ where pettype0_.id=?
Hibernate: select visits0_.pet_id as pet_id4_1_0_, visits0_.id as id1_6_0_, visits0_.id as id1_6_1_, visits0_.visit_date as visit_da2_6_1_, visits0_.description as descript3_6_1_, visits0_.pet_id as pet_id4_6_1_ from visits visits0_ where visits0_.pet_id=?
Hibernate: select visits0_.pet_id as pet_id4_1_0_, visits0_.id as id1_6_0_, visits0_.id as id1_6_1_, visits0_.visit_date as visit_da2_6_1_, visits0_.description as descript3_6_1_, visits0_.pet_id as pet_id4_6_1_ from visits visits0_ where visits0_.pet_id=?
Hibernate: select visits0_.pet_id as pet_id4_1_0_, visits0_.id as id1_6_0_, visits0_.id as id1_6_1_, visits0_.visit_date as visit_da2_6_1_, visits0_.description as descript3_6_1_, visits0_.pet_id as pet_id4_6_1_ from visits visits0_ where visits0_.pet_id=?
Hibernate: select visits0_.pet_id as pet_id4_1_0_, visits0_.id as id1_6_0_, visits0_.id as id1_6_1_, visits0_.visit_date as visit_da2_6_1_, visits0_.description as descript3_6_1_, visits0_.pet_id as pet_id4_6_1_ from visits visits0_ where visits0_.pet_id=?
Hibernate: select visits0_.pet_id as pet_id4_1_0_, visits0_.id as id1_6_0_, visits0_.id as id1_6_1_, visits0_.visit_date as visit_da2_6_1_, visits0_.description as descript3_6_1_, visits0_.pet_id as pet_id4_6_1_ from visits visits0_ where visits0_.pet_id=?
Hibernate: select visits0_.pet_id as pet_id4_1_0_, visits0_.id as id1_6_0_, visits0_.id as id1_6_1_, visits0_.visit_date as visit_da2_6_1_, visits0_.description as descript3_6_1_, visits0_.pet_id as pet_id4_6_1_ from visits visits0_ where visits0_.pet_id=?
Hibernate: select visits0_.pet_id as pet_id4_1_0_, visits0_.id as id1_6_0_, visits0_.id as id1_6_1_, visits0_.visit_date as visit_da2_6_1_, visits0_.description as descript3_6_1_, visits0_.pet_id as pet_id4_6_1_ from visits visits0_ where visits0_.pet_id=?
Hibernate: select visits0_.pet_id as pet_id4_1_0_, visits0_.id as id1_6_0_, visits0_.id as id1_6_1_, visits0_.visit_date as visit_da2_6_1_, visits0_.description as descript3_6_1_, visits0_.pet_id as pet_id4_6_1_ from visits visits0_ where visits0_.pet_id=?
Hibernate: select visits0_.pet_id as pet_id4_1_0_, visits0_.id as id1_6_0_, visits0_.id as id1_6_1_, visits0_.visit_date as visit_da2_6_1_, visits0_.description as descript3_6_1_, visits0_.pet_id as pet_id4_6_1_ from visits visits0_ where visits0_.pet_id=?
Hibernate: select visits0_.pet_id as pet_id4_1_0_, visits0_.id as id1_6_0_, visits0_.id as id1_6_1_, visits0_.visit_date as visit_da2_6_1_, visits0_.description as descript3_6_1_, visits0_.pet_id as pet_id4_6_1_ from visits visits0_ where visits0_.pet_id=?
Hibernate: select visits0_.pet_id as pet_id4_1_0_, visits0_.id as id1_6_0_, visits0_.id as id1_6_1_, visits0_.visit_date as visit_da2_6_1_, visits0_.description as descript3_6_1_, visits0_.pet_id as pet_id4_6_1_ from visits visits0_ where visits0_.pet_id=?
Hibernate: select visits0_.pet_id as pet_id4_1_0_, visits0_.id as id1_6_0_, visits0_.id as id1_6_1_, visits0_.visit_date as visit_da2_6_1_, visits0_.description as descript3_6_1_, visits0_.pet_id as pet_id4_6_1_ from visits visits0_ where visits0_.pet_id=?
Hibernate: select visits0_.pet_id as pet_id4_1_0_, visits0_.id as id1_6_0_, visits0_.id as id1_6_1_, visits0_.visit_date as visit_da2_6_1_, visits0_.description as descript3_6_1_, visits0_.pet_id as pet_id4_6_1_ from visits visits0_ where visits0_.pet_id=?
INFO  StandaloneMockMvcBuilder$StaticRequestMappingHandlerMapping - Mapped "{[/owners/{ownerId}/edit],methods=[POST]}" onto public java.lang.String org.springframework.samples.petclinic.web.OwnerController.processUpdateOwnerForm(org.springframework.samples.petclinic.model.Owner,org.springframework.validation.BindingResult,int)
INFO  StandaloneMockMvcBuilder$StaticRequestMappingHandlerMapping - Mapped "{[/owners/{ownerId}/edit],methods=[GET]}" onto public java.lang.String org.springframework.samples.petclinic.web.OwnerController.initUpdateOwnerForm(int,org.springframework.ui.Model)
INFO  StandaloneMockMvcBuilder$StaticRequestMappingHandlerMapping - Mapped "{[/owners/new],methods=[POST]}" onto public java.lang.String org.springframework.samples.petclinic.web.OwnerController.processCreationForm(org.springframework.samples.petclinic.model.Owner,org.springframework.validation.BindingResult)
INFO  StandaloneMockMvcBuilder$StaticRequestMappingHandlerMapping - Mapped "{[/owners/find],methods=[GET]}" onto public java.lang.String org.springframework.samples.petclinic.web.OwnerController.initFindForm(java.util.Map<java.lang.String, java.lang.Object>)
INFO  StandaloneMockMvcBuilder$StaticRequestMappingHandlerMapping - Mapped "{[/owners/new],methods=[GET]}" onto public java.lang.String org.springframework.samples.petclinic.web.OwnerController.initCreationForm(java.util.Map<java.lang.String, java.lang.Object>)
INFO  StandaloneMockMvcBuilder$StaticRequestMappingHandlerMapping - Mapped "{[/owners],methods=[GET]}" onto public java.lang.String org.springframework.samples.petclinic.web.OwnerController.processFindForm(org.springframework.samples.petclinic.model.Owner,org.springframework.validation.BindingResult,java.util.Map<java.lang.String, java.lang.Object>)
INFO  StandaloneMockMvcBuilder$StaticRequestMappingHandlerMapping - Mapped "{[/owners/{ownerId}]}" onto public org.springframework.web.servlet.ModelAndView org.springframework.samples.petclinic.web.OwnerController.showOwner(int)
INFO  RequestMappingHandlerAdapter - Looking for @ControllerAdvice: org.springframework.test.web.servlet.setup.StubWebApplicationContext@76d828ff
INFO  MockServletContext - Initializing Spring FrameworkServlet ''
INFO  TestDispatcherServlet - FrameworkServlet '': initialization started
INFO  TestDispatcherServlet - FrameworkServlet '': initialization completed in 0 ms
Hibernate: select distinct owner0_.id as id1_0_0_, pets1_.id as id1_1_1_, owner0_.first_name as first_na2_0_0_, owner0_.last_name as last_nam3_0_0_, owner0_.address as address4_0_0_, owner0_.city as city5_0_0_, owner0_.telephone as telephon6_0_0_, pets1_.name as name2_1_1_, pets1_.birth_date as birth_da3_1_1_, pets1_.owner_id as owner_id4_1_1_, pets1_.type_id as type_id5_1_1_, pets1_.owner_id as owner_id4_0_0__, pets1_.id as id1_1_0__ from owners owner0_ left outer join pets pets1_ on owner0_.id=pets1_.owner_id where owner0_.last_name like ?
INFO  StandaloneMockMvcBuilder$StaticRequestMappingHandlerMapping - Mapped "{[/owners/{ownerId}/edit],methods=[POST]}" onto public java.lang.String org.springframework.samples.petclinic.web.OwnerController.processUpdateOwnerForm(org.springframework.samples.petclinic.model.Owner,org.springframework.validation.BindingResult,int)
INFO  StandaloneMockMvcBuilder$StaticRequestMappingHandlerMapping - Mapped "{[/owners/{ownerId}/edit],methods=[GET]}" onto public java.lang.String org.springframework.samples.petclinic.web.OwnerController.initUpdateOwnerForm(int,org.springframework.ui.Model)
INFO  StandaloneMockMvcBuilder$StaticRequestMappingHandlerMapping - Mapped "{[/owners/new],methods=[POST]}" onto public java.lang.String org.springframework.samples.petclinic.web.OwnerController.processCreationForm(org.springframework.samples.petclinic.model.Owner,org.springframework.validation.BindingResult)
INFO  StandaloneMockMvcBuilder$StaticRequestMappingHandlerMapping - Mapped "{[/owners/find],methods=[GET]}" onto public java.lang.String org.springframework.samples.petclinic.web.OwnerController.initFindForm(java.util.Map<java.lang.String, java.lang.Object>)
INFO  StandaloneMockMvcBuilder$StaticRequestMappingHandlerMapping - Mapped "{[/owners/new],methods=[GET]}" onto public java.lang.String org.springframework.samples.petclinic.web.OwnerController.initCreationForm(java.util.Map<java.lang.String, java.lang.Object>)
INFO  StandaloneMockMvcBuilder$StaticRequestMappingHandlerMapping - Mapped "{[/owners],methods=[GET]}" onto public java.lang.String org.springframework.samples.petclinic.web.OwnerController.processFindForm(org.springframework.samples.petclinic.model.Owner,org.springframework.validation.BindingResult,java.util.Map<java.lang.String, java.lang.Object>)
INFO  StandaloneMockMvcBuilder$StaticRequestMappingHandlerMapping - Mapped "{[/owners/{ownerId}]}" onto public org.springframework.web.servlet.ModelAndView org.springframework.samples.petclinic.web.OwnerController.showOwner(int)
INFO  RequestMappingHandlerAdapter - Looking for @ControllerAdvice: org.springframework.test.web.servlet.setup.StubWebApplicationContext@4d8522ff
INFO  MockServletContext - Initializing Spring FrameworkServlet ''
INFO  TestDispatcherServlet - FrameworkServlet '': initialization started
INFO  TestDispatcherServlet - FrameworkServlet '': initialization completed in 1 ms
Hibernate: select distinct owner0_.id as id1_0_0_, pets1_.id as id1_1_1_, owner0_.first_name as first_na2_0_0_, owner0_.last_name as last_nam3_0_0_, owner0_.address as address4_0_0_, owner0_.city as city5_0_0_, owner0_.telephone as telephon6_0_0_, pets1_.name as name2_1_1_, pets1_.birth_date as birth_da3_1_1_, pets1_.owner_id as owner_id4_1_1_, pets1_.type_id as type_id5_1_1_, pets1_.owner_id as owner_id4_0_0__, pets1_.id as id1_1_0__ from owners owner0_ left outer join pets pets1_ on owner0_.id=pets1_.owner_id where owner0_.last_name like ?
Hibernate: select pettype0_.id as id1_3_0_, pettype0_.name as name2_3_0_ from types pettype0_ where pettype0_.id=?
Hibernate: select pettype0_.id as id1_3_0_, pettype0_.name as name2_3_0_ from types pettype0_ where pettype0_.id=?
Hibernate: select pettype0_.id as id1_3_0_, pettype0_.name as name2_3_0_ from types pettype0_ where pettype0_.id=?
Hibernate: select pettype0_.id as id1_3_0_, pettype0_.name as name2_3_0_ from types pettype0_ where pettype0_.id=?
Hibernate: select pettype0_.id as id1_3_0_, pettype0_.name as name2_3_0_ from types pettype0_ where pettype0_.id=?
Hibernate: select pettype0_.id as id1_3_0_, pettype0_.name as name2_3_0_ from types pettype0_ where pettype0_.id=?
Hibernate: select visits0_.pet_id as pet_id4_1_0_, visits0_.id as id1_6_0_, visits0_.id as id1_6_1_, visits0_.visit_date as visit_da2_6_1_, visits0_.description as descript3_6_1_, visits0_.pet_id as pet_id4_6_1_ from visits visits0_ where visits0_.pet_id=?
Hibernate: select visits0_.pet_id as pet_id4_1_0_, visits0_.id as id1_6_0_, visits0_.id as id1_6_1_, visits0_.visit_date as visit_da2_6_1_, visits0_.description as descript3_6_1_, visits0_.pet_id as pet_id4_6_1_ from visits visits0_ where visits0_.pet_id=?
Hibernate: select visits0_.pet_id as pet_id4_1_0_, visits0_.id as id1_6_0_, visits0_.id as id1_6_1_, visits0_.visit_date as visit_da2_6_1_, visits0_.description as descript3_6_1_, visits0_.pet_id as pet_id4_6_1_ from visits visits0_ where visits0_.pet_id=?
Hibernate: select visits0_.pet_id as pet_id4_1_0_, visits0_.id as id1_6_0_, visits0_.id as id1_6_1_, visits0_.visit_date as visit_da2_6_1_, visits0_.description as descript3_6_1_, visits0_.pet_id as pet_id4_6_1_ from visits visits0_ where visits0_.pet_id=?
Hibernate: select visits0_.pet_id as pet_id4_1_0_, visits0_.id as id1_6_0_, visits0_.id as id1_6_1_, visits0_.visit_date as visit_da2_6_1_, visits0_.description as descript3_6_1_, visits0_.pet_id as pet_id4_6_1_ from visits visits0_ where visits0_.pet_id=?
Hibernate: select visits0_.pet_id as pet_id4_1_0_, visits0_.id as id1_6_0_, visits0_.id as id1_6_1_, visits0_.visit_date as visit_da2_6_1_, visits0_.description as descript3_6_1_, visits0_.pet_id as pet_id4_6_1_ from visits visits0_ where visits0_.pet_id=?
Hibernate: select visits0_.pet_id as pet_id4_1_0_, visits0_.id as id1_6_0_, visits0_.id as id1_6_1_, visits0_.visit_date as visit_da2_6_1_, visits0_.description as descript3_6_1_, visits0_.pet_id as pet_id4_6_1_ from visits visits0_ where visits0_.pet_id=?
Hibernate: select visits0_.pet_id as pet_id4_1_0_, visits0_.id as id1_6_0_, visits0_.id as id1_6_1_, visits0_.visit_date as visit_da2_6_1_, visits0_.description as descript3_6_1_, visits0_.pet_id as pet_id4_6_1_ from visits visits0_ where visits0_.pet_id=?
Hibernate: select visits0_.pet_id as pet_id4_1_0_, visits0_.id as id1_6_0_, visits0_.id as id1_6_1_, visits0_.visit_date as visit_da2_6_1_, visits0_.description as descript3_6_1_, visits0_.pet_id as pet_id4_6_1_ from visits visits0_ where visits0_.pet_id=?
Hibernate: select visits0_.pet_id as pet_id4_1_0_, visits0_.id as id1_6_0_, visits0_.id as id1_6_1_, visits0_.visit_date as visit_da2_6_1_, visits0_.description as descript3_6_1_, visits0_.pet_id as pet_id4_6_1_ from visits visits0_ where visits0_.pet_id=?
Hibernate: select visits0_.pet_id as pet_id4_1_0_, visits0_.id as id1_6_0_, visits0_.id as id1_6_1_, visits0_.visit_date as visit_da2_6_1_, visits0_.description as descript3_6_1_, visits0_.pet_id as pet_id4_6_1_ from visits visits0_ where visits0_.pet_id=?
Hibernate: select visits0_.pet_id as pet_id4_1_0_, visits0_.id as id1_6_0_, visits0_.id as id1_6_1_, visits0_.visit_date as visit_da2_6_1_, visits0_.description as descript3_6_1_, visits0_.pet_id as pet_id4_6_1_ from visits visits0_ where visits0_.pet_id=?
Hibernate: select visits0_.pet_id as pet_id4_1_0_, visits0_.id as id1_6_0_, visits0_.id as id1_6_1_, visits0_.visit_date as visit_da2_6_1_, visits0_.description as descript3_6_1_, visits0_.pet_id as pet_id4_6_1_ from visits visits0_ where visits0_.pet_id=?
Hibernate: select visits0_.pet_id as pet_id4_1_0_, visits0_.id as id1_6_0_, visits0_.id as id1_6_1_, visits0_.visit_date as visit_da2_6_1_, visits0_.description as descript3_6_1_, visits0_.pet_id as pet_id4_6_1_ from visits visits0_ where visits0_.pet_id=?
Hibernate: select visits0_.pet_id as pet_id4_1_0_, visits0_.id as id1_6_0_, visits0_.id as id1_6_1_, visits0_.visit_date as visit_da2_6_1_, visits0_.description as descript3_6_1_, visits0_.pet_id as pet_id4_6_1_ from visits visits0_ where visits0_.pet_id=?
Hibernate: select visits0_.pet_id as pet_id4_1_0_, visits0_.id as id1_6_0_, visits0_.id as id1_6_1_, visits0_.visit_date as visit_da2_6_1_, visits0_.description as descript3_6_1_, visits0_.pet_id as pet_id4_6_1_ from visits visits0_ where visits0_.pet_id=?
Hibernate: select visits0_.pet_id as pet_id4_1_0_, visits0_.id as id1_6_0_, visits0_.id as id1_6_1_, visits0_.visit_date as visit_da2_6_1_, visits0_.description as descript3_6_1_, visits0_.pet_id as pet_id4_6_1_ from visits visits0_ where visits0_.pet_id=?
Hibernate: select visits0_.pet_id as pet_id4_1_0_, visits0_.id as id1_6_0_, visits0_.id as id1_6_1_, visits0_.visit_date as visit_da2_6_1_, visits0_.description as descript3_6_1_, visits0_.pet_id as pet_id4_6_1_ from visits visits0_ where visits0_.pet_id=?
Hibernate: select visits0_.pet_id as pet_id4_1_0_, visits0_.id as id1_6_0_, visits0_.id as id1_6_1_, visits0_.visit_date as visit_da2_6_1_, visits0_.description as descript3_6_1_, visits0_.pet_id as pet_id4_6_1_ from visits visits0_ where visits0_.pet_id=?
Hibernate: select visits0_.pet_id as pet_id4_1_0_, visits0_.id as id1_6_0_, visits0_.id as id1_6_1_, visits0_.visit_date as visit_da2_6_1_, visits0_.description as descript3_6_1_, visits0_.pet_id as pet_id4_6_1_ from visits visits0_ where visits0_.pet_id=?
Hibernate: select visits0_.pet_id as pet_id4_1_0_, visits0_.id as id1_6_0_, visits0_.id as id1_6_1_, visits0_.visit_date as visit_da2_6_1_, visits0_.description as descript3_6_1_, visits0_.pet_id as pet_id4_6_1_ from visits visits0_ where visits0_.pet_id=?
Hibernate: select visits0_.pet_id as pet_id4_1_0_, visits0_.id as id1_6_0_, visits0_.id as id1_6_1_, visits0_.visit_date as visit_da2_6_1_, visits0_.description as descript3_6_1_, visits0_.pet_id as pet_id4_6_1_ from visits visits0_ where visits0_.pet_id=?
Hibernate: select visits0_.pet_id as pet_id4_1_0_, visits0_.id as id1_6_0_, visits0_.id as id1_6_1_, visits0_.visit_date as visit_da2_6_1_, visits0_.description as descript3_6_1_, visits0_.pet_id as pet_id4_6_1_ from visits visits0_ where visits0_.pet_id=?
Hibernate: select visits0_.pet_id as pet_id4_1_0_, visits0_.id as id1_6_0_, visits0_.id as id1_6_1_, visits0_.visit_date as visit_da2_6_1_, visits0_.description as descript3_6_1_, visits0_.pet_id as pet_id4_6_1_ from visits visits0_ where visits0_.pet_id=?
Hibernate: select visits0_.pet_id as pet_id4_1_0_, visits0_.id as id1_6_0_, visits0_.id as id1_6_1_, visits0_.visit_date as visit_da2_6_1_, visits0_.description as descript3_6_1_, visits0_.pet_id as pet_id4_6_1_ from visits visits0_ where visits0_.pet_id=?
Hibernate: select visits0_.pet_id as pet_id4_1_0_, visits0_.id as id1_6_0_, visits0_.id as id1_6_1_, visits0_.visit_date as visit_da2_6_1_, visits0_.description as descript3_6_1_, visits0_.pet_id as pet_id4_6_1_ from visits visits0_ where visits0_.pet_id=?
Hibernate: select visits0_.pet_id as pet_id4_1_0_, visits0_.id as id1_6_0_, visits0_.id as id1_6_1_, visits0_.visit_date as visit_da2_6_1_, visits0_.description as descript3_6_1_, visits0_.pet_id as pet_id4_6_1_ from visits visits0_ where visits0_.pet_id=?
INFO  StandaloneMockMvcBuilder$StaticRequestMappingHandlerMapping - Mapped "{[/owners/{ownerId}/edit],methods=[POST]}" onto public java.lang.String org.springframework.samples.petclinic.web.OwnerController.processUpdateOwnerForm(org.springframework.samples.petclinic.model.Owner,org.springframework.validation.BindingResult,int)
INFO  StandaloneMockMvcBuilder$StaticRequestMappingHandlerMapping - Mapped "{[/owners/{ownerId}/edit],methods=[GET]}" onto public java.lang.String org.springframework.samples.petclinic.web.OwnerController.initUpdateOwnerForm(int,org.springframework.ui.Model)
INFO  StandaloneMockMvcBuilder$StaticRequestMappingHandlerMapping - Mapped "{[/owners/new],methods=[POST]}" onto public java.lang.String org.springframework.samples.petclinic.web.OwnerController.processCreationForm(org.springframework.samples.petclinic.model.Owner,org.springframework.validation.BindingResult)
INFO  StandaloneMockMvcBuilder$StaticRequestMappingHandlerMapping - Mapped "{[/owners/find],methods=[GET]}" onto public java.lang.String org.springframework.samples.petclinic.web.OwnerController.initFindForm(java.util.Map<java.lang.String, java.lang.Object>)
INFO  StandaloneMockMvcBuilder$StaticRequestMappingHandlerMapping - Mapped "{[/owners/new],methods=[GET]}" onto public java.lang.String org.springframework.samples.petclinic.web.OwnerController.initCreationForm(java.util.Map<java.lang.String, java.lang.Object>)
INFO  StandaloneMockMvcBuilder$StaticRequestMappingHandlerMapping - Mapped "{[/owners],methods=[GET]}" onto public java.lang.String org.springframework.samples.petclinic.web.OwnerController.processFindForm(org.springframework.samples.petclinic.model.Owner,org.springframework.validation.BindingResult,java.util.Map<java.lang.String, java.lang.Object>)
INFO  StandaloneMockMvcBuilder$StaticRequestMappingHandlerMapping - Mapped "{[/owners/{ownerId}]}" onto public org.springframework.web.servlet.ModelAndView org.springframework.samples.petclinic.web.OwnerController.showOwner(int)
INFO  RequestMappingHandlerAdapter - Looking for @ControllerAdvice: org.springframework.test.web.servlet.setup.StubWebApplicationContext@6068cda1
INFO  MockServletContext - Initializing Spring FrameworkServlet ''
INFO  TestDispatcherServlet - FrameworkServlet '': initialization started
INFO  TestDispatcherServlet - FrameworkServlet '': initialization completed in 0 ms
Hibernate: select owner0_.id as id1_0_1_, owner0_.first_name as first_na2_0_1_, owner0_.last_name as last_nam3_0_1_, owner0_.address as address4_0_1_, owner0_.city as city5_0_1_, owner0_.telephone as telephon6_0_1_, pets1_.owner_id as owner_id4_0_3_, pets1_.id as id1_1_3_, pets1_.id as id1_1_0_, pets1_.name as name2_1_0_, pets1_.birth_date as birth_da3_1_0_, pets1_.owner_id as owner_id4_1_0_, pets1_.type_id as type_id5_1_0_ from owners owner0_ left outer join pets pets1_ on owner0_.id=pets1_.owner_id where owner0_.id=?
Hibernate: select pettype0_.id as id1_3_0_, pettype0_.name as name2_3_0_ from types pettype0_ where pettype0_.id=?
Hibernate: select pettype0_.id as id1_3_0_, pettype0_.name as name2_3_0_ from types pettype0_ where pettype0_.id=?
Hibernate: select visits0_.pet_id as pet_id4_1_0_, visits0_.id as id1_6_0_, visits0_.id as id1_6_1_, visits0_.visit_date as visit_da2_6_1_, visits0_.description as descript3_6_1_, visits0_.pet_id as pet_id4_6_1_ from visits visits0_ where visits0_.pet_id=?
Hibernate: select visits0_.pet_id as pet_id4_1_0_, visits0_.id as id1_6_0_, visits0_.id as id1_6_1_, visits0_.visit_date as visit_da2_6_1_, visits0_.description as descript3_6_1_, visits0_.pet_id as pet_id4_6_1_ from visits visits0_ where visits0_.pet_id=?
Hibernate: select visits0_.pet_id as pet_id4_1_0_, visits0_.id as id1_6_0_, visits0_.id as id1_6_1_, visits0_.visit_date as visit_da2_6_1_, visits0_.description as descript3_6_1_, visits0_.pet_id as pet_id4_6_1_ from visits visits0_ where visits0_.pet_id=?
Hibernate: select visits0_.pet_id as pet_id4_1_0_, visits0_.id as id1_6_0_, visits0_.id as id1_6_1_, visits0_.visit_date as visit_da2_6_1_, visits0_.description as descript3_6_1_, visits0_.pet_id as pet_id4_6_1_ from visits visits0_ where visits0_.pet_id=?
Hibernate: select visits0_.pet_id as pet_id4_1_0_, visits0_.id as id1_6_0_, visits0_.id as id1_6_1_, visits0_.visit_date as visit_da2_6_1_, visits0_.description as descript3_6_1_, visits0_.pet_id as pet_id4_6_1_ from visits visits0_ where visits0_.pet_id=?
Hibernate: select visits0_.pet_id as pet_id4_1_0_, visits0_.id as id1_6_0_, visits0_.id as id1_6_1_, visits0_.visit_date as visit_da2_6_1_, visits0_.description as descript3_6_1_, visits0_.pet_id as pet_id4_6_1_ from visits visits0_ where visits0_.pet_id=?
Hibernate: select visits0_.pet_id as pet_id4_1_0_, visits0_.id as id1_6_0_, visits0_.id as id1_6_1_, visits0_.visit_date as visit_da2_6_1_, visits0_.description as descript3_6_1_, visits0_.pet_id as pet_id4_6_1_ from visits visits0_ where visits0_.pet_id=?
Hibernate: select visits0_.pet_id as pet_id4_1_0_, visits0_.id as id1_6_0_, visits0_.id as id1_6_1_, visits0_.visit_date as visit_da2_6_1_, visits0_.description as descript3_6_1_, visits0_.pet_id as pet_id4_6_1_ from visits visits0_ where visits0_.pet_id=?
Hibernate: select visits0_.pet_id as pet_id4_1_0_, visits0_.id as id1_6_0_, visits0_.id as id1_6_1_, visits0_.visit_date as visit_da2_6_1_, visits0_.description as descript3_6_1_, visits0_.pet_id as pet_id4_6_1_ from visits visits0_ where visits0_.pet_id=?
Hibernate: select visits0_.pet_id as pet_id4_1_0_, visits0_.id as id1_6_0_, visits0_.id as id1_6_1_, visits0_.visit_date as visit_da2_6_1_, visits0_.description as descript3_6_1_, visits0_.pet_id as pet_id4_6_1_ from visits visits0_ where visits0_.pet_id=?
Hibernate: select visits0_.pet_id as pet_id4_1_0_, visits0_.id as id1_6_0_, visits0_.id as id1_6_1_, visits0_.visit_date as visit_da2_6_1_, visits0_.description as descript3_6_1_, visits0_.pet_id as pet_id4_6_1_ from visits visits0_ where visits0_.pet_id=?
Hibernate: select visits0_.pet_id as pet_id4_1_0_, visits0_.id as id1_6_0_, visits0_.id as id1_6_1_, visits0_.visit_date as visit_da2_6_1_, visits0_.description as descript3_6_1_, visits0_.pet_id as pet_id4_6_1_ from visits visits0_ where visits0_.pet_id=?
Hibernate: select visits0_.pet_id as pet_id4_1_0_, visits0_.id as id1_6_0_, visits0_.id as id1_6_1_, visits0_.visit_date as visit_da2_6_1_, visits0_.description as descript3_6_1_, visits0_.pet_id as pet_id4_6_1_ from visits visits0_ where visits0_.pet_id=?
INFO  StandaloneMockMvcBuilder$StaticRequestMappingHandlerMapping - Mapped "{[/owners/{ownerId}/edit],methods=[POST]}" onto public java.lang.String org.springframework.samples.petclinic.web.OwnerController.processUpdateOwnerForm(org.springframework.samples.petclinic.model.Owner,org.springframework.validation.BindingResult,int)
INFO  StandaloneMockMvcBuilder$StaticRequestMappingHandlerMapping - Mapped "{[/owners/{ownerId}/edit],methods=[GET]}" onto public java.lang.String org.springframework.samples.petclinic.web.OwnerController.initUpdateOwnerForm(int,org.springframework.ui.Model)
INFO  StandaloneMockMvcBuilder$StaticRequestMappingHandlerMapping - Mapped "{[/owners/new],methods=[POST]}" onto public java.lang.String org.springframework.samples.petclinic.web.OwnerController.processCreationForm(org.springframework.samples.petclinic.model.Owner,org.springframework.validation.BindingResult)
INFO  StandaloneMockMvcBuilder$StaticRequestMappingHandlerMapping - Mapped "{[/owners/find],methods=[GET]}" onto public java.lang.String org.springframework.samples.petclinic.web.OwnerController.initFindForm(java.util.Map<java.lang.String, java.lang.Object>)
INFO  StandaloneMockMvcBuilder$StaticRequestMappingHandlerMapping - Mapped "{[/owners/new],methods=[GET]}" onto public java.lang.String org.springframework.samples.petclinic.web.OwnerController.initCreationForm(java.util.Map<java.lang.String, java.lang.Object>)
INFO  StandaloneMockMvcBuilder$StaticRequestMappingHandlerMapping - Mapped "{[/owners],methods=[GET]}" onto public java.lang.String org.springframework.samples.petclinic.web.OwnerController.processFindForm(org.springframework.samples.petclinic.model.Owner,org.springframework.validation.BindingResult,java.util.Map<java.lang.String, java.lang.Object>)
INFO  StandaloneMockMvcBuilder$StaticRequestMappingHandlerMapping - Mapped "{[/owners/{ownerId}]}" onto public org.springframework.web.servlet.ModelAndView org.springframework.samples.petclinic.web.OwnerController.showOwner(int)
INFO  RequestMappingHandlerAdapter - Looking for @ControllerAdvice: org.springframework.test.web.servlet.setup.StubWebApplicationContext@13f182b9
INFO  MockServletContext - Initializing Spring FrameworkServlet ''
INFO  TestDispatcherServlet - FrameworkServlet '': initialization started
INFO  TestDispatcherServlet - FrameworkServlet '': initialization completed in 0 ms
Tests run: 11, Failures: 0, Errors: 0, Skipped: 0, Time elapsed: 0.282 sec
Running org.springframework.samples.petclinic.web.PetControllerTests
INFO  WebTestContextBootstrapper - Loaded default TestExecutionListener class names from location [META-INF/spring.factories]: [org.springframework.test.context.web.ServletTestExecutionListener, org.springframework.test.context.support.DirtiesContextBeforeModesTestExecutionListener, org.springframework.test.context.support.DependencyInjectionTestExecutionListener, org.springframework.test.context.support.DirtiesContextTestExecutionListener, org.springframework.test.context.transaction.TransactionalTestExecutionListener, org.springframework.test.context.jdbc.SqlScriptsTestExecutionListener]
INFO  WebTestContextBootstrapper - Using TestExecutionListeners: [org.springframework.test.context.web.ServletTestExecutionListener@33765d22, org.springframework.test.context.support.DirtiesContextBeforeModesTestExecutionListener@6f67ece5, org.springframework.test.context.support.DependencyInjectionTestExecutionListener@155c7eae, org.springframework.test.context.support.DirtiesContextTestExecutionListener@5c9e6d95, org.springframework.test.context.transaction.TransactionalTestExecutionListener@5d00b469, org.springframework.test.context.jdbc.SqlScriptsTestExecutionListener@dd07be8]
INFO  StandaloneMockMvcBuilder$StaticRequestMappingHandlerMapping - Mapped "{[/owners/{ownerId}/pets/{petId}/edit],methods=[POST]}" onto public java.lang.String org.springframework.samples.petclinic.web.PetController.processUpdateForm(org.springframework.samples.petclinic.model.Pet,org.springframework.validation.BindingResult,org.springframework.samples.petclinic.model.Owner,org.springframework.ui.ModelMap)
INFO  StandaloneMockMvcBuilder$StaticRequestMappingHandlerMapping - Mapped "{[/owners/{ownerId}/pets/new],methods=[POST]}" onto public java.lang.String org.springframework.samples.petclinic.web.PetController.processCreationForm(org.springframework.samples.petclinic.model.Owner,org.springframework.samples.petclinic.model.Pet,org.springframework.validation.BindingResult,org.springframework.ui.ModelMap)
INFO  StandaloneMockMvcBuilder$StaticRequestMappingHandlerMapping - Mapped "{[/owners/{ownerId}/pets/new],methods=[GET]}" onto public java.lang.String org.springframework.samples.petclinic.web.PetController.initCreationForm(org.springframework.samples.petclinic.model.Owner,org.springframework.ui.ModelMap)
INFO  StandaloneMockMvcBuilder$StaticRequestMappingHandlerMapping - Mapped "{[/owners/{ownerId}/pets/{petId}/edit],methods=[GET]}" onto public java.lang.String org.springframework.samples.petclinic.web.PetController.initUpdateForm(int,org.springframework.ui.ModelMap)
INFO  RequestMappingHandlerAdapter - Looking for @ControllerAdvice: org.springframework.test.web.servlet.setup.StubWebApplicationContext@44f23927
INFO  MockServletContext - Initializing Spring FrameworkServlet ''
INFO  TestDispatcherServlet - FrameworkServlet '': initialization started
INFO  TestDispatcherServlet - FrameworkServlet '': initialization completed in 0 ms
Hibernate: select owner0_.id as id1_0_0_, pets1_.id as id1_1_1_, owner0_.first_name as first_na2_0_0_, owner0_.last_name as last_nam3_0_0_, owner0_.address as address4_0_0_, owner0_.city as city5_0_0_, owner0_.telephone as telephon6_0_0_, pets1_.name as name2_1_1_, pets1_.birth_date as birth_da3_1_1_, pets1_.owner_id as owner_id4_1_1_, pets1_.type_id as type_id5_1_1_, pets1_.owner_id as owner_id4_0_0__, pets1_.id as id1_1_0__ from owners owner0_ left outer join pets pets1_ on owner0_.id=pets1_.owner_id where owner0_.id=?
Hibernate: select pettype0_.id as id1_3_0_, pettype0_.name as name2_3_0_ from types pettype0_ where pettype0_.id=?
Hibernate: select pettype0_.id as id1_3_0_, pettype0_.name as name2_3_0_ from types pettype0_ where pettype0_.id=?
Hibernate: select visits0_.pet_id as pet_id4_1_0_, visits0_.id as id1_6_0_, visits0_.id as id1_6_1_, visits0_.visit_date as visit_da2_6_1_, visits0_.description as descript3_6_1_, visits0_.pet_id as pet_id4_6_1_ from visits visits0_ where visits0_.pet_id=?
Hibernate: select visits0_.pet_id as pet_id4_1_0_, visits0_.id as id1_6_0_, visits0_.id as id1_6_1_, visits0_.visit_date as visit_da2_6_1_, visits0_.description as descript3_6_1_, visits0_.pet_id as pet_id4_6_1_ from visits visits0_ where visits0_.pet_id=?
Hibernate: select visits0_.pet_id as pet_id4_1_0_, visits0_.id as id1_6_0_, visits0_.id as id1_6_1_, visits0_.visit_date as visit_da2_6_1_, visits0_.description as descript3_6_1_, visits0_.pet_id as pet_id4_6_1_ from visits visits0_ where visits0_.pet_id=?
Hibernate: select visits0_.pet_id as pet_id4_1_0_, visits0_.id as id1_6_0_, visits0_.id as id1_6_1_, visits0_.visit_date as visit_da2_6_1_, visits0_.description as descript3_6_1_, visits0_.pet_id as pet_id4_6_1_ from visits visits0_ where visits0_.pet_id=?
Hibernate: select visits0_.pet_id as pet_id4_1_0_, visits0_.id as id1_6_0_, visits0_.id as id1_6_1_, visits0_.visit_date as visit_da2_6_1_, visits0_.description as descript3_6_1_, visits0_.pet_id as pet_id4_6_1_ from visits visits0_ where visits0_.pet_id=?
Hibernate: select visits0_.pet_id as pet_id4_1_0_, visits0_.id as id1_6_0_, visits0_.id as id1_6_1_, visits0_.visit_date as visit_da2_6_1_, visits0_.description as descript3_6_1_, visits0_.pet_id as pet_id4_6_1_ from visits visits0_ where visits0_.pet_id=?
Hibernate: select visits0_.pet_id as pet_id4_1_0_, visits0_.id as id1_6_0_, visits0_.id as id1_6_1_, visits0_.visit_date as visit_da2_6_1_, visits0_.description as descript3_6_1_, visits0_.pet_id as pet_id4_6_1_ from visits visits0_ where visits0_.pet_id=?
Hibernate: select visits0_.pet_id as pet_id4_1_0_, visits0_.id as id1_6_0_, visits0_.id as id1_6_1_, visits0_.visit_date as visit_da2_6_1_, visits0_.description as descript3_6_1_, visits0_.pet_id as pet_id4_6_1_ from visits visits0_ where visits0_.pet_id=?
Hibernate: select visits0_.pet_id as pet_id4_1_0_, visits0_.id as id1_6_0_, visits0_.id as id1_6_1_, visits0_.visit_date as visit_da2_6_1_, visits0_.description as descript3_6_1_, visits0_.pet_id as pet_id4_6_1_ from visits visits0_ where visits0_.pet_id=?
Hibernate: select visits0_.pet_id as pet_id4_1_0_, visits0_.id as id1_6_0_, visits0_.id as id1_6_1_, visits0_.visit_date as visit_da2_6_1_, visits0_.description as descript3_6_1_, visits0_.pet_id as pet_id4_6_1_ from visits visits0_ where visits0_.pet_id=?
Hibernate: select visits0_.pet_id as pet_id4_1_0_, visits0_.id as id1_6_0_, visits0_.id as id1_6_1_, visits0_.visit_date as visit_da2_6_1_, visits0_.description as descript3_6_1_, visits0_.pet_id as pet_id4_6_1_ from visits visits0_ where visits0_.pet_id=?
Hibernate: select visits0_.pet_id as pet_id4_1_0_, visits0_.id as id1_6_0_, visits0_.id as id1_6_1_, visits0_.visit_date as visit_da2_6_1_, visits0_.description as descript3_6_1_, visits0_.pet_id as pet_id4_6_1_ from visits visits0_ where visits0_.pet_id=?
Hibernate: select visits0_.pet_id as pet_id4_1_0_, visits0_.id as id1_6_0_, visits0_.id as id1_6_1_, visits0_.visit_date as visit_da2_6_1_, visits0_.description as descript3_6_1_, visits0_.pet_id as pet_id4_6_1_ from visits visits0_ where visits0_.pet_id=?
Hibernate: select pettype0_.id as id1_3_, pettype0_.name as name2_3_ from types pettype0_ order by pettype0_.name
Hibernate: select pettype0_.id as id1_3_, pettype0_.name as name2_3_ from types pettype0_ order by pettype0_.name
INFO  StandaloneMockMvcBuilder$StaticRequestMappingHandlerMapping - Mapped "{[/owners/{ownerId}/pets/{petId}/edit],methods=[POST]}" onto public java.lang.String org.springframework.samples.petclinic.web.PetController.processUpdateForm(org.springframework.samples.petclinic.model.Pet,org.springframework.validation.BindingResult,org.springframework.samples.petclinic.model.Owner,org.springframework.ui.ModelMap)
INFO  StandaloneMockMvcBuilder$StaticRequestMappingHandlerMapping - Mapped "{[/owners/{ownerId}/pets/new],methods=[POST]}" onto public java.lang.String org.springframework.samples.petclinic.web.PetController.processCreationForm(org.springframework.samples.petclinic.model.Owner,org.springframework.samples.petclinic.model.Pet,org.springframework.validation.BindingResult,org.springframework.ui.ModelMap)
INFO  StandaloneMockMvcBuilder$StaticRequestMappingHandlerMapping - Mapped "{[/owners/{ownerId}/pets/new],methods=[GET]}" onto public java.lang.String org.springframework.samples.petclinic.web.PetController.initCreationForm(org.springframework.samples.petclinic.model.Owner,org.springframework.ui.ModelMap)
INFO  StandaloneMockMvcBuilder$StaticRequestMappingHandlerMapping - Mapped "{[/owners/{ownerId}/pets/{petId}/edit],methods=[GET]}" onto public java.lang.String org.springframework.samples.petclinic.web.PetController.initUpdateForm(int,org.springframework.ui.ModelMap)
INFO  RequestMappingHandlerAdapter - Looking for @ControllerAdvice: org.springframework.test.web.servlet.setup.StubWebApplicationContext@383e6734
INFO  MockServletContext - Initializing Spring FrameworkServlet ''
INFO  TestDispatcherServlet - FrameworkServlet '': initialization started
INFO  TestDispatcherServlet - FrameworkServlet '': initialization completed in 1 ms
Hibernate: select owner0_.id as id1_0_0_, pets1_.id as id1_1_1_, owner0_.first_name as first_na2_0_0_, owner0_.last_name as last_nam3_0_0_, owner0_.address as address4_0_0_, owner0_.city as city5_0_0_, owner0_.telephone as telephon6_0_0_, pets1_.name as name2_1_1_, pets1_.birth_date as birth_da3_1_1_, pets1_.owner_id as owner_id4_1_1_, pets1_.type_id as type_id5_1_1_, pets1_.owner_id as owner_id4_0_0__, pets1_.id as id1_1_0__ from owners owner0_ left outer join pets pets1_ on owner0_.id=pets1_.owner_id where owner0_.id=?
Hibernate: select pettype0_.id as id1_3_0_, pettype0_.name as name2_3_0_ from types pettype0_ where pettype0_.id=?
Hibernate: select pettype0_.id as id1_3_0_, pettype0_.name as name2_3_0_ from types pettype0_ where pettype0_.id=?
Hibernate: select visits0_.pet_id as pet_id4_1_0_, visits0_.id as id1_6_0_, visits0_.id as id1_6_1_, visits0_.visit_date as visit_da2_6_1_, visits0_.description as descript3_6_1_, visits0_.pet_id as pet_id4_6_1_ from visits visits0_ where visits0_.pet_id=?
Hibernate: select visits0_.pet_id as pet_id4_1_0_, visits0_.id as id1_6_0_, visits0_.id as id1_6_1_, visits0_.visit_date as visit_da2_6_1_, visits0_.description as descript3_6_1_, visits0_.pet_id as pet_id4_6_1_ from visits visits0_ where visits0_.pet_id=?
Hibernate: select visits0_.pet_id as pet_id4_1_0_, visits0_.id as id1_6_0_, visits0_.id as id1_6_1_, visits0_.visit_date as visit_da2_6_1_, visits0_.description as descript3_6_1_, visits0_.pet_id as pet_id4_6_1_ from visits visits0_ where visits0_.pet_id=?
Hibernate: select visits0_.pet_id as pet_id4_1_0_, visits0_.id as id1_6_0_, visits0_.id as id1_6_1_, visits0_.visit_date as visit_da2_6_1_, visits0_.description as descript3_6_1_, visits0_.pet_id as pet_id4_6_1_ from visits visits0_ where visits0_.pet_id=?
Hibernate: select visits0_.pet_id as pet_id4_1_0_, visits0_.id as id1_6_0_, visits0_.id as id1_6_1_, visits0_.visit_date as visit_da2_6_1_, visits0_.description as descript3_6_1_, visits0_.pet_id as pet_id4_6_1_ from visits visits0_ where visits0_.pet_id=?
Hibernate: select visits0_.pet_id as pet_id4_1_0_, visits0_.id as id1_6_0_, visits0_.id as id1_6_1_, visits0_.visit_date as visit_da2_6_1_, visits0_.description as descript3_6_1_, visits0_.pet_id as pet_id4_6_1_ from visits visits0_ where visits0_.pet_id=?
Hibernate: select visits0_.pet_id as pet_id4_1_0_, visits0_.id as id1_6_0_, visits0_.id as id1_6_1_, visits0_.visit_date as visit_da2_6_1_, visits0_.description as descript3_6_1_, visits0_.pet_id as pet_id4_6_1_ from visits visits0_ where visits0_.pet_id=?
Hibernate: select visits0_.pet_id as pet_id4_1_0_, visits0_.id as id1_6_0_, visits0_.id as id1_6_1_, visits0_.visit_date as visit_da2_6_1_, visits0_.description as descript3_6_1_, visits0_.pet_id as pet_id4_6_1_ from visits visits0_ where visits0_.pet_id=?
Hibernate: select visits0_.pet_id as pet_id4_1_0_, visits0_.id as id1_6_0_, visits0_.id as id1_6_1_, visits0_.visit_date as visit_da2_6_1_, visits0_.description as descript3_6_1_, visits0_.pet_id as pet_id4_6_1_ from visits visits0_ where visits0_.pet_id=?
Hibernate: select visits0_.pet_id as pet_id4_1_0_, visits0_.id as id1_6_0_, visits0_.id as id1_6_1_, visits0_.visit_date as visit_da2_6_1_, visits0_.description as descript3_6_1_, visits0_.pet_id as pet_id4_6_1_ from visits visits0_ where visits0_.pet_id=?
Hibernate: select visits0_.pet_id as pet_id4_1_0_, visits0_.id as id1_6_0_, visits0_.id as id1_6_1_, visits0_.visit_date as visit_da2_6_1_, visits0_.description as descript3_6_1_, visits0_.pet_id as pet_id4_6_1_ from visits visits0_ where visits0_.pet_id=?
Hibernate: select visits0_.pet_id as pet_id4_1_0_, visits0_.id as id1_6_0_, visits0_.id as id1_6_1_, visits0_.visit_date as visit_da2_6_1_, visits0_.description as descript3_6_1_, visits0_.pet_id as pet_id4_6_1_ from visits visits0_ where visits0_.pet_id=?
Hibernate: select visits0_.pet_id as pet_id4_1_0_, visits0_.id as id1_6_0_, visits0_.id as id1_6_1_, visits0_.visit_date as visit_da2_6_1_, visits0_.description as descript3_6_1_, visits0_.pet_id as pet_id4_6_1_ from visits visits0_ where visits0_.pet_id=?
Hibernate: select pettype0_.id as id1_3_, pettype0_.name as name2_3_ from types pettype0_ order by pettype0_.name
Hibernate: select pettype0_.id as id1_3_, pettype0_.name as name2_3_ from types pettype0_ order by pettype0_.name
Hibernate: insert into pets (name, birth_date, owner_id, type_id) values (?, ?, ?, ?)
INFO  StandaloneMockMvcBuilder$StaticRequestMappingHandlerMapping - Mapped "{[/owners/{ownerId}/pets/{petId}/edit],methods=[POST]}" onto public java.lang.String org.springframework.samples.petclinic.web.PetController.processUpdateForm(org.springframework.samples.petclinic.model.Pet,org.springframework.validation.BindingResult,org.springframework.samples.petclinic.model.Owner,org.springframework.ui.ModelMap)
INFO  StandaloneMockMvcBuilder$StaticRequestMappingHandlerMapping - Mapped "{[/owners/{ownerId}/pets/new],methods=[POST]}" onto public java.lang.String org.springframework.samples.petclinic.web.PetController.processCreationForm(org.springframework.samples.petclinic.model.Owner,org.springframework.samples.petclinic.model.Pet,org.springframework.validation.BindingResult,org.springframework.ui.ModelMap)
INFO  StandaloneMockMvcBuilder$StaticRequestMappingHandlerMapping - Mapped "{[/owners/{ownerId}/pets/new],methods=[GET]}" onto public java.lang.String org.springframework.samples.petclinic.web.PetController.initCreationForm(org.springframework.samples.petclinic.model.Owner,org.springframework.ui.ModelMap)
INFO  StandaloneMockMvcBuilder$StaticRequestMappingHandlerMapping - Mapped "{[/owners/{ownerId}/pets/{petId}/edit],methods=[GET]}" onto public java.lang.String org.springframework.samples.petclinic.web.PetController.initUpdateForm(int,org.springframework.ui.ModelMap)
INFO  RequestMappingHandlerAdapter - Looking for @ControllerAdvice: org.springframework.test.web.servlet.setup.StubWebApplicationContext@18dafd3b
INFO  MockServletContext - Initializing Spring FrameworkServlet ''
INFO  TestDispatcherServlet - FrameworkServlet '': initialization started
INFO  TestDispatcherServlet - FrameworkServlet '': initialization completed in 0 ms
Hibernate: select owner0_.id as id1_0_0_, pets1_.id as id1_1_1_, owner0_.first_name as first_na2_0_0_, owner0_.last_name as last_nam3_0_0_, owner0_.address as address4_0_0_, owner0_.city as city5_0_0_, owner0_.telephone as telephon6_0_0_, pets1_.name as name2_1_1_, pets1_.birth_date as birth_da3_1_1_, pets1_.owner_id as owner_id4_1_1_, pets1_.type_id as type_id5_1_1_, pets1_.owner_id as owner_id4_0_0__, pets1_.id as id1_1_0__ from owners owner0_ left outer join pets pets1_ on owner0_.id=pets1_.owner_id where owner0_.id=?
Hibernate: select pettype0_.id as id1_3_0_, pettype0_.name as name2_3_0_ from types pettype0_ where pettype0_.id=?
Hibernate: select pettype0_.id as id1_3_0_, pettype0_.name as name2_3_0_ from types pettype0_ where pettype0_.id=?
Hibernate: select visits0_.pet_id as pet_id4_1_0_, visits0_.id as id1_6_0_, visits0_.id as id1_6_1_, visits0_.visit_date as visit_da2_6_1_, visits0_.description as descript3_6_1_, visits0_.pet_id as pet_id4_6_1_ from visits visits0_ where visits0_.pet_id=?
Hibernate: select visits0_.pet_id as pet_id4_1_0_, visits0_.id as id1_6_0_, visits0_.id as id1_6_1_, visits0_.visit_date as visit_da2_6_1_, visits0_.description as descript3_6_1_, visits0_.pet_id as pet_id4_6_1_ from visits visits0_ where visits0_.pet_id=?
Hibernate: select visits0_.pet_id as pet_id4_1_0_, visits0_.id as id1_6_0_, visits0_.id as id1_6_1_, visits0_.visit_date as visit_da2_6_1_, visits0_.description as descript3_6_1_, visits0_.pet_id as pet_id4_6_1_ from visits visits0_ where visits0_.pet_id=?
Hibernate: select visits0_.pet_id as pet_id4_1_0_, visits0_.id as id1_6_0_, visits0_.id as id1_6_1_, visits0_.visit_date as visit_da2_6_1_, visits0_.description as descript3_6_1_, visits0_.pet_id as pet_id4_6_1_ from visits visits0_ where visits0_.pet_id=?
Hibernate: select visits0_.pet_id as pet_id4_1_0_, visits0_.id as id1_6_0_, visits0_.id as id1_6_1_, visits0_.visit_date as visit_da2_6_1_, visits0_.description as descript3_6_1_, visits0_.pet_id as pet_id4_6_1_ from visits visits0_ where visits0_.pet_id=?
Hibernate: select visits0_.pet_id as pet_id4_1_0_, visits0_.id as id1_6_0_, visits0_.id as id1_6_1_, visits0_.visit_date as visit_da2_6_1_, visits0_.description as descript3_6_1_, visits0_.pet_id as pet_id4_6_1_ from visits visits0_ where visits0_.pet_id=?
Hibernate: select visits0_.pet_id as pet_id4_1_0_, visits0_.id as id1_6_0_, visits0_.id as id1_6_1_, visits0_.visit_date as visit_da2_6_1_, visits0_.description as descript3_6_1_, visits0_.pet_id as pet_id4_6_1_ from visits visits0_ where visits0_.pet_id=?
Hibernate: select visits0_.pet_id as pet_id4_1_0_, visits0_.id as id1_6_0_, visits0_.id as id1_6_1_, visits0_.visit_date as visit_da2_6_1_, visits0_.description as descript3_6_1_, visits0_.pet_id as pet_id4_6_1_ from visits visits0_ where visits0_.pet_id=?
Hibernate: select visits0_.pet_id as pet_id4_1_0_, visits0_.id as id1_6_0_, visits0_.id as id1_6_1_, visits0_.visit_date as visit_da2_6_1_, visits0_.description as descript3_6_1_, visits0_.pet_id as pet_id4_6_1_ from visits visits0_ where visits0_.pet_id=?
Hibernate: select visits0_.pet_id as pet_id4_1_0_, visits0_.id as id1_6_0_, visits0_.id as id1_6_1_, visits0_.visit_date as visit_da2_6_1_, visits0_.description as descript3_6_1_, visits0_.pet_id as pet_id4_6_1_ from visits visits0_ where visits0_.pet_id=?
Hibernate: select visits0_.pet_id as pet_id4_1_0_, visits0_.id as id1_6_0_, visits0_.id as id1_6_1_, visits0_.visit_date as visit_da2_6_1_, visits0_.description as descript3_6_1_, visits0_.pet_id as pet_id4_6_1_ from visits visits0_ where visits0_.pet_id=?
Hibernate: select visits0_.pet_id as pet_id4_1_0_, visits0_.id as id1_6_0_, visits0_.id as id1_6_1_, visits0_.visit_date as visit_da2_6_1_, visits0_.description as descript3_6_1_, visits0_.pet_id as pet_id4_6_1_ from visits visits0_ where visits0_.pet_id=?
Hibernate: select visits0_.pet_id as pet_id4_1_0_, visits0_.id as id1_6_0_, visits0_.id as id1_6_1_, visits0_.visit_date as visit_da2_6_1_, visits0_.description as descript3_6_1_, visits0_.pet_id as pet_id4_6_1_ from visits visits0_ where visits0_.pet_id=?
Hibernate: select visits0_.pet_id as pet_id4_1_0_, visits0_.id as id1_6_0_, visits0_.id as id1_6_1_, visits0_.visit_date as visit_da2_6_1_, visits0_.description as descript3_6_1_, visits0_.pet_id as pet_id4_6_1_ from visits visits0_ where visits0_.pet_id=?
Hibernate: select pettype0_.id as id1_3_, pettype0_.name as name2_3_ from types pettype0_ order by pettype0_.name
Hibernate: select pet0_.id as id1_1_, pet0_.name as name2_1_, pet0_.birth_date as birth_da3_1_, pet0_.owner_id as owner_id4_1_, pet0_.type_id as type_id5_1_ from pets pet0_ where pet0_.id=?
Hibernate: select owner0_.id as id1_0_0_, owner0_.first_name as first_na2_0_0_, owner0_.last_name as last_nam3_0_0_, owner0_.address as address4_0_0_, owner0_.city as city5_0_0_, owner0_.telephone as telephon6_0_0_ from owners owner0_ where owner0_.id=?
Hibernate: select pettype0_.id as id1_3_0_, pettype0_.name as name2_3_0_ from types pettype0_ where pettype0_.id=?
Hibernate: select visits0_.pet_id as pet_id4_1_0_, visits0_.id as id1_6_0_, visits0_.id as id1_6_1_, visits0_.visit_date as visit_da2_6_1_, visits0_.description as descript3_6_1_, visits0_.pet_id as pet_id4_6_1_ from visits visits0_ where visits0_.pet_id=?
INFO  StandaloneMockMvcBuilder$StaticRequestMappingHandlerMapping - Mapped "{[/owners/{ownerId}/pets/{petId}/edit],methods=[POST]}" onto public java.lang.String org.springframework.samples.petclinic.web.PetController.processUpdateForm(org.springframework.samples.petclinic.model.Pet,org.springframework.validation.BindingResult,org.springframework.samples.petclinic.model.Owner,org.springframework.ui.ModelMap)
INFO  StandaloneMockMvcBuilder$StaticRequestMappingHandlerMapping - Mapped "{[/owners/{ownerId}/pets/new],methods=[POST]}" onto public java.lang.String org.springframework.samples.petclinic.web.PetController.processCreationForm(org.springframework.samples.petclinic.model.Owner,org.springframework.samples.petclinic.model.Pet,org.springframework.validation.BindingResult,org.springframework.ui.ModelMap)
INFO  StandaloneMockMvcBuilder$StaticRequestMappingHandlerMapping - Mapped "{[/owners/{ownerId}/pets/new],methods=[GET]}" onto public java.lang.String org.springframework.samples.petclinic.web.PetController.initCreationForm(org.springframework.samples.petclinic.model.Owner,org.springframework.ui.ModelMap)
INFO  StandaloneMockMvcBuilder$StaticRequestMappingHandlerMapping - Mapped "{[/owners/{ownerId}/pets/{petId}/edit],methods=[GET]}" onto public java.lang.String org.springframework.samples.petclinic.web.PetController.initUpdateForm(int,org.springframework.ui.ModelMap)
INFO  RequestMappingHandlerAdapter - Looking for @ControllerAdvice: org.springframework.test.web.servlet.setup.StubWebApplicationContext@20f99c18
INFO  MockServletContext - Initializing Spring FrameworkServlet ''
INFO  TestDispatcherServlet - FrameworkServlet '': initialization started
INFO  TestDispatcherServlet - FrameworkServlet '': initialization completed in 0 ms
Hibernate: select owner0_.id as id1_0_0_, pets1_.id as id1_1_1_, owner0_.first_name as first_na2_0_0_, owner0_.last_name as last_nam3_0_0_, owner0_.address as address4_0_0_, owner0_.city as city5_0_0_, owner0_.telephone as telephon6_0_0_, pets1_.name as name2_1_1_, pets1_.birth_date as birth_da3_1_1_, pets1_.owner_id as owner_id4_1_1_, pets1_.type_id as type_id5_1_1_, pets1_.owner_id as owner_id4_0_0__, pets1_.id as id1_1_0__ from owners owner0_ left outer join pets pets1_ on owner0_.id=pets1_.owner_id where owner0_.id=?
Hibernate: select pettype0_.id as id1_3_0_, pettype0_.name as name2_3_0_ from types pettype0_ where pettype0_.id=?
Hibernate: select pettype0_.id as id1_3_0_, pettype0_.name as name2_3_0_ from types pettype0_ where pettype0_.id=?
Hibernate: select visits0_.pet_id as pet_id4_1_0_, visits0_.id as id1_6_0_, visits0_.id as id1_6_1_, visits0_.visit_date as visit_da2_6_1_, visits0_.description as descript3_6_1_, visits0_.pet_id as pet_id4_6_1_ from visits visits0_ where visits0_.pet_id=?
Hibernate: select visits0_.pet_id as pet_id4_1_0_, visits0_.id as id1_6_0_, visits0_.id as id1_6_1_, visits0_.visit_date as visit_da2_6_1_, visits0_.description as descript3_6_1_, visits0_.pet_id as pet_id4_6_1_ from visits visits0_ where visits0_.pet_id=?
Hibernate: select visits0_.pet_id as pet_id4_1_0_, visits0_.id as id1_6_0_, visits0_.id as id1_6_1_, visits0_.visit_date as visit_da2_6_1_, visits0_.description as descript3_6_1_, visits0_.pet_id as pet_id4_6_1_ from visits visits0_ where visits0_.pet_id=?
Hibernate: select visits0_.pet_id as pet_id4_1_0_, visits0_.id as id1_6_0_, visits0_.id as id1_6_1_, visits0_.visit_date as visit_da2_6_1_, visits0_.description as descript3_6_1_, visits0_.pet_id as pet_id4_6_1_ from visits visits0_ where visits0_.pet_id=?
Hibernate: select visits0_.pet_id as pet_id4_1_0_, visits0_.id as id1_6_0_, visits0_.id as id1_6_1_, visits0_.visit_date as visit_da2_6_1_, visits0_.description as descript3_6_1_, visits0_.pet_id as pet_id4_6_1_ from visits visits0_ where visits0_.pet_id=?
Hibernate: select visits0_.pet_id as pet_id4_1_0_, visits0_.id as id1_6_0_, visits0_.id as id1_6_1_, visits0_.visit_date as visit_da2_6_1_, visits0_.description as descript3_6_1_, visits0_.pet_id as pet_id4_6_1_ from visits visits0_ where visits0_.pet_id=?
Hibernate: select visits0_.pet_id as pet_id4_1_0_, visits0_.id as id1_6_0_, visits0_.id as id1_6_1_, visits0_.visit_date as visit_da2_6_1_, visits0_.description as descript3_6_1_, visits0_.pet_id as pet_id4_6_1_ from visits visits0_ where visits0_.pet_id=?
Hibernate: select visits0_.pet_id as pet_id4_1_0_, visits0_.id as id1_6_0_, visits0_.id as id1_6_1_, visits0_.visit_date as visit_da2_6_1_, visits0_.description as descript3_6_1_, visits0_.pet_id as pet_id4_6_1_ from visits visits0_ where visits0_.pet_id=?
Hibernate: select visits0_.pet_id as pet_id4_1_0_, visits0_.id as id1_6_0_, visits0_.id as id1_6_1_, visits0_.visit_date as visit_da2_6_1_, visits0_.description as descript3_6_1_, visits0_.pet_id as pet_id4_6_1_ from visits visits0_ where visits0_.pet_id=?
Hibernate: select visits0_.pet_id as pet_id4_1_0_, visits0_.id as id1_6_0_, visits0_.id as id1_6_1_, visits0_.visit_date as visit_da2_6_1_, visits0_.description as descript3_6_1_, visits0_.pet_id as pet_id4_6_1_ from visits visits0_ where visits0_.pet_id=?
Hibernate: select visits0_.pet_id as pet_id4_1_0_, visits0_.id as id1_6_0_, visits0_.id as id1_6_1_, visits0_.visit_date as visit_da2_6_1_, visits0_.description as descript3_6_1_, visits0_.pet_id as pet_id4_6_1_ from visits visits0_ where visits0_.pet_id=?
Hibernate: select visits0_.pet_id as pet_id4_1_0_, visits0_.id as id1_6_0_, visits0_.id as id1_6_1_, visits0_.visit_date as visit_da2_6_1_, visits0_.description as descript3_6_1_, visits0_.pet_id as pet_id4_6_1_ from visits visits0_ where visits0_.pet_id=?
Hibernate: select visits0_.pet_id as pet_id4_1_0_, visits0_.id as id1_6_0_, visits0_.id as id1_6_1_, visits0_.visit_date as visit_da2_6_1_, visits0_.description as descript3_6_1_, visits0_.pet_id as pet_id4_6_1_ from visits visits0_ where visits0_.pet_id=?
Hibernate: select visits0_.pet_id as pet_id4_1_0_, visits0_.id as id1_6_0_, visits0_.id as id1_6_1_, visits0_.visit_date as visit_da2_6_1_, visits0_.description as descript3_6_1_, visits0_.pet_id as pet_id4_6_1_ from visits visits0_ where visits0_.pet_id=?
Hibernate: select pettype0_.id as id1_3_, pettype0_.name as name2_3_ from types pettype0_ order by pettype0_.name
INFO  StandaloneMockMvcBuilder$StaticRequestMappingHandlerMapping - Mapped "{[/owners/{ownerId}/pets/{petId}/edit],methods=[POST]}" onto public java.lang.String org.springframework.samples.petclinic.web.PetController.processUpdateForm(org.springframework.samples.petclinic.model.Pet,org.springframework.validation.BindingResult,org.springframework.samples.petclinic.model.Owner,org.springframework.ui.ModelMap)
INFO  StandaloneMockMvcBuilder$StaticRequestMappingHandlerMapping - Mapped "{[/owners/{ownerId}/pets/new],methods=[POST]}" onto public java.lang.String org.springframework.samples.petclinic.web.PetController.processCreationForm(org.springframework.samples.petclinic.model.Owner,org.springframework.samples.petclinic.model.Pet,org.springframework.validation.BindingResult,org.springframework.ui.ModelMap)
INFO  StandaloneMockMvcBuilder$StaticRequestMappingHandlerMapping - Mapped "{[/owners/{ownerId}/pets/new],methods=[GET]}" onto public java.lang.String org.springframework.samples.petclinic.web.PetController.initCreationForm(org.springframework.samples.petclinic.model.Owner,org.springframework.ui.ModelMap)
INFO  StandaloneMockMvcBuilder$StaticRequestMappingHandlerMapping - Mapped "{[/owners/{ownerId}/pets/{petId}/edit],methods=[GET]}" onto public java.lang.String org.springframework.samples.petclinic.web.PetController.initUpdateForm(int,org.springframework.ui.ModelMap)
INFO  RequestMappingHandlerAdapter - Looking for @ControllerAdvice: org.springframework.test.web.servlet.setup.StubWebApplicationContext@2674ca88
INFO  MockServletContext - Initializing Spring FrameworkServlet ''
INFO  TestDispatcherServlet - FrameworkServlet '': initialization started
INFO  TestDispatcherServlet - FrameworkServlet '': initialization completed in 0 ms
Hibernate: select owner0_.id as id1_0_0_, pets1_.id as id1_1_1_, owner0_.first_name as first_na2_0_0_, owner0_.last_name as last_nam3_0_0_, owner0_.address as address4_0_0_, owner0_.city as city5_0_0_, owner0_.telephone as telephon6_0_0_, pets1_.name as name2_1_1_, pets1_.birth_date as birth_da3_1_1_, pets1_.owner_id as owner_id4_1_1_, pets1_.type_id as type_id5_1_1_, pets1_.owner_id as owner_id4_0_0__, pets1_.id as id1_1_0__ from owners owner0_ left outer join pets pets1_ on owner0_.id=pets1_.owner_id where owner0_.id=?
Hibernate: select pettype0_.id as id1_3_0_, pettype0_.name as name2_3_0_ from types pettype0_ where pettype0_.id=?
Hibernate: select pettype0_.id as id1_3_0_, pettype0_.name as name2_3_0_ from types pettype0_ where pettype0_.id=?
Hibernate: select visits0_.pet_id as pet_id4_1_0_, visits0_.id as id1_6_0_, visits0_.id as id1_6_1_, visits0_.visit_date as visit_da2_6_1_, visits0_.description as descript3_6_1_, visits0_.pet_id as pet_id4_6_1_ from visits visits0_ where visits0_.pet_id=?
Hibernate: select visits0_.pet_id as pet_id4_1_0_, visits0_.id as id1_6_0_, visits0_.id as id1_6_1_, visits0_.visit_date as visit_da2_6_1_, visits0_.description as descript3_6_1_, visits0_.pet_id as pet_id4_6_1_ from visits visits0_ where visits0_.pet_id=?
Hibernate: select visits0_.pet_id as pet_id4_1_0_, visits0_.id as id1_6_0_, visits0_.id as id1_6_1_, visits0_.visit_date as visit_da2_6_1_, visits0_.description as descript3_6_1_, visits0_.pet_id as pet_id4_6_1_ from visits visits0_ where visits0_.pet_id=?
Hibernate: select visits0_.pet_id as pet_id4_1_0_, visits0_.id as id1_6_0_, visits0_.id as id1_6_1_, visits0_.visit_date as visit_da2_6_1_, visits0_.description as descript3_6_1_, visits0_.pet_id as pet_id4_6_1_ from visits visits0_ where visits0_.pet_id=?
Hibernate: select visits0_.pet_id as pet_id4_1_0_, visits0_.id as id1_6_0_, visits0_.id as id1_6_1_, visits0_.visit_date as visit_da2_6_1_, visits0_.description as descript3_6_1_, visits0_.pet_id as pet_id4_6_1_ from visits visits0_ where visits0_.pet_id=?
Hibernate: select visits0_.pet_id as pet_id4_1_0_, visits0_.id as id1_6_0_, visits0_.id as id1_6_1_, visits0_.visit_date as visit_da2_6_1_, visits0_.description as descript3_6_1_, visits0_.pet_id as pet_id4_6_1_ from visits visits0_ where visits0_.pet_id=?
Hibernate: select visits0_.pet_id as pet_id4_1_0_, visits0_.id as id1_6_0_, visits0_.id as id1_6_1_, visits0_.visit_date as visit_da2_6_1_, visits0_.description as descript3_6_1_, visits0_.pet_id as pet_id4_6_1_ from visits visits0_ where visits0_.pet_id=?
Hibernate: select visits0_.pet_id as pet_id4_1_0_, visits0_.id as id1_6_0_, visits0_.id as id1_6_1_, visits0_.visit_date as visit_da2_6_1_, visits0_.description as descript3_6_1_, visits0_.pet_id as pet_id4_6_1_ from visits visits0_ where visits0_.pet_id=?
Hibernate: select visits0_.pet_id as pet_id4_1_0_, visits0_.id as id1_6_0_, visits0_.id as id1_6_1_, visits0_.visit_date as visit_da2_6_1_, visits0_.description as descript3_6_1_, visits0_.pet_id as pet_id4_6_1_ from visits visits0_ where visits0_.pet_id=?
Hibernate: select visits0_.pet_id as pet_id4_1_0_, visits0_.id as id1_6_0_, visits0_.id as id1_6_1_, visits0_.visit_date as visit_da2_6_1_, visits0_.description as descript3_6_1_, visits0_.pet_id as pet_id4_6_1_ from visits visits0_ where visits0_.pet_id=?
Hibernate: select visits0_.pet_id as pet_id4_1_0_, visits0_.id as id1_6_0_, visits0_.id as id1_6_1_, visits0_.visit_date as visit_da2_6_1_, visits0_.description as descript3_6_1_, visits0_.pet_id as pet_id4_6_1_ from visits visits0_ where visits0_.pet_id=?
Hibernate: select visits0_.pet_id as pet_id4_1_0_, visits0_.id as id1_6_0_, visits0_.id as id1_6_1_, visits0_.visit_date as visit_da2_6_1_, visits0_.description as descript3_6_1_, visits0_.pet_id as pet_id4_6_1_ from visits visits0_ where visits0_.pet_id=?
Hibernate: select visits0_.pet_id as pet_id4_1_0_, visits0_.id as id1_6_0_, visits0_.id as id1_6_1_, visits0_.visit_date as visit_da2_6_1_, visits0_.description as descript3_6_1_, visits0_.pet_id as pet_id4_6_1_ from visits visits0_ where visits0_.pet_id=?
Hibernate: select visits0_.pet_id as pet_id4_1_0_, visits0_.id as id1_6_0_, visits0_.id as id1_6_1_, visits0_.visit_date as visit_da2_6_1_, visits0_.description as descript3_6_1_, visits0_.pet_id as pet_id4_6_1_ from visits visits0_ where visits0_.pet_id=?
Hibernate: select pettype0_.id as id1_3_, pettype0_.name as name2_3_ from types pettype0_ order by pettype0_.name
INFO  StandaloneMockMvcBuilder$StaticRequestMappingHandlerMapping - Mapped "{[/owners/{ownerId}/pets/{petId}/edit],methods=[POST]}" onto public java.lang.String org.springframework.samples.petclinic.web.PetController.processUpdateForm(org.springframework.samples.petclinic.model.Pet,org.springframework.validation.BindingResult,org.springframework.samples.petclinic.model.Owner,org.springframework.ui.ModelMap)
INFO  StandaloneMockMvcBuilder$StaticRequestMappingHandlerMapping - Mapped "{[/owners/{ownerId}/pets/new],methods=[POST]}" onto public java.lang.String org.springframework.samples.petclinic.web.PetController.processCreationForm(org.springframework.samples.petclinic.model.Owner,org.springframework.samples.petclinic.model.Pet,org.springframework.validation.BindingResult,org.springframework.ui.ModelMap)
INFO  StandaloneMockMvcBuilder$StaticRequestMappingHandlerMapping - Mapped "{[/owners/{ownerId}/pets/new],methods=[GET]}" onto public java.lang.String org.springframework.samples.petclinic.web.PetController.initCreationForm(org.springframework.samples.petclinic.model.Owner,org.springframework.ui.ModelMap)
INFO  StandaloneMockMvcBuilder$StaticRequestMappingHandlerMapping - Mapped "{[/owners/{ownerId}/pets/{petId}/edit],methods=[GET]}" onto public java.lang.String org.springframework.samples.petclinic.web.PetController.initUpdateForm(int,org.springframework.ui.ModelMap)
INFO  RequestMappingHandlerAdapter - Looking for @ControllerAdvice: org.springframework.test.web.servlet.setup.StubWebApplicationContext@14eb96e9
INFO  MockServletContext - Initializing Spring FrameworkServlet ''
INFO  TestDispatcherServlet - FrameworkServlet '': initialization started
INFO  TestDispatcherServlet - FrameworkServlet '': initialization completed in 0 ms
Hibernate: select owner0_.id as id1_0_0_, pets1_.id as id1_1_1_, owner0_.first_name as first_na2_0_0_, owner0_.last_name as last_nam3_0_0_, owner0_.address as address4_0_0_, owner0_.city as city5_0_0_, owner0_.telephone as telephon6_0_0_, pets1_.name as name2_1_1_, pets1_.birth_date as birth_da3_1_1_, pets1_.owner_id as owner_id4_1_1_, pets1_.type_id as type_id5_1_1_, pets1_.owner_id as owner_id4_0_0__, pets1_.id as id1_1_0__ from owners owner0_ left outer join pets pets1_ on owner0_.id=pets1_.owner_id where owner0_.id=?
Hibernate: select pettype0_.id as id1_3_0_, pettype0_.name as name2_3_0_ from types pettype0_ where pettype0_.id=?
Hibernate: select pettype0_.id as id1_3_0_, pettype0_.name as name2_3_0_ from types pettype0_ where pettype0_.id=?
Hibernate: select visits0_.pet_id as pet_id4_1_0_, visits0_.id as id1_6_0_, visits0_.id as id1_6_1_, visits0_.visit_date as visit_da2_6_1_, visits0_.description as descript3_6_1_, visits0_.pet_id as pet_id4_6_1_ from visits visits0_ where visits0_.pet_id=?
Hibernate: select visits0_.pet_id as pet_id4_1_0_, visits0_.id as id1_6_0_, visits0_.id as id1_6_1_, visits0_.visit_date as visit_da2_6_1_, visits0_.description as descript3_6_1_, visits0_.pet_id as pet_id4_6_1_ from visits visits0_ where visits0_.pet_id=?
Hibernate: select visits0_.pet_id as pet_id4_1_0_, visits0_.id as id1_6_0_, visits0_.id as id1_6_1_, visits0_.visit_date as visit_da2_6_1_, visits0_.description as descript3_6_1_, visits0_.pet_id as pet_id4_6_1_ from visits visits0_ where visits0_.pet_id=?
Hibernate: select visits0_.pet_id as pet_id4_1_0_, visits0_.id as id1_6_0_, visits0_.id as id1_6_1_, visits0_.visit_date as visit_da2_6_1_, visits0_.description as descript3_6_1_, visits0_.pet_id as pet_id4_6_1_ from visits visits0_ where visits0_.pet_id=?
Hibernate: select visits0_.pet_id as pet_id4_1_0_, visits0_.id as id1_6_0_, visits0_.id as id1_6_1_, visits0_.visit_date as visit_da2_6_1_, visits0_.description as descript3_6_1_, visits0_.pet_id as pet_id4_6_1_ from visits visits0_ where visits0_.pet_id=?
Hibernate: select visits0_.pet_id as pet_id4_1_0_, visits0_.id as id1_6_0_, visits0_.id as id1_6_1_, visits0_.visit_date as visit_da2_6_1_, visits0_.description as descript3_6_1_, visits0_.pet_id as pet_id4_6_1_ from visits visits0_ where visits0_.pet_id=?
Hibernate: select visits0_.pet_id as pet_id4_1_0_, visits0_.id as id1_6_0_, visits0_.id as id1_6_1_, visits0_.visit_date as visit_da2_6_1_, visits0_.description as descript3_6_1_, visits0_.pet_id as pet_id4_6_1_ from visits visits0_ where visits0_.pet_id=?
Hibernate: select visits0_.pet_id as pet_id4_1_0_, visits0_.id as id1_6_0_, visits0_.id as id1_6_1_, visits0_.visit_date as visit_da2_6_1_, visits0_.description as descript3_6_1_, visits0_.pet_id as pet_id4_6_1_ from visits visits0_ where visits0_.pet_id=?
Hibernate: select visits0_.pet_id as pet_id4_1_0_, visits0_.id as id1_6_0_, visits0_.id as id1_6_1_, visits0_.visit_date as visit_da2_6_1_, visits0_.description as descript3_6_1_, visits0_.pet_id as pet_id4_6_1_ from visits visits0_ where visits0_.pet_id=?
Hibernate: select visits0_.pet_id as pet_id4_1_0_, visits0_.id as id1_6_0_, visits0_.id as id1_6_1_, visits0_.visit_date as visit_da2_6_1_, visits0_.description as descript3_6_1_, visits0_.pet_id as pet_id4_6_1_ from visits visits0_ where visits0_.pet_id=?
Hibernate: select visits0_.pet_id as pet_id4_1_0_, visits0_.id as id1_6_0_, visits0_.id as id1_6_1_, visits0_.visit_date as visit_da2_6_1_, visits0_.description as descript3_6_1_, visits0_.pet_id as pet_id4_6_1_ from visits visits0_ where visits0_.pet_id=?
Hibernate: select visits0_.pet_id as pet_id4_1_0_, visits0_.id as id1_6_0_, visits0_.id as id1_6_1_, visits0_.visit_date as visit_da2_6_1_, visits0_.description as descript3_6_1_, visits0_.pet_id as pet_id4_6_1_ from visits visits0_ where visits0_.pet_id=?
Hibernate: select visits0_.pet_id as pet_id4_1_0_, visits0_.id as id1_6_0_, visits0_.id as id1_6_1_, visits0_.visit_date as visit_da2_6_1_, visits0_.description as descript3_6_1_, visits0_.pet_id as pet_id4_6_1_ from visits visits0_ where visits0_.pet_id=?
Hibernate: select visits0_.pet_id as pet_id4_1_0_, visits0_.id as id1_6_0_, visits0_.id as id1_6_1_, visits0_.visit_date as visit_da2_6_1_, visits0_.description as descript3_6_1_, visits0_.pet_id as pet_id4_6_1_ from visits visits0_ where visits0_.pet_id=?
Hibernate: select pettype0_.id as id1_3_, pettype0_.name as name2_3_ from types pettype0_ order by pettype0_.name
Tests run: 6, Failures: 0, Errors: 0, Skipped: 0, Time elapsed: 0.15 sec
Running org.springframework.samples.petclinic.web.PetTypeFormatterTests
Tests run: 3, Failures: 0, Errors: 0, Skipped: 0, Time elapsed: 0.103 sec
Running org.springframework.samples.petclinic.web.VetControllerTests
INFO  WebTestContextBootstrapper - Loaded default TestExecutionListener class names from location [META-INF/spring.factories]: [org.springframework.test.context.web.ServletTestExecutionListener, org.springframework.test.context.support.DirtiesContextBeforeModesTestExecutionListener, org.springframework.test.context.support.DependencyInjectionTestExecutionListener, org.springframework.test.context.support.DirtiesContextTestExecutionListener, org.springframework.test.context.transaction.TransactionalTestExecutionListener, org.springframework.test.context.jdbc.SqlScriptsTestExecutionListener]
INFO  WebTestContextBootstrapper - Using TestExecutionListeners: [org.springframework.test.context.web.ServletTestExecutionListener@12765ebd, org.springframework.test.context.support.DirtiesContextBeforeModesTestExecutionListener@1dac0784, org.springframework.test.context.support.DependencyInjectionTestExecutionListener@3703a400, org.springframework.test.context.support.DirtiesContextTestExecutionListener@22105c76, org.springframework.test.context.transaction.TransactionalTestExecutionListener@2336d3f, org.springframework.test.context.jdbc.SqlScriptsTestExecutionListener@7f5ecada]
INFO  StandaloneMockMvcBuilder$StaticRequestMappingHandlerMapping - Mapped "{[/vets.json]}" onto public org.springframework.samples.petclinic.model.Vets org.springframework.samples.petclinic.web.VetController.showResourcesVetList()
INFO  StandaloneMockMvcBuilder$StaticRequestMappingHandlerMapping - Mapped "{[/vets.xml || /vets.html]}" onto public java.lang.String org.springframework.samples.petclinic.web.VetController.showVetList(java.util.Map<java.lang.String, java.lang.Object>)
INFO  RequestMappingHandlerAdapter - Looking for @ControllerAdvice: org.springframework.test.web.servlet.setup.StubWebApplicationContext@5d04fbb7
INFO  MockServletContext - Initializing Spring FrameworkServlet ''
INFO  TestDispatcherServlet - FrameworkServlet '': initialization started
INFO  TestDispatcherServlet - FrameworkServlet '': initialization completed in 0 ms
Hibernate: select vet0_.id as id1_5_, vet0_.first_name as first_na2_5_, vet0_.last_name as last_nam3_5_ from vets vet0_
Hibernate: select specialtie0_.vet_id as vet_id1_5_0_, specialtie0_.specialty_id as specialt2_4_0_, specialty1_.id as id1_2_1_, specialty1_.name as name2_2_1_ from vet_specialties specialtie0_ inner join specialties specialty1_ on specialtie0_.specialty_id=specialty1_.id where specialtie0_.vet_id=?
Hibernate: select specialtie0_.vet_id as vet_id1_5_0_, specialtie0_.specialty_id as specialt2_4_0_, specialty1_.id as id1_2_1_, specialty1_.name as name2_2_1_ from vet_specialties specialtie0_ inner join specialties specialty1_ on specialtie0_.specialty_id=specialty1_.id where specialtie0_.vet_id=?
Hibernate: select specialtie0_.vet_id as vet_id1_5_0_, specialtie0_.specialty_id as specialt2_4_0_, specialty1_.id as id1_2_1_, specialty1_.name as name2_2_1_ from vet_specialties specialtie0_ inner join specialties specialty1_ on specialtie0_.specialty_id=specialty1_.id where specialtie0_.vet_id=?
Hibernate: select specialtie0_.vet_id as vet_id1_5_0_, specialtie0_.specialty_id as specialt2_4_0_, specialty1_.id as id1_2_1_, specialty1_.name as name2_2_1_ from vet_specialties specialtie0_ inner join specialties specialty1_ on specialtie0_.specialty_id=specialty1_.id where specialtie0_.vet_id=?
Hibernate: select specialtie0_.vet_id as vet_id1_5_0_, specialtie0_.specialty_id as specialt2_4_0_, specialty1_.id as id1_2_1_, specialty1_.name as name2_2_1_ from vet_specialties specialtie0_ inner join specialties specialty1_ on specialtie0_.specialty_id=specialty1_.id where specialtie0_.vet_id=?
Hibernate: select specialtie0_.vet_id as vet_id1_5_0_, specialtie0_.specialty_id as specialt2_4_0_, specialty1_.id as id1_2_1_, specialty1_.name as name2_2_1_ from vet_specialties specialtie0_ inner join specialties specialty1_ on specialtie0_.specialty_id=specialty1_.id where specialtie0_.vet_id=?
INFO  StandaloneMockMvcBuilder$StaticRequestMappingHandlerMapping - Mapped "{[/vets.json]}" onto public org.springframework.samples.petclinic.model.Vets org.springframework.samples.petclinic.web.VetController.showResourcesVetList()
INFO  StandaloneMockMvcBuilder$StaticRequestMappingHandlerMapping - Mapped "{[/vets.xml || /vets.html]}" onto public java.lang.String org.springframework.samples.petclinic.web.VetController.showVetList(java.util.Map<java.lang.String, java.lang.Object>)
INFO  RequestMappingHandlerAdapter - Looking for @ControllerAdvice: org.springframework.test.web.servlet.setup.StubWebApplicationContext@6e12f38c
INFO  MockServletContext - Initializing Spring FrameworkServlet ''
INFO  TestDispatcherServlet - FrameworkServlet '': initialization started
INFO  TestDispatcherServlet - FrameworkServlet '': initialization completed in 0 ms
INFO  StandaloneMockMvcBuilder$StaticRequestMappingHandlerMapping - Mapped "{[/vets.json]}" onto public org.springframework.samples.petclinic.model.Vets org.springframework.samples.petclinic.web.VetController.showResourcesVetList()
INFO  StandaloneMockMvcBuilder$StaticRequestMappingHandlerMapping - Mapped "{[/vets.xml || /vets.html]}" onto public java.lang.String org.springframework.samples.petclinic.web.VetController.showVetList(java.util.Map<java.lang.String, java.lang.Object>)
INFO  RequestMappingHandlerAdapter - Looking for @ControllerAdvice: org.springframework.test.web.servlet.setup.StubWebApplicationContext@630c3af3
INFO  MockServletContext - Initializing Spring FrameworkServlet ''
INFO  TestDispatcherServlet - FrameworkServlet '': initialization started
INFO  TestDispatcherServlet - FrameworkServlet '': initialization completed in 0 ms
Tests run: 3, Failures: 0, Errors: 0, Skipped: 0, Time elapsed: 0.133 sec
Running org.springframework.samples.petclinic.web.VisitControllerTests
INFO  WebTestContextBootstrapper - Loaded default TestExecutionListener class names from location [META-INF/spring.factories]: [org.springframework.test.context.web.ServletTestExecutionListener, org.springframework.test.context.support.DirtiesContextBeforeModesTestExecutionListener, org.springframework.test.context.support.DependencyInjectionTestExecutionListener, org.springframework.test.context.support.DirtiesContextTestExecutionListener, org.springframework.test.context.transaction.TransactionalTestExecutionListener, org.springframework.test.context.jdbc.SqlScriptsTestExecutionListener]
INFO  WebTestContextBootstrapper - Using TestExecutionListeners: [org.springframework.test.context.web.ServletTestExecutionListener@6edb2c7b, org.springframework.test.context.support.DirtiesContextBeforeModesTestExecutionListener@70a54731, org.springframework.test.context.support.DependencyInjectionTestExecutionListener@36d5c2ce, org.springframework.test.context.support.DirtiesContextTestExecutionListener@6369d01c, org.springframework.test.context.transaction.TransactionalTestExecutionListener@54e680fe, org.springframework.test.context.jdbc.SqlScriptsTestExecutionListener@ea0c99c]
INFO  StandaloneMockMvcBuilder$StaticRequestMappingHandlerMapping - Mapped "{[/owners/{ownerId}/pets/{petId}/visits/new],methods=[POST]}" onto public java.lang.String org.springframework.samples.petclinic.web.VisitController.processNewVisitForm(org.springframework.samples.petclinic.model.Visit,org.springframework.validation.BindingResult)
INFO  StandaloneMockMvcBuilder$StaticRequestMappingHandlerMapping - Mapped "{[/owners/*/pets/{petId}/visits/new],methods=[GET]}" onto public java.lang.String org.springframework.samples.petclinic.web.VisitController.initNewVisitForm(int,java.util.Map<java.lang.String, java.lang.Object>)
INFO  StandaloneMockMvcBuilder$StaticRequestMappingHandlerMapping - Mapped "{[/owners/*/pets/{petId}/visits],methods=[GET]}" onto public java.lang.String org.springframework.samples.petclinic.web.VisitController.showVisits(int,java.util.Map<java.lang.String, java.lang.Object>)
INFO  RequestMappingHandlerAdapter - Looking for @ControllerAdvice: org.springframework.test.web.servlet.setup.StubWebApplicationContext@58ca6ba3
INFO  MockServletContext - Initializing Spring FrameworkServlet ''
INFO  TestDispatcherServlet - FrameworkServlet '': initialization started
INFO  TestDispatcherServlet - FrameworkServlet '': initialization completed in 0 ms
Hibernate: select pet0_.id as id1_1_, pet0_.name as name2_1_, pet0_.birth_date as birth_da3_1_, pet0_.owner_id as owner_id4_1_, pet0_.type_id as type_id5_1_ from pets pet0_ where pet0_.id=?
Hibernate: select owner0_.id as id1_0_0_, owner0_.first_name as first_na2_0_0_, owner0_.last_name as last_nam3_0_0_, owner0_.address as address4_0_0_, owner0_.city as city5_0_0_, owner0_.telephone as telephon6_0_0_ from owners owner0_ where owner0_.id=?
Hibernate: select pettype0_.id as id1_3_0_, pettype0_.name as name2_3_0_ from types pettype0_ where pettype0_.id=?
Hibernate: select visits0_.pet_id as pet_id4_1_0_, visits0_.id as id1_6_0_, visits0_.id as id1_6_1_, visits0_.visit_date as visit_da2_6_1_, visits0_.description as descript3_6_1_, visits0_.pet_id as pet_id4_6_1_ from visits visits0_ where visits0_.pet_id=?
INFO  StandaloneMockMvcBuilder$StaticRequestMappingHandlerMapping - Mapped "{[/owners/{ownerId}/pets/{petId}/visits/new],methods=[POST]}" onto public java.lang.String org.springframework.samples.petclinic.web.VisitController.processNewVisitForm(org.springframework.samples.petclinic.model.Visit,org.springframework.validation.BindingResult)
INFO  StandaloneMockMvcBuilder$StaticRequestMappingHandlerMapping - Mapped "{[/owners/*/pets/{petId}/visits/new],methods=[GET]}" onto public java.lang.String org.springframework.samples.petclinic.web.VisitController.initNewVisitForm(int,java.util.Map<java.lang.String, java.lang.Object>)
INFO  StandaloneMockMvcBuilder$StaticRequestMappingHandlerMapping - Mapped "{[/owners/*/pets/{petId}/visits],methods=[GET]}" onto public java.lang.String org.springframework.samples.petclinic.web.VisitController.showVisits(int,java.util.Map<java.lang.String, java.lang.Object>)
INFO  RequestMappingHandlerAdapter - Looking for @ControllerAdvice: org.springframework.test.web.servlet.setup.StubWebApplicationContext@6a013bdd
INFO  MockServletContext - Initializing Spring FrameworkServlet ''
INFO  TestDispatcherServlet - FrameworkServlet '': initialization started
INFO  TestDispatcherServlet - FrameworkServlet '': initialization completed in 0 ms
Hibernate: select pet0_.id as id1_1_, pet0_.name as name2_1_, pet0_.birth_date as birth_da3_1_, pet0_.owner_id as owner_id4_1_, pet0_.type_id as type_id5_1_ from pets pet0_ where pet0_.id=?
Hibernate: select owner0_.id as id1_0_0_, owner0_.first_name as first_na2_0_0_, owner0_.last_name as last_nam3_0_0_, owner0_.address as address4_0_0_, owner0_.city as city5_0_0_, owner0_.telephone as telephon6_0_0_ from owners owner0_ where owner0_.id=?
Hibernate: select pettype0_.id as id1_3_0_, pettype0_.name as name2_3_0_ from types pettype0_ where pettype0_.id=?
Hibernate: select visits0_.pet_id as pet_id4_1_0_, visits0_.id as id1_6_0_, visits0_.id as id1_6_1_, visits0_.visit_date as visit_da2_6_1_, visits0_.description as descript3_6_1_, visits0_.pet_id as pet_id4_6_1_ from visits visits0_ where visits0_.pet_id=?
Hibernate: insert into visits (visit_date, description, pet_id) values (?, ?, ?)
INFO  StandaloneMockMvcBuilder$StaticRequestMappingHandlerMapping - Mapped "{[/owners/{ownerId}/pets/{petId}/visits/new],methods=[POST]}" onto public java.lang.String org.springframework.samples.petclinic.web.VisitController.processNewVisitForm(org.springframework.samples.petclinic.model.Visit,org.springframework.validation.BindingResult)
INFO  StandaloneMockMvcBuilder$StaticRequestMappingHandlerMapping - Mapped "{[/owners/*/pets/{petId}/visits/new],methods=[GET]}" onto public java.lang.String org.springframework.samples.petclinic.web.VisitController.initNewVisitForm(int,java.util.Map<java.lang.String, java.lang.Object>)
INFO  StandaloneMockMvcBuilder$StaticRequestMappingHandlerMapping - Mapped "{[/owners/*/pets/{petId}/visits],methods=[GET]}" onto public java.lang.String org.springframework.samples.petclinic.web.VisitController.showVisits(int,java.util.Map<java.lang.String, java.lang.Object>)
INFO  RequestMappingHandlerAdapter - Looking for @ControllerAdvice: org.springframework.test.web.servlet.setup.StubWebApplicationContext@34d3bfca
INFO  MockServletContext - Initializing Spring FrameworkServlet ''
INFO  TestDispatcherServlet - FrameworkServlet '': initialization started
INFO  TestDispatcherServlet - FrameworkServlet '': initialization completed in 0 ms
Hibernate: select pet0_.id as id1_1_, pet0_.name as name2_1_, pet0_.birth_date as birth_da3_1_, pet0_.owner_id as owner_id4_1_, pet0_.type_id as type_id5_1_ from pets pet0_ where pet0_.id=?
Hibernate: select owner0_.id as id1_0_0_, owner0_.first_name as first_na2_0_0_, owner0_.last_name as last_nam3_0_0_, owner0_.address as address4_0_0_, owner0_.city as city5_0_0_, owner0_.telephone as telephon6_0_0_ from owners owner0_ where owner0_.id=?
Hibernate: select pettype0_.id as id1_3_0_, pettype0_.name as name2_3_0_ from types pettype0_ where pettype0_.id=?
Hibernate: select visits0_.pet_id as pet_id4_1_0_, visits0_.id as id1_6_0_, visits0_.id as id1_6_1_, visits0_.visit_date as visit_da2_6_1_, visits0_.description as descript3_6_1_, visits0_.pet_id as pet_id4_6_1_ from visits visits0_ where visits0_.pet_id=?
Hibernate: select pet0_.id as id1_1_, pet0_.name as name2_1_, pet0_.birth_date as birth_da3_1_, pet0_.owner_id as owner_id4_1_, pet0_.type_id as type_id5_1_ from pets pet0_ where pet0_.id=?
Hibernate: select owner0_.id as id1_0_0_, owner0_.first_name as first_na2_0_0_, owner0_.last_name as last_nam3_0_0_, owner0_.address as address4_0_0_, owner0_.city as city5_0_0_, owner0_.telephone as telephon6_0_0_ from owners owner0_ where owner0_.id=?
Hibernate: select pettype0_.id as id1_3_0_, pettype0_.name as name2_3_0_ from types pettype0_ where pettype0_.id=?
Hibernate: select visits0_.pet_id as pet_id4_1_0_, visits0_.id as id1_6_0_, visits0_.id as id1_6_1_, visits0_.visit_date as visit_da2_6_1_, visits0_.description as descript3_6_1_, visits0_.pet_id as pet_id4_6_1_ from visits visits0_ where visits0_.pet_id=?
INFO  StandaloneMockMvcBuilder$StaticRequestMappingHandlerMapping - Mapped "{[/owners/{ownerId}/pets/{petId}/visits/new],methods=[POST]}" onto public java.lang.String org.springframework.samples.petclinic.web.VisitController.processNewVisitForm(org.springframework.samples.petclinic.model.Visit,org.springframework.validation.BindingResult)
INFO  StandaloneMockMvcBuilder$StaticRequestMappingHandlerMapping - Mapped "{[/owners/*/pets/{petId}/visits/new],methods=[GET]}" onto public java.lang.String org.springframework.samples.petclinic.web.VisitController.initNewVisitForm(int,java.util.Map<java.lang.String, java.lang.Object>)
INFO  StandaloneMockMvcBuilder$StaticRequestMappingHandlerMapping - Mapped "{[/owners/*/pets/{petId}/visits],methods=[GET]}" onto public java.lang.String org.springframework.samples.petclinic.web.VisitController.showVisits(int,java.util.Map<java.lang.String, java.lang.Object>)
INFO  RequestMappingHandlerAdapter - Looking for @ControllerAdvice: org.springframework.test.web.servlet.setup.StubWebApplicationContext@e1c91cd
INFO  MockServletContext - Initializing Spring FrameworkServlet ''
INFO  TestDispatcherServlet - FrameworkServlet '': initialization started
INFO  TestDispatcherServlet - FrameworkServlet '': initialization completed in 0 ms
Hibernate: select pet0_.id as id1_1_, pet0_.name as name2_1_, pet0_.birth_date as birth_da3_1_, pet0_.owner_id as owner_id4_1_, pet0_.type_id as type_id5_1_ from pets pet0_ where pet0_.id=?
Hibernate: select owner0_.id as id1_0_0_, owner0_.first_name as first_na2_0_0_, owner0_.last_name as last_nam3_0_0_, owner0_.address as address4_0_0_, owner0_.city as city5_0_0_, owner0_.telephone as telephon6_0_0_ from owners owner0_ where owner0_.id=?
Hibernate: select pettype0_.id as id1_3_0_, pettype0_.name as name2_3_0_ from types pettype0_ where pettype0_.id=?
Hibernate: select visits0_.pet_id as pet_id4_1_0_, visits0_.id as id1_6_0_, visits0_.id as id1_6_1_, visits0_.visit_date as visit_da2_6_1_, visits0_.description as descript3_6_1_, visits0_.pet_id as pet_id4_6_1_ from visits visits0_ where visits0_.pet_id=?
Tests run: 4, Failures: 0, Errors: 0, Skipped: 0, Time elapsed: 0.106 sec
INFO  GenericApplicationContext - Closing org.springframework.context.support.GenericApplicationContext@282308c3: startup date [Fri Jan 02 22:46:16 IST 2026]; root of context hierarchy
INFO  GenericApplicationContext - Closing org.springframework.context.support.GenericApplicationContext@54bff557: startup date [Fri Jan 02 22:46:15 IST 2026]; root of context hierarchy
INFO  GenericApplicationContext - Closing org.springframework.context.support.GenericApplicationContext@546394ed: startup date [Fri Jan 02 22:46:18 IST 2026]; root of context hierarchy
INFO  GenericWebApplicationContext - Closing org.springframework.web.context.support.GenericWebApplicationContext@2d4a3e13: startup date [Fri Jan 02 22:46:19 IST 2026]; root of context hierarchy
INFO  LocalContainerEntityManagerFactoryBean - Closing JPA EntityManagerFactory for persistence unit 'petclinic'
INFO  LocalContainerEntityManagerFactoryBean - Closing JPA EntityManagerFactory for persistence unit 'petclinic'
INFO  AnnotationMBeanExporter - Unregistering JMX-exposed beans on shutdown
INFO  AnnotationMBeanExporter - Unregistering JMX-exposed beans
INFO  EhCacheManagerFactoryBean - Shutting down EhCache CacheManager
INFO  LocalContainerEntityManagerFactoryBean - Closing JPA EntityManagerFactory for persistence unit 'petclinic'

Results :

Failed tests: 
  ClinicServiceJdbcTests>AbstractClinicServiceTests.shouldFindSingleOwnerWithPet:70 
Expecting:
 <"Bloggs">
to start with:
 <"Franklin">

  ClinicServiceJpaTests>AbstractClinicServiceTests.shouldFindSingleOwnerWithPet:70 
Expecting:
 <"Bloggs">
to start with:
 <"Franklin">

  ClinicServiceSpringDataJpaTests>AbstractClinicServiceTests.shouldFindSingleOwnerWithPet:70 
Expecting:
 <"Bloggs">
to start with:
 <"Franklin">


Tests run: 59, Failures: 3, Errors: 0, Skipped: 0

[ERROR] Failed to execute goal org.apache.maven.plugins:maven-surefire-plugin:2.13:test (default-test) on project jboss-spring-petclinic: There are test failures.
[ERROR] 
[ERROR] Please refer to C:\petclinic\spring-petclinic\target\surefire-reports for the individual test results.
[ERROR] -> [Help 1]
[ERROR] 
[ERROR] To see the full stack trace of the errors, re-run Maven with the -e switch.
[ERROR] Re-run Maven using the -X switch to enable full debug logging.
[ERROR] 
[ERROR] For more information about the errors and possible solutions, please read the following articles:
[ERROR] [Help 1] http://cwiki.apache.org/confluence/display/MAVEN/MojoFailureException
